Archive member included to satisfy reference by file (symbol)

d:/gcc-arm-none-eabi-10.3-2021.10/bin/../lib/gcc/arm-none-eabi/10.3.1/../../../../arm-none-eabi/lib/thumb/v7e-m+fp/hard\libm.a(lib_a-s_cos.o)
                              CMakeFiles/Classis_Board.elf.dir/module/M_Chassis.cpp.obj (cos)
d:/gcc-arm-none-eabi-10.3-2021.10/bin/../lib/gcc/arm-none-eabi/10.3.1/../../../../arm-none-eabi/lib/thumb/v7e-m+fp/hard\libm.a(lib_a-s_sin.o)
                              CMakeFiles/Classis_Board.elf.dir/module/M_Chassis.cpp.obj (sin)
d:/gcc-arm-none-eabi-10.3-2021.10/bin/../lib/gcc/arm-none-eabi/10.3.1/../../../../arm-none-eabi/lib/thumb/v7e-m+fp/hard\libm.a(lib_a-e_rem_pio2.o)
                              d:/gcc-arm-none-eabi-10.3-2021.10/bin/../lib/gcc/arm-none-eabi/10.3.1/../../../../arm-none-eabi/lib/thumb/v7e-m+fp/hard\libm.a(lib_a-s_cos.o) (__ieee754_rem_pio2)
d:/gcc-arm-none-eabi-10.3-2021.10/bin/../lib/gcc/arm-none-eabi/10.3.1/../../../../arm-none-eabi/lib/thumb/v7e-m+fp/hard\libm.a(lib_a-k_cos.o)
                              d:/gcc-arm-none-eabi-10.3-2021.10/bin/../lib/gcc/arm-none-eabi/10.3.1/../../../../arm-none-eabi/lib/thumb/v7e-m+fp/hard\libm.a(lib_a-s_cos.o) (__kernel_cos)
d:/gcc-arm-none-eabi-10.3-2021.10/bin/../lib/gcc/arm-none-eabi/10.3.1/../../../../arm-none-eabi/lib/thumb/v7e-m+fp/hard\libm.a(lib_a-k_rem_pio2.o)
                              d:/gcc-arm-none-eabi-10.3-2021.10/bin/../lib/gcc/arm-none-eabi/10.3.1/../../../../arm-none-eabi/lib/thumb/v7e-m+fp/hard\libm.a(lib_a-e_rem_pio2.o) (__kernel_rem_pio2)
d:/gcc-arm-none-eabi-10.3-2021.10/bin/../lib/gcc/arm-none-eabi/10.3.1/../../../../arm-none-eabi/lib/thumb/v7e-m+fp/hard\libm.a(lib_a-k_sin.o)
                              d:/gcc-arm-none-eabi-10.3-2021.10/bin/../lib/gcc/arm-none-eabi/10.3.1/../../../../arm-none-eabi/lib/thumb/v7e-m+fp/hard\libm.a(lib_a-s_cos.o) (__kernel_sin)
d:/gcc-arm-none-eabi-10.3-2021.10/bin/../lib/gcc/arm-none-eabi/10.3.1/../../../../arm-none-eabi/lib/thumb/v7e-m+fp/hard\libm.a(lib_a-s_fabs.o)
                              d:/gcc-arm-none-eabi-10.3-2021.10/bin/../lib/gcc/arm-none-eabi/10.3.1/../../../../arm-none-eabi/lib/thumb/v7e-m+fp/hard\libm.a(lib_a-e_rem_pio2.o) (fabs)
d:/gcc-arm-none-eabi-10.3-2021.10/bin/../lib/gcc/arm-none-eabi/10.3.1/../../../../arm-none-eabi/lib/thumb/v7e-m+fp/hard\libm.a(lib_a-s_floor.o)
                              d:/gcc-arm-none-eabi-10.3-2021.10/bin/../lib/gcc/arm-none-eabi/10.3.1/../../../../arm-none-eabi/lib/thumb/v7e-m+fp/hard\libm.a(lib_a-k_rem_pio2.o) (floor)
d:/gcc-arm-none-eabi-10.3-2021.10/bin/../lib/gcc/arm-none-eabi/10.3.1/../../../../arm-none-eabi/lib/thumb/v7e-m+fp/hard\libm.a(lib_a-s_scalbn.o)
                              d:/gcc-arm-none-eabi-10.3-2021.10/bin/../lib/gcc/arm-none-eabi/10.3.1/../../../../arm-none-eabi/lib/thumb/v7e-m+fp/hard\libm.a(lib_a-k_rem_pio2.o) (scalbn)
d:/gcc-arm-none-eabi-10.3-2021.10/bin/../lib/gcc/arm-none-eabi/10.3.1/thumb/v7e-m+fp/hard\libgcc.a(_arm_muldf3.o)
                              d:/gcc-arm-none-eabi-10.3-2021.10/bin/../lib/gcc/arm-none-eabi/10.3.1/../../../../arm-none-eabi/lib/thumb/v7e-m+fp/hard\libm.a(lib_a-e_rem_pio2.o) (__aeabi_dmul)
d:/gcc-arm-none-eabi-10.3-2021.10/bin/../lib/gcc/arm-none-eabi/10.3.1/thumb/v7e-m+fp/hard\libgcc.a(_arm_addsubdf3.o)
                              d:/gcc-arm-none-eabi-10.3-2021.10/bin/../lib/gcc/arm-none-eabi/10.3.1/../../../../arm-none-eabi/lib/thumb/v7e-m+fp/hard\libm.a(lib_a-s_cos.o) (__aeabi_dsub)
d:/gcc-arm-none-eabi-10.3-2021.10/bin/../lib/gcc/arm-none-eabi/10.3.1/thumb/v7e-m+fp/hard\libgcc.a(_arm_cmpdf2.o)
                              d:/gcc-arm-none-eabi-10.3-2021.10/bin/../lib/gcc/arm-none-eabi/10.3.1/../../../../arm-none-eabi/lib/thumb/v7e-m+fp/hard\libm.a(lib_a-e_rem_pio2.o) (__aeabi_dcmpeq)
d:/gcc-arm-none-eabi-10.3-2021.10/bin/../lib/gcc/arm-none-eabi/10.3.1/thumb/v7e-m+fp/hard\libgcc.a(_arm_fixdfsi.o)
                              d:/gcc-arm-none-eabi-10.3-2021.10/bin/../lib/gcc/arm-none-eabi/10.3.1/../../../../arm-none-eabi/lib/thumb/v7e-m+fp/hard\libm.a(lib_a-e_rem_pio2.o) (__aeabi_d2iz)
d:/gcc-arm-none-eabi-10.3-2021.10/bin/../lib/gcc/arm-none-eabi/10.3.1/thumb/v7e-m+fp/hard\libgcc.a(_arm_truncdfsf2.o)
                              CMakeFiles/Classis_Board.elf.dir/module/M_Chassis.cpp.obj (__aeabi_d2f)
d:/gcc-arm-none-eabi-10.3-2021.10/bin/../lib/gcc/arm-none-eabi/10.3.1/thumb/v7e-m+fp/hard\libgcc.a(_aeabi_uldivmod.o)
                              CMakeFiles/Classis_Board.elf.dir/Drivers/STM32F4xx_HAL_Driver/Src/stm32f4xx_hal_rcc.c.obj (__aeabi_uldivmod)
d:/gcc-arm-none-eabi-10.3-2021.10/bin/../lib/gcc/arm-none-eabi/10.3.1/thumb/v7e-m+fp/hard\libgcc.a(_udivmoddi4.o)
                              d:/gcc-arm-none-eabi-10.3-2021.10/bin/../lib/gcc/arm-none-eabi/10.3.1/thumb/v7e-m+fp/hard\libgcc.a(_aeabi_uldivmod.o) (__udivmoddi4)
d:/gcc-arm-none-eabi-10.3-2021.10/bin/../lib/gcc/arm-none-eabi/10.3.1/thumb/v7e-m+fp/hard\libgcc.a(unwind-arm.o)
[...]
Memory Configuration

Name             Origin             Length             Attributes
RAM              0x20000000         0x00020000         xrw
CCMRAM           0x10000000         0x00010000         xrw
FLASH            0x08000000         0x00100000         xr
*default*        0x00000000         0xffffffff

Linker script and memory map

LOAD d:/gcc-arm-none-eabi-10.3-2021.10/bin/../lib/gcc/arm-none-eabi/10.3.1/thumb/v7e-m+fp/hard/crti.o
LOAD d:/gcc-arm-none-eabi-10.3-2021.10/bin/../lib/gcc/arm-none-eabi/10.3.1/thumb/v7e-m+fp/hard/crtbegin.o
LOAD d:/gcc-arm-none-eabi-10.3-2021.10/bin/../lib/gcc/arm-none-eabi/10.3.1/../../../../arm-none-eabi/lib/thumb/v7e-m+fp/hard/crt0.o
LOAD CMakeFiles/Classis_Board.elf.dir/APP/CAN_receive.cpp.obj
LOAD CMakeFiles/Classis_Board.elf.dir/APP/System_Config.cpp.obj
LOAD CMakeFiles/Classis_Board.elf.dir/APP/chassis_task.cpp.obj
LOAD CMakeFiles/Classis_Board.elf.dir/Drivers/STM32F4xx_HAL_Driver/Src/stm32f4xx_hal.c.obj
LOAD CMakeFiles/Classis_Board.elf.dir/Drivers/STM32F4xx_HAL_Driver/Src/stm32f4xx_hal_adc.c.obj
LOAD CMakeFiles/Classis_Board.elf.dir/Drivers/STM32F4xx_HAL_Driver/Src/stm32f4xx_hal_adc_ex.c.obj
LOAD CMakeFiles/Classis_Board.elf.dir/Drivers/STM32F4xx_HAL_Driver/Src/stm32f4xx_hal_can.c.obj
LOAD CMakeFiles/Classis_Board.elf.dir/Drivers/STM32F4xx_HAL_Driver/Src/stm32f4xx_hal_cortex.c.obj
LOAD CMakeFiles/Classis_Board.elf.dir/Drivers/STM32F4xx_HAL_Driver/Src/stm32f4xx_hal_crc.c.obj
LOAD CMakeFiles/Classis_Board.elf.dir/Drivers/STM32F4xx_HAL_Driver/Src/stm32f4xx_hal_dma.c.obj
LOAD CMakeFiles/Classis_Board.elf.dir/Drivers/STM32F4xx_HAL_Driver/Src/stm32f4xx_hal_dma_ex.c.obj
LOAD CMakeFiles/Classis_Board.elf.dir/Drivers/STM32F4xx_HAL_Driver/Src/stm32f4xx_hal_exti.c.obj
LOAD CMakeFiles/Classis_Board.elf.dir/Drivers/STM32F4xx_HAL_Driver/Src/stm32f4xx_hal_flash.c.obj
LOAD CMakeFiles/Classis_Board.elf.dir/Drivers/STM32F4xx_HAL_Driver/Src/stm32f4xx_hal_flash_ex.c.obj
LOAD CMakeFiles/Classis_Board.elf.dir/Drivers/STM32F4xx_HAL_Driver/Src/stm32f4xx_hal_flash_ramfunc.c.obj
LOAD CMakeFiles/Classis_Board.elf.dir/Drivers/STM32F4xx_HAL_Driver/Src/stm32f4xx_hal_gpio.c.obj
LOAD CMakeFiles/Classis_Board.elf.dir/Drivers/STM32F4xx_HAL_Driver/Src/stm32f4xx_hal_i2c.c.obj
LOAD CMakeFiles/Classis_Board.elf.dir/Drivers/STM32F4xx_HAL_Driver/Src/stm32f4xx_hal_i2c_ex.c.obj
LOAD CMakeFiles/Classis_Board.elf.dir/Drivers/STM32F4xx_HAL_Driver/Src/stm32f4xx_hal_pcd.c.obj
LOAD CMakeFiles/Classis_Board.elf.dir/Drivers/STM32F4xx_HAL_Driver/Src/stm32f4xx_hal_pcd_ex.c.obj
LOAD CMakeFiles/Classis_Board.elf.dir/Drivers/STM32F4xx_HAL_Driver/Src/stm32f4xx_hal_pwr.c.obj
LOAD CMakeFiles/Classis_Board.elf.dir/Drivers/STM32F4xx_HAL_Driver/Src/stm32f4xx_hal_pwr_ex.c.obj
LOAD CMakeFiles/Classis_Board.elf.dir/Drivers/STM32F4xx_HAL_Driver/Src/stm32f4xx_hal_rcc.c.obj
LOAD CMakeFiles/Classis_Board.elf.dir/Drivers/STM32F4xx_HAL_Driver/Src/stm32f4xx_hal_rcc_ex.c.obj
LOAD CMakeFiles/Classis_Board.elf.dir/Drivers/STM32F4xx_HAL_Driver/Src/stm32f4xx_hal_rng.c.obj
LOAD CMakeFiles/Classis_Board.elf.dir/Drivers/STM32F4xx_HAL_Driver/Src/stm32f4xx_hal_rtc.c.obj
LOAD CMakeFiles/Classis_Board.elf.dir/Drivers/STM32F4xx_HAL_Driver/Src/stm32f4xx_hal_rtc_ex.c.obj
LOAD CMakeFiles/Classis_Board.elf.dir/Drivers/STM32F4xx_HAL_Driver/Src/stm32f4xx_hal_spi.c.obj
LOAD CMakeFiles/Classis_Board.elf.dir/Drivers/STM32F4xx_HAL_Driver/Src/stm32f4xx_hal_tim.c.obj
LOAD CMakeFiles/Classis_Board.elf.dir/Drivers/STM32F4xx_HAL_Driver/Src/stm32f4xx_hal_tim_ex.c.obj
LOAD CMakeFiles/Classis_Board.elf.dir/Drivers/STM32F4xx_HAL_Driver/Src/stm32f4xx_hal_uart.c.obj
LOAD CMakeFiles/Classis_Board.elf.dir/Drivers/STM32F4xx_HAL_Driver/Src/stm32f4xx_ll_usb.c.obj
LOAD CMakeFiles/Classis_Board.elf.dir/Middlewares/ST/STM32_USB_Device_Library/Class/CDC/Src/usbd_cdc.c.obj
LOAD CMakeFiles/Classis_Board.elf.dir/Middlewares/ST/STM32_USB_Device_Library/Core/Src/usbd_core.c.obj
LOAD CMakeFiles/Classis_Board.elf.dir/Middlewares/ST/STM32_USB_Device_Library/Core/Src/usbd_ctlreq.c.obj
LOAD CMakeFiles/Classis_Board.elf.dir/Middlewares/ST/STM32_USB_Device_Library/Core/Src/usbd_ioreq.c.obj
LOAD CMakeFiles/Classis_Board.elf.dir/Middlewares/Third_Party/FreeRTOS/Source/CMSIS_RTOS/cmsis_os.c.obj
LOAD CMakeFiles/Classis_Board.elf.dir/Middlewares/Third_Party/FreeRTOS/Source/croutine.c.obj
LOAD CMakeFiles/Classis_Board.elf.dir/Middlewares/Third_Party/FreeRTOS/Source/event_groups.c.obj
LOAD CMakeFiles/Classis_Board.elf.dir/Middlewares/Third_Party/FreeRTOS/Source/list.c.obj
LOAD CMakeFiles/Classis_Board.elf.dir/Middlewares/Third_Party/FreeRTOS/Source/portable/GCC/ARM_CM4F/port.c.obj
LOAD CMakeFiles/Classis_Board.elf.dir/Middlewares/Third_Party/FreeRTOS/Source/portable/MemMang/heap_4.c.obj
LOAD CMakeFiles/Classis_Board.elf.dir/Middlewares/Third_Party/FreeRTOS/Source/queue.c.obj
LOAD CMakeFiles/Classis_Board.elf.dir/Middlewares/Third_Party/FreeRTOS/Source/stream_buffer.c.obj
LOAD CMakeFiles/Classis_Board.elf.dir/Middlewares/Third_Party/FreeRTOS/Source/tasks.c.obj
LOAD CMakeFiles/Classis_Board.elf.dir/Middlewares/Third_Party/FreeRTOS/Source/timers.c.obj
LOAD CMakeFiles/Classis_Board.elf.dir/Src/adc.c.obj
LOAD CMakeFiles/Classis_Board.elf.dir/Src/can.c.obj
LOAD CMakeFiles/Classis_Board.elf.dir/Src/crc.c.obj
LOAD CMakeFiles/Classis_Board.elf.dir/Src/dma.c.obj
LOAD CMakeFiles/Classis_Board.elf.dir/Src/freertos.c.obj
LOAD CMakeFiles/Classis_Board.elf.dir/Src/gpio.c.obj
LOAD CMakeFiles/Classis_Board.elf.dir/Src/i2c.c.obj
LOAD CMakeFiles/Classis_Board.elf.dir/Src/main.c.obj
LOAD CMakeFiles/Classis_Board.elf.dir/Src/rng.c.obj
LOAD CMakeFiles/Classis_Board.elf.dir/Src/rtc.c.obj
LOAD CMakeFiles/Classis_Board.elf.dir/Src/spi.c.obj
LOAD CMakeFiles/Classis_Board.elf.dir/Src/stm32f4xx_hal_msp.c.obj
LOAD CMakeFiles/Classis_Board.elf.dir/Src/stm32f4xx_it.c.obj
LOAD CMakeFiles/Classis_Board.elf.dir/Src/syscalls.c.obj
LOAD CMakeFiles/Classis_Board.elf.dir/Src/system_stm32f4xx.c.obj
LOAD CMakeFiles/Classis_Board.elf.dir/Src/tim.c.obj
LOAD CMakeFiles/Classis_Board.elf.dir/Src/usart.c.obj
LOAD CMakeFiles/Classis_Board.elf.dir/Src/usb_device.c.obj
LOAD CMakeFiles/Classis_Board.elf.dir/Src/usbd_cdc_if.c.obj
LOAD CMakeFiles/Classis_Board.elf.dir/Src/usbd_conf.c.obj
LOAD CMakeFiles/Classis_Board.elf.dir/Src/usbd_desc.c.obj
LOAD CMakeFiles/Classis_Board.elf.dir/hardware/bsp_can.c.obj
LOAD CMakeFiles/Classis_Board.elf.dir/hardware/bsp_usart.cpp.obj
LOAD CMakeFiles/Classis_Board.elf.dir/hardware/buzzer.cpp.obj
LOAD CMakeFiles/Classis_Board.elf.dir/hardware/led.cpp.obj
LOAD CMakeFiles/Classis_Board.elf.dir/module/M_Chassis.cpp.obj
LOAD CMakeFiles/Classis_Board.elf.dir/module/first_order_filter.cpp.obj
LOAD CMakeFiles/Classis_Board.elf.dir/module/motor_3508.cpp.obj
LOAD CMakeFiles/Classis_Board.elf.dir/module/motor_6020.cpp.obj
LOAD CMakeFiles/Classis_Board.elf.dir/module/motor_measure.cpp.obj
LOAD CMakeFiles/Classis_Board.elf.dir/module/pid.cpp.obj
LOAD CMakeFiles/Classis_Board.elf.dir/module/remote_control.cpp.obj
LOAD CMakeFiles/Classis_Board.elf.dir/module/remote_data.c.obj
LOAD CMakeFiles/Classis_Board.elf.dir/module/user_lib.cpp.obj
LOAD CMakeFiles/Classis_Board.elf.dir/startup/startup_stm32f407xx.s.obj
LOAD d:/gcc-arm-none-eabi-10.3-2021.10/bin/../lib/gcc/arm-none-eabi/10.3.1/../../../../arm-none-eabi/lib/thumb/v7e-m+fp/hard\libstdc++.a
LOAD d:/gcc-arm-none-eabi-10.3-2021.10/bin/../lib/gcc/arm-none-eabi/10.3.1/../../../../arm-none-eabi/lib/thumb/v7e-m+fp/hard\libm.a
START GROUP
LOAD d:/gcc-arm-none-eabi-10.3-2021.10/bin/../lib/gcc/arm-none-eabi/10.3.1/thumb/v7e-m+fp/hard\libgcc.a
LOAD d:/gcc-arm-none-eabi-10.3-2021.10/bin/../lib/gcc/arm-none-eabi/10.3.1/../../../../arm-none-eabi/lib/thumb/v7e-m+fp/hard\libg.a
LOAD d:/gcc-arm-none-eabi-10.3-2021.10/bin/../lib/gcc/arm-none-eabi/10.3.1/../../../../arm-none-eabi/lib/thumb/v7e-m+fp/hard\libc.a
END GROUP
LOAD d:/gcc-arm-none-eabi-10.3-2021.10/bin/../lib/gcc/arm-none-eabi/10.3.1/thumb/v7e-m+fp/hard/crtend.o
LOAD d:/gcc-arm-none-eabi-10.3-2021.10/bin/../lib/gcc/arm-none-eabi/10.3.1/thumb/v7e-m+fp/hard/crtn.o
                0x20020000                _estack = 0x20020000
                0x00002000                _Min_Heap_Size = 0x2000
                0x00002000                _Min_Stack_Size = 0x2000

.isr_vector     0x08000000      0x188
                0x08000000                . = ALIGN (0x4)
 *(.isr_vector)
 .isr_vector    0x08000000      0x188 CMakeFiles/Classis_Board.elf.dir/startup/startup_stm32f407xx.s.obj
                0x08000000                g_pfnVectors
                0x08000188                . = ALIGN (0x4)

.text           0x08000190     0xb578
                0x08000190                . = ALIGN (0x4)
 *(.text)
 .text          0x08000190       0x40 d:/gcc-arm-none-eabi-10.3-2021.10/bin/../lib/gcc/arm-none-eabi/10.3.1/thumb/v7e-m+fp/hard/crtbegin.o
 .text          0x080001d0      0x254 d:/gcc-arm-none-eabi-10.3-2021.10/bin/../lib/gcc/arm-none-eabi/10.3.1/thumb/v7e-m+fp/hard\libgcc.a(_arm_muldf3.o)
                0x080001d0                __muldf3
                0x080001d0                __aeabi_dmul
 .text          0x08000424      0x378 d:/gcc-arm-none-eabi-10.3-2021.10/bin/../lib/gcc/arm-none-eabi/10.3.1/thumb/v7e-m+fp/hard\libgcc.a(_arm_addsubdf3.o)
                0x08000424                __aeabi_drsub
                0x0800042c                __aeabi_dsub
                0x0800042c                __subdf3
                0x08000430                __aeabi_dadd
                0x08000430                __adddf3
                0x080006a8                __floatunsidf
                0x080006a8                __aeabi_ui2d
                0x080006c8                __floatsidf
                0x080006c8                __aeabi_i2d
                0x080006ec                __aeabi_f2d
                0x080006ec                __extendsfdf2
                0x08000730                __floatundidf
                0x08000730                __aeabi_ul2d
                0x08000740                __floatdidf
                0x08000740                __aeabi_l2d
 .text          0x0800079c      0x110 d:/gcc-arm-none-eabi-10.3-2021.10/bin/../lib/gcc/arm-none-eabi/10.3.1/thumb/v7e-m+fp/hard\libgcc.a(_arm_cmpdf2.o)
                0x0800079c                __gtdf2
                0x0800079c                __gedf2
                0x080007a4                __ltdf2
                0x080007a4                __ledf2
                0x080007ac                __nedf2
                0x080007ac                __eqdf2
                0x080007ac                __cmpdf2
                0x08000828                __aeabi_cdrcmple
                0x08000838                __aeabi_cdcmpeq
                0x08000838                __aeabi_cdcmple
                0x08000848                __aeabi_dcmpeq
                0x0800085c                __aeabi_dcmplt
                0x08000870                __aeabi_dcmple
                0x08000884                __aeabi_dcmpge
                0x08000898                __aeabi_dcmpgt
 .text          0x080008ac       0x50 d:/gcc-arm-none-eabi-10.3-2021.10/bin/../lib/gcc/arm-none-eabi/10.3.1/thumb/v7e-m+fp/hard\libgcc.a(_arm_fixdfsi.o)
                0x080008ac                __aeabi_d2iz
                0x080008ac                __fixdfsi
 .text          0x080008fc       0xa0 d:/gcc-arm-none-eabi-10.3-2021.10/bin/../lib/gcc/arm-none-eabi/10.3.1/thumb/v7e-m+fp/hard\libgcc.a(_arm_truncdfsf2.o)
                0x080008fc                __truncdfsf2
                0x080008fc                __aeabi_d2f
 .text          0x0800099c       0x30 d:/gcc-arm-none-eabi-10.3-2021.10/bin/../lib/gcc/arm-none-eabi/10.3.1/thumb/v7e-m+fp/hard\libgcc.a(_aeabi_uldivmod.o)
                0x0800099c                __aeabi_uldivmod
 .text          0x080009cc      0x2d0 d:/gcc-arm-none-eabi-10.3-2021.10/bin/../lib/gcc/arm-none-eabi/10.3.1/thumb/v7e-m+fp/hard\libgcc.a(_udivmoddi4.o)
                0x080009cc                __udivmoddi4
 .text          0x08000c9c      0x9d8 d:/gcc-arm-none-eabi-10.3-2021.10/bin/../lib/gcc/arm-none-eabi/10.3.1/thumb/v7e-m+fp/hard\libgcc.a(unwind-arm.o)
                0x08000f44                _Unwind_GetCFA
                0x08000f48                __gnu_Unwind_RaiseException
                0x08000fb0                __gnu_Unwind_ForcedUnwind
                0x08000fc0                __gnu_Unwind_Resume
                0x08001004                __gnu_Unwind_Resume_or_Rethrow
                0x08001014                _Unwind_Complete
                0x08001018                _Unwind_DeleteException
                0x08001024                _Unwind_VRS_Get
                0x08001070                _Unwind_VRS_Set
                0x080010b8                __gnu_Unwind_Backtrace
                0x080013e4                __aeabi_unwind_cpp_pr0
                0x080013e8                __aeabi_unwind_cpp_pr1
                0x080013ec                __aeabi_unwind_cpp_pr2
                0x080013f0                _Unwind_VRS_Pop
 .text          0x08001674      0x1ac d:/gcc-arm-none-eabi-10.3-2021.10/bin/../lib/gcc/arm-none-eabi/10.3.1/thumb/v7e-m+fp/hard\libgcc.a(libunwind.o)
                0x08001674                __restore_core_regs
                0x08001674                restore_core_regs
                0x0800168c                __gnu_Unwind_Restore_VFP
                0x08001694                __gnu_Unwind_Save_VFP
                0x0800169c                __gnu_Unwind_Restore_VFP_D
                0x080016a4                __gnu_Unwind_Save_VFP_D
                0x080016ac                __gnu_Unwind_Restore_VFP_D_16_to_31
                0x080016b4                __gnu_Unwind_Save_VFP_D_16_to_31
                0x080016bc                __gnu_Unwind_Restore_WMMXD
                0x08001700                __gnu_Unwind_Save_WMMXD
                0x08001744                __gnu_Unwind_Restore_WMMXC
                0x08001758                __gnu_Unwind_Save_WMMXC
                0x0800176c                ___Unwind_RaiseException
                0x0800176c                _Unwind_RaiseException
                0x08001790                _Unwind_Resume
                0x08001790                ___Unwind_Resume
                0x080017b4                _Unwind_Resume_or_Rethrow
                0x080017b4                ___Unwind_Resume_or_Rethrow
                0x080017d8                _Unwind_ForcedUnwind
                0x080017d8                ___Unwind_ForcedUnwind
                0x080017fc                ___Unwind_Backtrace
                0x080017fc                _Unwind_Backtrace
 .text          0x08001820      0x350 d:/gcc-arm-none-eabi-10.3-2021.10/bin/../lib/gcc/arm-none-eabi/10.3.1/thumb/v7e-m+fp/hard\libgcc.a(pr-support.o)
                0x08001878                __gnu_unwind_execute
                0x08001b24                __gnu_unwind_frame
                0x08001b50                _Unwind_GetRegionStart
                0x08001b5c                _Unwind_GetLanguageSpecificData
 .text          0x08001b70        0x4 d:/gcc-arm-none-eabi-10.3-2021.10/bin/../lib/gcc/arm-none-eabi/10.3.1/thumb/v7e-m+fp/hard\libgcc.a(_dvmd_tls.o)
                0x08001b70                __aeabi_idiv0
                0x08001b70                __aeabi_ldiv0
 .text          0x08001b74      0x134 d:/gcc-arm-none-eabi-10.3-2021.10/bin/../lib/gcc/arm-none-eabi/10.3.1/../../../../arm-none-eabi/lib/thumb/v7e-m+fp/hard\libg.a(lib_a-memcpy.o)
                0x08001b74                memcpy
 *(.text*)
 .text._ZN11CAN_receive31get_chassis_motor_measure_pointEh
                0x08001ca8       0x10 CMakeFiles/Classis_Board.elf.dir/APP/CAN_receive.cpp.obj
                0x08001ca8                CAN_receive::get_chassis_motor_measure_point(unsigned char)
 .text._ZN11CAN_receive15CAN_cmd_chassisEssss
                0x08001cb8       0x4c CMakeFiles/Classis_Board.elf.dir/APP/CAN_receive.cpp.obj
                0x08001cb8                CAN_receive::CAN_cmd_chassis(short, short, short, short)
 .text.HAL_CAN_RxFifo0MsgPendingCallback
                0x08001d04       0x44 CMakeFiles/Classis_Board.elf.dir/APP/CAN_receive.cpp.obj
                0x08001d04                HAL_CAN_RxFifo0MsgPendingCallback
 .text.Task_start
                0x08001d48       0x2c CMakeFiles/Classis_Board.elf.dir/APP/System_Config.cpp.obj
                0x08001d48                Task_start
 .text._Z12chassis_taskPv
                0x08001d74       0x64 CMakeFiles/Classis_Board.elf.dir/APP/chassis_task.cpp.obj
                0x08001d74                chassis_task(void*)
 .text.HAL_InitTick
                0x08001dd8       0x4c CMakeFiles/Classis_Board.elf.dir/Drivers/STM32F4xx_HAL_Driver/Src/stm32f4xx_hal.c.obj
                0x08001dd8                HAL_InitTick
 .text.HAL_Init
                0x08001e24       0x34 CMakeFiles/Classis_Board.elf.dir/Drivers/STM32F4xx_HAL_Driver/Src/stm32f4xx_hal.c.obj
                0x08001e24                HAL_Init
 .text.HAL_IncTick
                0x08001e58       0x18 CMakeFiles/Classis_Board.elf.dir/Drivers/STM32F4xx_HAL_Driver/Src/stm32f4xx_hal.c.obj
                0x08001e58                HAL_IncTick
 .text.HAL_GetTick
                0x08001e70        0xc CMakeFiles/Classis_Board.elf.dir/Drivers/STM32F4xx_HAL_Driver/Src/stm32f4xx_hal.c.obj
                0x08001e70                HAL_GetTick
 .text.ADC_Init
                0x08001e7c      0x134 CMakeFiles/Classis_Board.elf.dir/Drivers/STM32F4xx_HAL_Driver/Src/stm32f4xx_hal_adc.c.obj
 .text.HAL_ADC_Init
                0x08001fb0       0x56 CMakeFiles/Classis_Board.elf.dir/Drivers/STM32F4xx_HAL_Driver/Src/stm32f4xx_hal_adc.c.obj
                0x08001fb0                HAL_ADC_Init
 *fill*         0x08002006        0x2 
 .text.HAL_ADC_ConfigChannel
                0x08002008      0x198 CMakeFiles/Classis_Board.elf.dir/Drivers/STM32F4xx_HAL_Driver/Src/stm32f4xx_hal_adc.c.obj
                0x08002008                HAL_ADC_ConfigChannel
 .text.HAL_CAN_Init
                0x080021a0      0x14c CMakeFiles/Classis_Board.elf.dir/Drivers/STM32F4xx_HAL_Driver/Src/stm32f4xx_hal_can.c.obj
                0x080021a0                HAL_CAN_Init
 .text.HAL_CAN_ConfigFilter
                0x080022ec      0x138 CMakeFiles/Classis_Board.elf.dir/Drivers/STM32F4xx_HAL_Driver/Src/stm32f4xx_hal_can.c.obj
                0x080022ec                HAL_CAN_ConfigFilter
 .text.HAL_CAN_Start
                0x08002424       0x5c CMakeFiles/Classis_Board.elf.dir/Drivers/STM32F4xx_HAL_Driver/Src/stm32f4xx_hal_can.c.obj
                0x08002424                HAL_CAN_Start
 .text.HAL_CAN_AddTxMessage
                0x08002480       0xfc CMakeFiles/Classis_Board.elf.dir/Drivers/STM32F4xx_HAL_Driver/Src/stm32f4xx_hal_can.c.obj
                0x08002480                HAL_CAN_AddTxMessage
 .text.HAL_CAN_GetRxMessage
                0x0800257c      0x14a CMakeFiles/Classis_Board.elf.dir/Drivers/STM32F4xx_HAL_Driver/Src/stm32f4xx_hal_can.c.obj
                0x0800257c                HAL_CAN_GetRxMessage
 .text.HAL_CAN_ActivateNotification
                0x080026c6       0x24 CMakeFiles/Classis_Board.elf.dir/Drivers/STM32F4xx_HAL_Driver/Src/stm32f4xx_hal_can.c.obj
                0x080026c6                HAL_CAN_ActivateNotification
 .text.HAL_CAN_TxMailbox0CompleteCallback
                0x080026ea        0x2 CMakeFiles/Classis_Board.elf.dir/Drivers/STM32F4xx_HAL_Driver/Src/stm32f4xx_hal_can.c.obj
                0x080026ea                HAL_CAN_TxMailbox0CompleteCallback
 .text.HAL_CAN_TxMailbox1CompleteCallback
                0x080026ec        0x2 CMakeFiles/Classis_Board.elf.dir/Drivers/STM32F4xx_HAL_Driver/Src/stm32f4xx_hal_can.c.obj
                0x080026ec                HAL_CAN_TxMailbox1CompleteCallback
 .text.HAL_CAN_TxMailbox2CompleteCallback
                0x080026ee        0x2 CMakeFiles/Classis_Board.elf.dir/Drivers/STM32F4xx_HAL_Driver/Src/stm32f4xx_hal_can.c.obj
                0x080026ee                HAL_CAN_TxMailbox2CompleteCallback
 .text.HAL_CAN_TxMailbox0AbortCallback
                0x080026f0        0x2 CMakeFiles/Classis_Board.elf.dir/Drivers/STM32F4xx_HAL_Driver/Src/stm32f4xx_hal_can.c.obj
                0x080026f0                HAL_CAN_TxMailbox0AbortCallback
 .text.HAL_CAN_TxMailbox1AbortCallback
                0x080026f2        0x2 CMakeFiles/Classis_Board.elf.dir/Drivers/STM32F4xx_HAL_Driver/Src/stm32f4xx_hal_can.c.obj
                0x080026f2                HAL_CAN_TxMailbox1AbortCallback
 .text.HAL_CAN_TxMailbox2AbortCallback
                0x080026f4        0x2 CMakeFiles/Classis_Board.elf.dir/Drivers/STM32F4xx_HAL_Driver/Src/stm32f4xx_hal_can.c.obj
                0x080026f4                HAL_CAN_TxMailbox2AbortCallback
 .text.HAL_CAN_RxFifo0FullCallback
                0x080026f6        0x2 CMakeFiles/Classis_Board.elf.dir/Drivers/STM32F4xx_HAL_Driver/Src/stm32f4xx_hal_can.c.obj
                0x080026f6                HAL_CAN_RxFifo0FullCallback
 .text.HAL_CAN_RxFifo1MsgPendingCallback
                0x080026f8        0x2 CMakeFiles/Classis_Board.elf.dir/Drivers/STM32F4xx_HAL_Driver/Src/stm32f4xx_hal_can.c.obj
                0x080026f8                HAL_CAN_RxFifo1MsgPendingCallback
 .text.HAL_CAN_RxFifo1FullCallback
                0x080026fa        0x2 CMakeFiles/Classis_Board.elf.dir/Drivers/STM32F4xx_HAL_Driver/Src/stm32f4xx_hal_can.c.obj
                0x080026fa                HAL_CAN_RxFifo1FullCallback
 .text.HAL_CAN_SleepCallback
                0x080026fc        0x2 CMakeFiles/Classis_Board.elf.dir/Drivers/STM32F4xx_HAL_Driver/Src/stm32f4xx_hal_can.c.obj
                0x080026fc                HAL_CAN_SleepCallback
 .text.HAL_CAN_WakeUpFromRxMsgCallback
                0x080026fe        0x2 CMakeFiles/Classis_Board.elf.dir/Drivers/STM32F4xx_HAL_Driver/Src/stm32f4xx_hal_can.c.obj
                0x080026fe                HAL_CAN_WakeUpFromRxMsgCallback
 .text.HAL_CAN_ErrorCallback
                0x08002700        0x2 CMakeFiles/Classis_Board.elf.dir/Drivers/STM32F4xx_HAL_Driver/Src/stm32f4xx_hal_can.c.obj
                0x08002700                HAL_CAN_ErrorCallback
 .text.HAL_CAN_IRQHandler
                0x08002702      0x24a CMakeFiles/Classis_Board.elf.dir/Drivers/STM32F4xx_HAL_Driver/Src/stm32f4xx_hal_can.c.obj
                0x08002702                HAL_CAN_IRQHandler
 .text.HAL_NVIC_SetPriorityGrouping
                0x0800294c       0x24 CMakeFiles/Classis_Board.elf.dir/Drivers/STM32F4xx_HAL_Driver/Src/stm32f4xx_hal_cortex.c.obj
                0x0800294c                HAL_NVIC_SetPriorityGrouping
 .text.HAL_NVIC_SetPriority
                0x08002970       0x70 CMakeFiles/Classis_Board.elf.dir/Drivers/STM32F4xx_HAL_Driver/Src/stm32f4xx_hal_cortex.c.obj
                0x08002970                HAL_NVIC_SetPriority
 .text.HAL_NVIC_EnableIRQ
                0x080029e0       0x1c CMakeFiles/Classis_Board.elf.dir/Drivers/STM32F4xx_HAL_Driver/Src/stm32f4xx_hal_cortex.c.obj
                0x080029e0                HAL_NVIC_EnableIRQ
 .text.HAL_SYSTICK_Config
                0x080029fc       0x28 CMakeFiles/Classis_Board.elf.dir/Drivers/STM32F4xx_HAL_Driver/Src/stm32f4xx_hal_cortex.c.obj
                0x080029fc                HAL_SYSTICK_Config
 .text.HAL_CRC_Init
                0x08002a24       0x22 CMakeFiles/Classis_Board.elf.dir/Drivers/STM32F4xx_HAL_Driver/Src/stm32f4xx_hal_crc.c.obj
                0x08002a24                HAL_CRC_Init
 *fill*         0x08002a46        0x2 
 .text.DMA_CalcBaseAndBitshift
                0x08002a48       0x44 CMakeFiles/Classis_Board.elf.dir/Drivers/STM32F4xx_HAL_Driver/Src/stm32f4xx_hal_dma.c.obj
 .text.DMA_CheckFifoParam
                0x08002a8c       0x8e CMakeFiles/Classis_Board.elf.dir/Drivers/STM32F4xx_HAL_Driver/Src/stm32f4xx_hal_dma.c.obj
 *fill*         0x08002b1a        0x2 
 .text.HAL_DMA_Init
                0x08002b1c       0xcc CMakeFiles/Classis_Board.elf.dir/Drivers/STM32F4xx_HAL_Driver/Src/stm32f4xx_hal_dma.c.obj
                0x08002b1c                HAL_DMA_Init
 .text.HAL_DMA_IRQHandler
                0x08002be8      0x1dc CMakeFiles/Classis_Board.elf.dir/Drivers/STM32F4xx_HAL_Driver/Src/stm32f4xx_hal_dma.c.obj
                0x08002be8                HAL_DMA_IRQHandler
 .text.HAL_GPIO_Init
                0x08002dc4      0x1cc CMakeFiles/Classis_Board.elf.dir/Drivers/STM32F4xx_HAL_Driver/Src/stm32f4xx_hal_gpio.c.obj
                0x08002dc4                HAL_GPIO_Init
 .text.HAL_GPIO_WritePin
                0x08002f90        0xc CMakeFiles/Classis_Board.elf.dir/Drivers/STM32F4xx_HAL_Driver/Src/stm32f4xx_hal_gpio.c.obj
                0x08002f90                HAL_GPIO_WritePin
 .text.HAL_GPIO_EXTI_Callback
                0x08002f9c        0x2 CMakeFiles/Classis_Board.elf.dir/Drivers/STM32F4xx_HAL_Driver/Src/stm32f4xx_hal_gpio.c.obj
                0x08002f9c                HAL_GPIO_EXTI_Callback
 *fill*         0x08002f9e        0x2 
 .text.HAL_GPIO_EXTI_IRQHandler
                0x08002fa0       0x1c CMakeFiles/Classis_Board.elf.dir/Drivers/STM32F4xx_HAL_Driver/Src/stm32f4xx_hal_gpio.c.obj
                0x08002fa0                HAL_GPIO_EXTI_IRQHandler
 .text.HAL_I2C_Init
                0x08002fbc      0x1a8 CMakeFiles/Classis_Board.elf.dir/Drivers/STM32F4xx_HAL_Driver/Src/stm32f4xx_hal_i2c.c.obj
                0x08002fbc                HAL_I2C_Init
 .text.PCD_WriteEmptyTxFifo
                0x08003164       0xd0 CMakeFiles/Classis_Board.elf.dir/Drivers/STM32F4xx_HAL_Driver/Src/stm32f4xx_hal_pcd.c.obj
 .text.PCD_EP_OutXfrComplete_int
                0x08003234       0xf4 CMakeFiles/Classis_Board.elf.dir/Drivers/STM32F4xx_HAL_Driver/Src/stm32f4xx_hal_pcd.c.obj
 .text.PCD_EP_OutSetupPacket_int
                0x08003328       0x6c CMakeFiles/Classis_Board.elf.dir/Drivers/STM32F4xx_HAL_Driver/Src/stm32f4xx_hal_pcd.c.obj
 .text.HAL_PCD_IRQHandler
                0x08003394      0x47a CMakeFiles/Classis_Board.elf.dir/Drivers/STM32F4xx_HAL_Driver/Src/stm32f4xx_hal_pcd.c.obj
                0x08003394                HAL_PCD_IRQHandler
 .text.HAL_PCD_SetAddress
                0x0800380e       0x28 CMakeFiles/Classis_Board.elf.dir/Drivers/STM32F4xx_HAL_Driver/Src/stm32f4xx_hal_pcd.c.obj
                0x0800380e                HAL_PCD_SetAddress
 .text.HAL_PCD_EP_Open
                0x08003836       0x8a CMakeFiles/Classis_Board.elf.dir/Drivers/STM32F4xx_HAL_Driver/Src/stm32f4xx_hal_pcd.c.obj
                0x08003836                HAL_PCD_EP_Open
 .text.HAL_PCD_EP_Receive
                0x080038c0       0x5e CMakeFiles/Classis_Board.elf.dir/Drivers/STM32F4xx_HAL_Driver/Src/stm32f4xx_hal_pcd.c.obj
                0x080038c0                HAL_PCD_EP_Receive
 .text.HAL_PCD_EP_Transmit
                0x0800391e       0x5e CMakeFiles/Classis_Board.elf.dir/Drivers/STM32F4xx_HAL_Driver/Src/stm32f4xx_hal_pcd.c.obj
                0x0800391e                HAL_PCD_EP_Transmit
 .text.HAL_PCD_EP_SetStall
                0x0800397c       0x88 CMakeFiles/Classis_Board.elf.dir/Drivers/STM32F4xx_HAL_Driver/Src/stm32f4xx_hal_pcd.c.obj
                0x0800397c                HAL_PCD_EP_SetStall
 .text.HAL_PCD_EP_ClrStall
                0x08003a04       0x76 CMakeFiles/Classis_Board.elf.dir/Drivers/STM32F4xx_HAL_Driver/Src/stm32f4xx_hal_pcd.c.obj
                0x08003a04                HAL_PCD_EP_ClrStall
 .text.HAL_PCDEx_LPM_Callback
                0x08003a7a        0x2 CMakeFiles/Classis_Board.elf.dir/Drivers/STM32F4xx_HAL_Driver/Src/stm32f4xx_hal_pcd_ex.c.obj
                0x08003a7a                HAL_PCDEx_LPM_Callback
 .text.HAL_RCC_OscConfig
                0x08003a7c      0x398 CMakeFiles/Classis_Board.elf.dir/Drivers/STM32F4xx_HAL_Driver/Src/stm32f4xx_hal_rcc.c.obj
                0x08003a7c                HAL_RCC_OscConfig
 .text.HAL_RCC_GetSysClockFreq
                0x08003e14       0xa4 CMakeFiles/Classis_Board.elf.dir/Drivers/STM32F4xx_HAL_Driver/Src/stm32f4xx_hal_rcc.c.obj
                0x08003e14                HAL_RCC_GetSysClockFreq
 .text.HAL_RCC_ClockConfig
                0x08003eb8      0x15c CMakeFiles/Classis_Board.elf.dir/Drivers/STM32F4xx_HAL_Driver/Src/stm32f4xx_hal_rcc.c.obj
                0x08003eb8                HAL_RCC_ClockConfig
 .text.HAL_RCC_GetHCLKFreq
                0x08004014        0xc CMakeFiles/Classis_Board.elf.dir/Drivers/STM32F4xx_HAL_Driver/Src/stm32f4xx_hal_rcc.c.obj
                0x08004014                HAL_RCC_GetHCLKFreq
 .text.HAL_RCC_GetPCLK1Freq
                0x08004020       0x20 CMakeFiles/Classis_Board.elf.dir/Drivers/STM32F4xx_HAL_Driver/Src/stm32f4xx_hal_rcc.c.obj
                0x08004020                HAL_RCC_GetPCLK1Freq
 .text.HAL_RCC_GetPCLK2Freq
                0x08004040       0x20 CMakeFiles/Classis_Board.elf.dir/Drivers/STM32F4xx_HAL_Driver/Src/stm32f4xx_hal_rcc.c.obj
                0x08004040                HAL_RCC_GetPCLK2Freq
 .text.HAL_RCCEx_PeriphCLKConfig
                0x08004060      0x154 CMakeFiles/Classis_Board.elf.dir/Drivers/STM32F4xx_HAL_Driver/Src/stm32f4xx_hal_rcc_ex.c.obj
                0x08004060                HAL_RCCEx_PeriphCLKConfig
 .text.HAL_RNG_Init
                0x080041b4       0x2e CMakeFiles/Classis_Board.elf.dir/Drivers/STM32F4xx_HAL_Driver/Src/stm32f4xx_hal_rng.c.obj
                0x080041b4                HAL_RNG_Init
 .text.HAL_RTC_WaitForSynchro
                0x080041e2       0x32 CMakeFiles/Classis_Board.elf.dir/Drivers/STM32F4xx_HAL_Driver/Src/stm32f4xx_hal_rtc.c.obj
                0x080041e2                HAL_RTC_WaitForSynchro
 .text.RTC_EnterInitMode
                0x08004214       0x3c CMakeFiles/Classis_Board.elf.dir/Drivers/STM32F4xx_HAL_Driver/Src/stm32f4xx_hal_rtc.c.obj
                0x08004214                RTC_EnterInitMode
 .text.HAL_RTC_Init
                0x08004250       0xc4 CMakeFiles/Classis_Board.elf.dir/Drivers/STM32F4xx_HAL_Driver/Src/stm32f4xx_hal_rtc.c.obj
                0x08004250                HAL_RTC_Init
 .text.HAL_SPI_Init
                0x08004314       0x80 CMakeFiles/Classis_Board.elf.dir/Drivers/STM32F4xx_HAL_Driver/Src/stm32f4xx_hal_spi.c.obj
                0x08004314                HAL_SPI_Init
 .text.TIM_OC1_SetConfig
                0x08004394       0x68 CMakeFiles/Classis_Board.elf.dir/Drivers/STM32F4xx_HAL_Driver/Src/stm32f4xx_hal_tim.c.obj
 .text.TIM_OC3_SetConfig
                0x080043fc       0x70 CMakeFiles/Classis_Board.elf.dir/Drivers/STM32F4xx_HAL_Driver/Src/stm32f4xx_hal_tim.c.obj
 .text.TIM_OC4_SetConfig
                0x0800446c       0x50 CMakeFiles/Classis_Board.elf.dir/Drivers/STM32F4xx_HAL_Driver/Src/stm32f4xx_hal_tim.c.obj
 .text.TIM_TI1_ConfigInputStage
                0x080044bc       0x26 CMakeFiles/Classis_Board.elf.dir/Drivers/STM32F4xx_HAL_Driver/Src/stm32f4xx_hal_tim.c.obj
 .text.TIM_TI2_ConfigInputStage
                0x080044e2       0x28 CMakeFiles/Classis_Board.elf.dir/Drivers/STM32F4xx_HAL_Driver/Src/stm32f4xx_hal_tim.c.obj
 .text.TIM_ITRx_SetConfig
                0x0800450a       0x10 CMakeFiles/Classis_Board.elf.dir/Drivers/STM32F4xx_HAL_Driver/Src/stm32f4xx_hal_tim.c.obj
 .text.HAL_TIM_PWM_MspInit
                0x0800451a        0x2 CMakeFiles/Classis_Board.elf.dir/Drivers/STM32F4xx_HAL_Driver/Src/stm32f4xx_hal_tim.c.obj
                0x0800451a                HAL_TIM_PWM_MspInit
 .text.TIM_Base_SetConfig
                0x0800451c       0xc8 CMakeFiles/Classis_Board.elf.dir/Drivers/STM32F4xx_HAL_Driver/Src/stm32f4xx_hal_tim.c.obj
                0x0800451c                TIM_Base_SetConfig
 .text.HAL_TIM_Base_Init
                0x080045e4       0x34 CMakeFiles/Classis_Board.elf.dir/Drivers/STM32F4xx_HAL_Driver/Src/stm32f4xx_hal_tim.c.obj
                0x080045e4                HAL_TIM_Base_Init
 .text.HAL_TIM_PWM_Init
                0x08004618       0x34 CMakeFiles/Classis_Board.elf.dir/Drivers/STM32F4xx_HAL_Driver/Src/stm32f4xx_hal_tim.c.obj
                0x08004618                HAL_TIM_PWM_Init
 .text.TIM_OC2_SetConfig
                0x0800464c       0x70 CMakeFiles/Classis_Board.elf.dir/Drivers/STM32F4xx_HAL_Driver/Src/stm32f4xx_hal_tim.c.obj
                0x0800464c                TIM_OC2_SetConfig
 .text.HAL_TIM_PWM_ConfigChannel
                0x080046bc       0xdc CMakeFiles/Classis_Board.elf.dir/Drivers/STM32F4xx_HAL_Driver/Src/stm32f4xx_hal_tim.c.obj
                0x080046bc                HAL_TIM_PWM_ConfigChannel
 .text.TIM_ETR_SetConfig
                0x08004798       0x1a CMakeFiles/Classis_Board.elf.dir/Drivers/STM32F4xx_HAL_Driver/Src/stm32f4xx_hal_tim.c.obj
                0x08004798                TIM_ETR_SetConfig
 .text.HAL_TIM_ConfigClockSource
                0x080047b2       0xda CMakeFiles/Classis_Board.elf.dir/Drivers/STM32F4xx_HAL_Driver/Src/stm32f4xx_hal_tim.c.obj
                0x080047b2                HAL_TIM_ConfigClockSource
 .text.HAL_TIMEx_MasterConfigSynchronization
                0x0800488c       0x48 CMakeFiles/Classis_Board.elf.dir/Drivers/STM32F4xx_HAL_Driver/Src/stm32f4xx_hal_tim_ex.c.obj
                0x0800488c                HAL_TIMEx_MasterConfigSynchronization
 .text.HAL_TIMEx_ConfigBreakDeadTime
                0x080048d4       0x52 CMakeFiles/Classis_Board.elf.dir/Drivers/STM32F4xx_HAL_Driver/Src/stm32f4xx_hal_tim_ex.c.obj
                0x080048d4                HAL_TIMEx_ConfigBreakDeadTime
 *fill*         0x08004926        0x2 
 .text.UART_SetConfig
                0x08004928      0x328 CMakeFiles/Classis_Board.elf.dir/Drivers/STM32F4xx_HAL_Driver/Src/stm32f4xx_hal_uart.c.obj
 .text.HAL_UART_Init
                0x08004c50       0x5e CMakeFiles/Classis_Board.elf.dir/Drivers/STM32F4xx_HAL_Driver/Src/stm32f4xx_hal_uart.c.obj
                0x08004c50                HAL_UART_Init
 *fill*         0x08004cae        0x2 
 .text.USB_SetTurnaroundTime
                0x08004cb0       0xe4 CMakeFiles/Classis_Board.elf.dir/Drivers/STM32F4xx_HAL_Driver/Src/stm32f4xx_ll_usb.c.obj
                0x08004cb0                USB_SetTurnaroundTime
 .text.USB_FlushTxFifo
                0x08004d94       0x28 CMakeFiles/Classis_Board.elf.dir/Drivers/STM32F4xx_HAL_Driver/Src/stm32f4xx_ll_usb.c.obj
                0x08004d94                USB_FlushTxFifo
 .text.USB_GetDevSpeed
                0x08004dbc       0x22 CMakeFiles/Classis_Board.elf.dir/Drivers/STM32F4xx_HAL_Driver/Src/stm32f4xx_ll_usb.c.obj
                0x08004dbc                USB_GetDevSpeed
 .text.USB_ActivateEndpoint
                0x08004dde       0x9c CMakeFiles/Classis_Board.elf.dir/Drivers/STM32F4xx_HAL_Driver/Src/stm32f4xx_ll_usb.c.obj
                0x08004dde                USB_ActivateEndpoint
 .text.USB_EP0StartXfer
                0x08004e7a      0x120 CMakeFiles/Classis_Board.elf.dir/Drivers/STM32F4xx_HAL_Driver/Src/stm32f4xx_ll_usb.c.obj
                0x08004e7a                USB_EP0StartXfer
 .text.USB_WritePacket
                0x08004f9a       0x2e CMakeFiles/Classis_Board.elf.dir/Drivers/STM32F4xx_HAL_Driver/Src/stm32f4xx_ll_usb.c.obj
                0x08004f9a                USB_WritePacket
 .text.USB_EPStartXfer
                0x08004fc8      0x238 CMakeFiles/Classis_Board.elf.dir/Drivers/STM32F4xx_HAL_Driver/Src/stm32f4xx_ll_usb.c.obj
                0x08004fc8                USB_EPStartXfer
 .text.USB_ReadPacket
                0x08005200       0x1e CMakeFiles/Classis_Board.elf.dir/Drivers/STM32F4xx_HAL_Driver/Src/stm32f4xx_ll_usb.c.obj
                0x08005200                USB_ReadPacket
 .text.USB_EPSetStall
                0x0800521e       0x5a CMakeFiles/Classis_Board.elf.dir/Drivers/STM32F4xx_HAL_Driver/Src/stm32f4xx_ll_usb.c.obj
                0x0800521e                USB_EPSetStall
 .text.USB_EPClearStall
                0x08005278       0x5c CMakeFiles/Classis_Board.elf.dir/Drivers/STM32F4xx_HAL_Driver/Src/stm32f4xx_ll_usb.c.obj
                0x08005278                USB_EPClearStall
 .text.USB_SetDevAddress
                0x080052d4       0x20 CMakeFiles/Classis_Board.elf.dir/Drivers/STM32F4xx_HAL_Driver/Src/stm32f4xx_ll_usb.c.obj
                0x080052d4                USB_SetDevAddress
 .text.USB_ReadInterrupts
                0x080052f4        0x8 CMakeFiles/Classis_Board.elf.dir/Drivers/STM32F4xx_HAL_Driver/Src/stm32f4xx_ll_usb.c.obj
                0x080052f4                USB_ReadInterrupts
 .text.USB_ReadDevAllOutEpInterrupt
                0x080052fc       0x10 CMakeFiles/Classis_Board.elf.dir/Drivers/STM32F4xx_HAL_Driver/Src/stm32f4xx_ll_usb.c.obj
                0x080052fc                USB_ReadDevAllOutEpInterrupt
 .text.USB_ReadDevAllInEpInterrupt
                0x0800530c       0x10 CMakeFiles/Classis_Board.elf.dir/Drivers/STM32F4xx_HAL_Driver/Src/stm32f4xx_ll_usb.c.obj
                0x0800530c                USB_ReadDevAllInEpInterrupt
 .text.USB_ReadDevOutEPInterrupt
                0x0800531c       0x12 CMakeFiles/Classis_Board.elf.dir/Drivers/STM32F4xx_HAL_Driver/Src/stm32f4xx_ll_usb.c.obj
                0x0800531c                USB_ReadDevOutEPInterrupt
 .text.USB_ReadDevInEPInterrupt
                0x0800532e       0x28 CMakeFiles/Classis_Board.elf.dir/Drivers/STM32F4xx_HAL_Driver/Src/stm32f4xx_ll_usb.c.obj
                0x0800532e                USB_ReadDevInEPInterrupt
 .text.USB_GetMode
                0x08005356        0x8 CMakeFiles/Classis_Board.elf.dir/Drivers/STM32F4xx_HAL_Driver/Src/stm32f4xx_ll_usb.c.obj
                0x08005356                USB_GetMode
 .text.USB_ActivateSetup
                0x0800535e       0x38 CMakeFiles/Classis_Board.elf.dir/Drivers/STM32F4xx_HAL_Driver/Src/stm32f4xx_ll_usb.c.obj
                0x0800535e                USB_ActivateSetup
 *fill*         0x08005396        0x2 
 .text.USB_EP0_OutStart
                0x08005398       0x60 CMakeFiles/Classis_Board.elf.dir/Drivers/STM32F4xx_HAL_Driver/Src/stm32f4xx_ll_usb.c.obj
                0x08005398                USB_EP0_OutStart
 .text.USBD_SetClassConfig
                0x080053f8       0x18 CMakeFiles/Classis_Board.elf.dir/Middlewares/ST/STM32_USB_Device_Library/Core/Src/usbd_core.c.obj
                0x080053f8                USBD_SetClassConfig
 .text.USBD_ClrClassConfig
                0x08005410        0xe CMakeFiles/Classis_Board.elf.dir/Middlewares/ST/STM32_USB_Device_Library/Core/Src/usbd_core.c.obj
                0x08005410                USBD_ClrClassConfig
 .text.USBD_LL_SetupStage
                0x0800541e       0x5a CMakeFiles/Classis_Board.elf.dir/Middlewares/ST/STM32_USB_Device_Library/Core/Src/usbd_core.c.obj
                0x0800541e                USBD_LL_SetupStage
 .text.USBD_LL_DataOutStage
                0x08005478       0x8c CMakeFiles/Classis_Board.elf.dir/Middlewares/ST/STM32_USB_Device_Library/Core/Src/usbd_core.c.obj
                0x08005478                USBD_LL_DataOutStage
 .text.USBD_LL_DataInStage
                0x08005504       0xd0 CMakeFiles/Classis_Board.elf.dir/Middlewares/ST/STM32_USB_Device_Library/Core/Src/usbd_core.c.obj
                0x08005504                USBD_LL_DataInStage
 .text.USBD_LL_Reset
                0x080055d4       0x50 CMakeFiles/Classis_Board.elf.dir/Middlewares/ST/STM32_USB_Device_Library/Core/Src/usbd_core.c.obj
                0x080055d4                USBD_LL_Reset
 .text.USBD_LL_SetSpeed
                0x08005624        0x6 CMakeFiles/Classis_Board.elf.dir/Middlewares/ST/STM32_USB_Device_Library/Core/Src/usbd_core.c.obj
                0x08005624                USBD_LL_SetSpeed
 .text.USBD_LL_Suspend
                0x0800562a       0x12 CMakeFiles/Classis_Board.elf.dir/Middlewares/ST/STM32_USB_Device_Library/Core/Src/usbd_core.c.obj
                0x0800562a                USBD_LL_Suspend
 .text.USBD_LL_Resume
                0x0800563c        0xc CMakeFiles/Classis_Board.elf.dir/Middlewares/ST/STM32_USB_Device_Library/Core/Src/usbd_core.c.obj
                0x0800563c                USBD_LL_Resume
 .text.USBD_LL_SOF
                0x08005648       0x1c CMakeFiles/Classis_Board.elf.dir/Middlewares/ST/STM32_USB_Device_Library/Core/Src/usbd_core.c.obj
                0x08005648                USBD_LL_SOF
 .text.USBD_LL_IsoINIncomplete
                0x08005664        0x4 CMakeFiles/Classis_Board.elf.dir/Middlewares/ST/STM32_USB_Device_Library/Core/Src/usbd_core.c.obj
                0x08005664                USBD_LL_IsoINIncomplete
 .text.USBD_LL_IsoOUTIncomplete
                0x08005668        0x4 CMakeFiles/Classis_Board.elf.dir/Middlewares/ST/STM32_USB_Device_Library/Core/Src/usbd_core.c.obj
                0x08005668                USBD_LL_IsoOUTIncomplete
 .text.USBD_LL_DevConnected
                0x0800566c        0x4 CMakeFiles/Classis_Board.elf.dir/Middlewares/ST/STM32_USB_Device_Library/Core/Src/usbd_core.c.obj
                0x0800566c                USBD_LL_DevConnected
 .text.USBD_LL_DevDisconnected
                0x08005670       0x16 CMakeFiles/Classis_Board.elf.dir/Middlewares/ST/STM32_USB_Device_Library/Core/Src/usbd_core.c.obj
                0x08005670                USBD_LL_DevDisconnected
 .text.USBD_SetFeature
                0x08005686       0x14 CMakeFiles/Classis_Board.elf.dir/Middlewares/ST/STM32_USB_Device_Library/Core/Src/usbd_ctlreq.c.obj
 .text.USBD_ParseSetupRequest
                0x0800569a       0x28 CMakeFiles/Classis_Board.elf.dir/Middlewares/ST/STM32_USB_Device_Library/Core/Src/usbd_ctlreq.c.obj
                0x0800569a                USBD_ParseSetupRequest
 .text.USBD_CtlError
                0x080056c2       0x14 CMakeFiles/Classis_Board.elf.dir/Middlewares/ST/STM32_USB_Device_Library/Core/Src/usbd_ctlreq.c.obj
                0x080056c2                USBD_CtlError
 .text.USBD_GetDescriptor
                0x080056d6      0x140 CMakeFiles/Classis_Board.elf.dir/Middlewares/ST/STM32_USB_Device_Library/Core/Src/usbd_ctlreq.c.obj
 .text.USBD_SetAddress
                0x08005816       0x4e CMakeFiles/Classis_Board.elf.dir/Middlewares/ST/STM32_USB_Device_Library/Core/Src/usbd_ctlreq.c.obj
 .text.USBD_SetConfig
                0x08005864       0xb0 CMakeFiles/Classis_Board.elf.dir/Middlewares/ST/STM32_USB_Device_Library/Core/Src/usbd_ctlreq.c.obj
 .text.USBD_GetConfig
                0x08005914       0x3e CMakeFiles/Classis_Board.elf.dir/Middlewares/ST/STM32_USB_Device_Library/Core/Src/usbd_ctlreq.c.obj
 .text.USBD_GetStatus
                0x08005952       0x38 CMakeFiles/Classis_Board.elf.dir/Middlewares/ST/STM32_USB_Device_Library/Core/Src/usbd_ctlreq.c.obj
 .text.USBD_ClrFeature
                0x0800598a       0x26 CMakeFiles/Classis_Board.elf.dir/Middlewares/ST/STM32_USB_Device_Library/Core/Src/usbd_ctlreq.c.obj
 .text.USBD_StdDevReq
                0x080059b0       0x68 CMakeFiles/Classis_Board.elf.dir/Middlewares/ST/STM32_USB_Device_Library/Core/Src/usbd_ctlreq.c.obj
                0x080059b0                USBD_StdDevReq
 .text.USBD_StdItfReq
                0x08005a18       0x60 CMakeFiles/Classis_Board.elf.dir/Middlewares/ST/STM32_USB_Device_Library/Core/Src/usbd_ctlreq.c.obj
                0x08005a18                USBD_StdItfReq
 .text.USBD_StdEPReq
                0x08005a78      0x1de CMakeFiles/Classis_Board.elf.dir/Middlewares/ST/STM32_USB_Device_Library/Core/Src/usbd_ctlreq.c.obj
                0x08005a78                USBD_StdEPReq
 .text.USBD_CtlSendData
                0x08005c56       0x1a CMakeFiles/Classis_Board.elf.dir/Middlewares/ST/STM32_USB_Device_Library/Core/Src/usbd_ioreq.c.obj
                0x08005c56                USBD_CtlSendData
 .text.USBD_CtlContinueSendData
                0x08005c70       0x10 CMakeFiles/Classis_Board.elf.dir/Middlewares/ST/STM32_USB_Device_Library/Core/Src/usbd_ioreq.c.obj
                0x08005c70                USBD_CtlContinueSendData
 .text.USBD_CtlContinueRx
                0x08005c80       0x10 CMakeFiles/Classis_Board.elf.dir/Middlewares/ST/STM32_USB_Device_Library/Core/Src/usbd_ioreq.c.obj
                0x08005c80                USBD_CtlContinueRx
 .text.USBD_CtlSendStatus
                0x08005c90       0x16 CMakeFiles/Classis_Board.elf.dir/Middlewares/ST/STM32_USB_Device_Library/Core/Src/usbd_ioreq.c.obj
                0x08005c90                USBD_CtlSendStatus
 .text.USBD_CtlReceiveStatus
                0x08005ca6       0x16 CMakeFiles/Classis_Board.elf.dir/Middlewares/ST/STM32_USB_Device_Library/Core/Src/usbd_ioreq.c.obj
                0x08005ca6                USBD_CtlReceiveStatus
 .text.makeFreeRtosPriority
                0x08005cbc        0xc CMakeFiles/Classis_Board.elf.dir/Middlewares/Third_Party/FreeRTOS/Source/CMSIS_RTOS/cmsis_os.c.obj
 .text.osKernelStart
                0x08005cc8        0xa CMakeFiles/Classis_Board.elf.dir/Middlewares/Third_Party/FreeRTOS/Source/CMSIS_RTOS/cmsis_os.c.obj
                0x08005cc8                osKernelStart
 .text.osThreadCreate
                0x08005cd2       0x6a CMakeFiles/Classis_Board.elf.dir/Middlewares/Third_Party/FreeRTOS/Source/CMSIS_RTOS/cmsis_os.c.obj
                0x08005cd2                osThreadCreate
 .text.osThreadTerminate
                0x08005d3c        0xa CMakeFiles/Classis_Board.elf.dir/Middlewares/Third_Party/FreeRTOS/Source/CMSIS_RTOS/cmsis_os.c.obj
                0x08005d3c                osThreadTerminate
 .text.vListInitialise
                0x08005d46       0x16 CMakeFiles/Classis_Board.elf.dir/Middlewares/Third_Party/FreeRTOS/Source/list.c.obj
                0x08005d46                vListInitialise
 .text.vListInitialiseItem
                0x08005d5c        0x6 CMakeFiles/Classis_Board.elf.dir/Middlewares/Third_Party/FreeRTOS/Source/list.c.obj
                0x08005d5c                vListInitialiseItem
 .text.vListInsertEnd
                0x08005d62       0x16 CMakeFiles/Classis_Board.elf.dir/Middlewares/Third_Party/FreeRTOS/Source/list.c.obj
                0x08005d62                vListInsertEnd
 .text.vListInsert
                0x08005d78       0x32 CMakeFiles/Classis_Board.elf.dir/Middlewares/Third_Party/FreeRTOS/Source/list.c.obj
                0x08005d78                vListInsert
 .text.uxListRemove
                0x08005daa       0x26 CMakeFiles/Classis_Board.elf.dir/Middlewares/Third_Party/FreeRTOS/Source/list.c.obj
                0x08005daa                uxListRemove
 .text.prvTaskExitError
                0x08005dd0       0x40 CMakeFiles/Classis_Board.elf.dir/Middlewares/Third_Party/FreeRTOS/Source/portable/GCC/ARM_CM4F/port.c.obj
 .text.prvPortStartFirstTask
                0x08005e10       0x28 CMakeFiles/Classis_Board.elf.dir/Middlewares/Third_Party/FreeRTOS/Source/portable/GCC/ARM_CM4F/port.c.obj
 .text.vPortEnableVFP
                0x08005e38       0x14 CMakeFiles/Classis_Board.elf.dir/Middlewares/Third_Party/FreeRTOS/Source/portable/GCC/ARM_CM4F/port.c.obj
 .text.pxPortInitialiseStack
                0x08005e4c       0x2c CMakeFiles/Classis_Board.elf.dir/Middlewares/Third_Party/FreeRTOS/Source/portable/GCC/ARM_CM4F/port.c.obj
                0x08005e4c                pxPortInitialiseStack
 *fill*         0x08005e78        0x8 
 .text.SVC_Handler
                0x08005e80       0x24 CMakeFiles/Classis_Board.elf.dir/Middlewares/Third_Party/FreeRTOS/Source/portable/GCC/ARM_CM4F/port.c.obj
                0x08005e80                SVC_Handler
 .text.vPortEnterCritical
                0x08005ea4       0x44 CMakeFiles/Classis_Board.elf.dir/Middlewares/Third_Party/FreeRTOS/Source/portable/GCC/ARM_CM4F/port.c.obj
                0x08005ea4                vPortEnterCritical
 .text.vPortExitCritical
                0x08005ee8       0x2c CMakeFiles/Classis_Board.elf.dir/Middlewares/Third_Party/FreeRTOS/Source/portable/GCC/ARM_CM4F/port.c.obj
                0x08005ee8                vPortExitCritical
 *fill*         0x08005f14        0xc 
 .text.PendSV_Handler
                0x08005f20       0x64 CMakeFiles/Classis_Board.elf.dir/Middlewares/Third_Party/FreeRTOS/Source/portable/GCC/ARM_CM4F/port.c.obj
                0x08005f20                PendSV_Handler
 .text.xPortSysTickHandler
                0x08005f84       0x2c CMakeFiles/Classis_Board.elf.dir/Middlewares/Third_Party/FreeRTOS/Source/portable/GCC/ARM_CM4F/port.c.obj
                0x08005f84                xPortSysTickHandler
 .text.vPortSetupTimerInterrupt
                0x08005fb0       0x28 CMakeFiles/Classis_Board.elf.dir/Middlewares/Third_Party/FreeRTOS/Source/portable/GCC/ARM_CM4F/port.c.obj
                0x08005fb0                vPortSetupTimerInterrupt
 .text.xPortStartScheduler
                0x08005fd8      0x118 CMakeFiles/Classis_Board.elf.dir/Middlewares/Third_Party/FreeRTOS/Source/portable/GCC/ARM_CM4F/port.c.obj
                0x08005fd8                xPortStartScheduler
 .text.vPortValidateInterruptPriority
                0x080060f0       0x5c CMakeFiles/Classis_Board.elf.dir/Middlewares/Third_Party/FreeRTOS/Source/portable/GCC/ARM_CM4F/port.c.obj
                0x080060f0                vPortValidateInterruptPriority
 .text.prvHeapInit
                0x0800614c       0x64 CMakeFiles/Classis_Board.elf.dir/Middlewares/Third_Party/FreeRTOS/Source/portable/MemMang/heap_4.c.obj
 .text.prvInsertBlockIntoFreeList
                0x080061b0       0x64 CMakeFiles/Classis_Board.elf.dir/Middlewares/Third_Party/FreeRTOS/Source/portable/MemMang/heap_4.c.obj
 .text.pvPortMalloc
                0x08006214       0xf0 CMakeFiles/Classis_Board.elf.dir/Middlewares/Third_Party/FreeRTOS/Source/portable/MemMang/heap_4.c.obj
                0x08006214                pvPortMalloc
 .text.vPortFree
                0x08006304       0x70 CMakeFiles/Classis_Board.elf.dir/Middlewares/Third_Party/FreeRTOS/Source/portable/MemMang/heap_4.c.obj
                0x08006304                vPortFree
 .text.prvIsQueueFull
                0x08006374       0x1e CMakeFiles/Classis_Board.elf.dir/Middlewares/Third_Party/FreeRTOS/Source/queue.c.obj
 .text.prvIsQueueEmpty
                0x08006392       0x1a CMakeFiles/Classis_Board.elf.dir/Middlewares/Third_Party/FreeRTOS/Source/queue.c.obj
 .text.prvCopyDataToQueue
                0x080063ac       0x76 CMakeFiles/Classis_Board.elf.dir/Middlewares/Third_Party/FreeRTOS/Source/queue.c.obj
 .text.prvCopyDataFromQueue
                0x08006422       0x24 CMakeFiles/Classis_Board.elf.dir/Middlewares/Third_Party/FreeRTOS/Source/queue.c.obj
 .text.prvUnlockQueue
                0x08006446       0x6e CMakeFiles/Classis_Board.elf.dir/Middlewares/Third_Party/FreeRTOS/Source/queue.c.obj
 .text.xQueueGenericReset
                0x080064b4       0x84 CMakeFiles/Classis_Board.elf.dir/Middlewares/Third_Party/FreeRTOS/Source/queue.c.obj
                0x080064b4                xQueueGenericReset
 .text.prvInitialiseNewQueue
                0x08006538       0x1c CMakeFiles/Classis_Board.elf.dir/Middlewares/Third_Party/FreeRTOS/Source/queue.c.obj
 .text.xQueueGenericCreateStatic
                0x08006554       0x92 CMakeFiles/Classis_Board.elf.dir/Middlewares/Third_Party/FreeRTOS/Source/queue.c.obj
                0x08006554                xQueueGenericCreateStatic
 .text.xQueueGenericSend
                0x080065e6      0x188 CMakeFiles/Classis_Board.elf.dir/Middlewares/Third_Party/FreeRTOS/Source/queue.c.obj
                0x080065e6                xQueueGenericSend
 .text.xQueueGenericSendFromISR
                0x0800676e       0xcc CMakeFiles/Classis_Board.elf.dir/Middlewares/Third_Party/FreeRTOS/Source/queue.c.obj
                0x0800676e                xQueueGenericSendFromISR
 .text.xQueueReceive
                0x0800683a      0x15e CMakeFiles/Classis_Board.elf.dir/Middlewares/Third_Party/FreeRTOS/Source/queue.c.obj
                0x0800683a                xQueueReceive
 .text.vQueueAddToRegistry
                0x08006998       0x28 CMakeFiles/Classis_Board.elf.dir/Middlewares/Third_Party/FreeRTOS/Source/queue.c.obj
                0x08006998                vQueueAddToRegistry
 .text.vQueueWaitForMessageRestricted
                0x080069c0       0x52 CMakeFiles/Classis_Board.elf.dir/Middlewares/Third_Party/FreeRTOS/Source/queue.c.obj
                0x080069c0                vQueueWaitForMessageRestricted
 *fill*         0x08006a12        0x2 
 .text.prvResetNextTaskUnblockTime
                0x08006a14       0x2c CMakeFiles/Classis_Board.elf.dir/Middlewares/Third_Party/FreeRTOS/Source/tasks.c.obj
 .text.prvInitialiseNewTask
                0x08006a40       0xa0 CMakeFiles/Classis_Board.elf.dir/Middlewares/Third_Party/FreeRTOS/Source/tasks.c.obj
 .text.prvInitialiseTaskLists
                0x08006ae0       0x68 CMakeFiles/Classis_Board.elf.dir/Middlewares/Third_Party/FreeRTOS/Source/tasks.c.obj
 .text.prvAddNewTaskToReadyList
                0x08006b48       0xa8 CMakeFiles/Classis_Board.elf.dir/Middlewares/Third_Party/FreeRTOS/Source/tasks.c.obj
 .text.prvDeleteTCB
                0x08006bf0       0x38 CMakeFiles/Classis_Board.elf.dir/Middlewares/Third_Party/FreeRTOS/Source/tasks.c.obj
 .text.prvCheckTasksWaitingTermination
                0x08006c28       0x4c CMakeFiles/Classis_Board.elf.dir/Middlewares/Third_Party/FreeRTOS/Source/tasks.c.obj
 .text.prvIdleTask
                0x08006c74       0x28 CMakeFiles/Classis_Board.elf.dir/Middlewares/Third_Party/FreeRTOS/Source/tasks.c.obj
 .text.prvAddCurrentTaskToDelayedList
                0x08006c9c       0xa0 CMakeFiles/Classis_Board.elf.dir/Middlewares/Third_Party/FreeRTOS/Source/tasks.c.obj
 .text.xTaskCreateStatic
                0x08006d3c       0x74 CMakeFiles/Classis_Board.elf.dir/Middlewares/Third_Party/FreeRTOS/Source/tasks.c.obj
                0x08006d3c                xTaskCreateStatic
 .text.xTaskCreate
                0x08006db0       0x68 CMakeFiles/Classis_Board.elf.dir/Middlewares/Third_Party/FreeRTOS/Source/tasks.c.obj
                0x08006db0                xTaskCreate
 .text.vTaskDelete
                0x08006e18       0xe0 CMakeFiles/Classis_Board.elf.dir/Middlewares/Third_Party/FreeRTOS/Source/tasks.c.obj
                0x08006e18                vTaskDelete
 .text.vTaskStartScheduler
                0x08006ef8       0x9c CMakeFiles/Classis_Board.elf.dir/Middlewares/Third_Party/FreeRTOS/Source/tasks.c.obj
                0x08006ef8                vTaskStartScheduler
 .text.vTaskSuspendAll
                0x08006f94       0x10 CMakeFiles/Classis_Board.elf.dir/Middlewares/Third_Party/FreeRTOS/Source/tasks.c.obj
                0x08006f94                vTaskSuspendAll
 .text.xTaskGetTickCount
                0x08006fa4        0xc CMakeFiles/Classis_Board.elf.dir/Middlewares/Third_Party/FreeRTOS/Source/tasks.c.obj
                0x08006fa4                xTaskGetTickCount
 .text.xTaskIncrementTick
                0x08006fb0      0x118 CMakeFiles/Classis_Board.elf.dir/Middlewares/Third_Party/FreeRTOS/Source/tasks.c.obj
                0x08006fb0                xTaskIncrementTick
 .text.xTaskResumeAll
                0x080070c8       0xf8 CMakeFiles/Classis_Board.elf.dir/Middlewares/Third_Party/FreeRTOS/Source/tasks.c.obj
                0x080070c8                xTaskResumeAll
 .text.vTaskDelay
                0x080071c0       0x4c CMakeFiles/Classis_Board.elf.dir/Middlewares/Third_Party/FreeRTOS/Source/tasks.c.obj
                0x080071c0                vTaskDelay
 .text.vTaskSwitchContext
                0x0800720c       0x98 CMakeFiles/Classis_Board.elf.dir/Middlewares/Third_Party/FreeRTOS/Source/tasks.c.obj
                0x0800720c                vTaskSwitchContext
 .text.vTaskPlaceOnEventList
                0x080072a4       0x30 CMakeFiles/Classis_Board.elf.dir/Middlewares/Third_Party/FreeRTOS/Source/tasks.c.obj
                0x080072a4                vTaskPlaceOnEventList
 .text.vTaskPlaceOnEventListRestricted
                0x080072d4       0x38 CMakeFiles/Classis_Board.elf.dir/Middlewares/Third_Party/FreeRTOS/Source/tasks.c.obj
                0x080072d4                vTaskPlaceOnEventListRestricted
 .text.xTaskRemoveFromEventList
                0x0800730c       0x8c CMakeFiles/Classis_Board.elf.dir/Middlewares/Third_Party/FreeRTOS/Source/tasks.c.obj
                0x0800730c                xTaskRemoveFromEventList
 .text.vTaskInternalSetTimeOutState
                0x08007398       0x18 CMakeFiles/Classis_Board.elf.dir/Middlewares/Third_Party/FreeRTOS/Source/tasks.c.obj
                0x08007398                vTaskInternalSetTimeOutState
 .text.xTaskCheckForTimeOut
                0x080073b0       0xa0 CMakeFiles/Classis_Board.elf.dir/Middlewares/Third_Party/FreeRTOS/Source/tasks.c.obj
                0x080073b0                xTaskCheckForTimeOut
 .text.vTaskMissedYield
                0x08007450        0xc CMakeFiles/Classis_Board.elf.dir/Middlewares/Third_Party/FreeRTOS/Source/tasks.c.obj
                0x08007450                vTaskMissedYield
 .text.xTaskGetSchedulerState
                0x0800745c       0x20 CMakeFiles/Classis_Board.elf.dir/Middlewares/Third_Party/FreeRTOS/Source/tasks.c.obj
                0x0800745c                xTaskGetSchedulerState
 .text.xTaskPriorityDisinherit
                0x0800747c       0xb4 CMakeFiles/Classis_Board.elf.dir/Middlewares/Third_Party/FreeRTOS/Source/tasks.c.obj
                0x0800747c                xTaskPriorityDisinherit
 .text.prvGetNextExpireTime
                0x08007530       0x20 CMakeFiles/Classis_Board.elf.dir/Middlewares/Third_Party/FreeRTOS/Source/timers.c.obj
 .text.prvInsertTimerInActiveList
                0x08007550       0x48 CMakeFiles/Classis_Board.elf.dir/Middlewares/Third_Party/FreeRTOS/Source/timers.c.obj
 .text.prvCheckForValidListAndQueue
                0x08007598       0x70 CMakeFiles/Classis_Board.elf.dir/Middlewares/Third_Party/FreeRTOS/Source/timers.c.obj
 .text.xTimerCreateTimerTask
                0x08007608       0x64 CMakeFiles/Classis_Board.elf.dir/Middlewares/Third_Party/FreeRTOS/Source/timers.c.obj
                0x08007608                xTimerCreateTimerTask
 .text.xTimerGenericCommand
                0x0800766c       0x6c CMakeFiles/Classis_Board.elf.dir/Middlewares/Third_Party/FreeRTOS/Source/timers.c.obj
                0x0800766c                xTimerGenericCommand
 .text.prvSwitchTimerLists
                0x080076d8       0x78 CMakeFiles/Classis_Board.elf.dir/Middlewares/Third_Party/FreeRTOS/Source/timers.c.obj
 .text.prvSampleTimeNow
                0x08007750       0x2c CMakeFiles/Classis_Board.elf.dir/Middlewares/Third_Party/FreeRTOS/Source/timers.c.obj
 .text.prvProcessExpiredTimer
                0x0800777c       0x60 CMakeFiles/Classis_Board.elf.dir/Middlewares/Third_Party/FreeRTOS/Source/timers.c.obj
 .text.prvProcessTimerOrBlockTask
                0x080077dc       0x74 CMakeFiles/Classis_Board.elf.dir/Middlewares/Third_Party/FreeRTOS/Source/timers.c.obj
 .text.prvProcessReceivedCommands
                0x08007850       0xf8 CMakeFiles/Classis_Board.elf.dir/Middlewares/Third_Party/FreeRTOS/Source/timers.c.obj
 .text.prvTimerTask
                0x08007948       0x16 CMakeFiles/Classis_Board.elf.dir/Middlewares/Third_Party/FreeRTOS/Source/timers.c.obj
 *fill*         0x0800795e        0x2 
 .text.MX_ADC1_Init
                0x08007960       0x70 CMakeFiles/Classis_Board.elf.dir/Src/adc.c.obj
                0x08007960                MX_ADC1_Init
 .text.MX_ADC3_Init
                0x080079d0       0x70 CMakeFiles/Classis_Board.elf.dir/Src/adc.c.obj
                0x080079d0                MX_ADC3_Init
 .text.HAL_ADC_MspInit
                0x08007a40       0x90 CMakeFiles/Classis_Board.elf.dir/Src/adc.c.obj
                0x08007a40                HAL_ADC_MspInit
 .text.MX_CAN1_Init
                0x08007ad0       0x40 CMakeFiles/Classis_Board.elf.dir/Src/can.c.obj
                0x08007ad0                MX_CAN1_Init
 .text.MX_CAN2_Init
                0x08007b10       0x40 CMakeFiles/Classis_Board.elf.dir/Src/can.c.obj
                0x08007b10                MX_CAN2_Init
 .text.HAL_CAN_MspInit
                0x08007b50      0x120 CMakeFiles/Classis_Board.elf.dir/Src/can.c.obj
                0x08007b50                HAL_CAN_MspInit
 .text.MX_CRC_Init
                0x08007c70       0x20 CMakeFiles/Classis_Board.elf.dir/Src/crc.c.obj
                0x08007c70                MX_CRC_Init
 .text.HAL_CRC_MspInit
                0x08007c90       0x30 CMakeFiles/Classis_Board.elf.dir/Src/crc.c.obj
                0x08007c90                HAL_CRC_MspInit
 .text.MX_DMA_Init
                0x08007cc0       0xa8 CMakeFiles/Classis_Board.elf.dir/Src/dma.c.obj
                0x08007cc0                MX_DMA_Init
 .text.start_task
                0x08007d68       0x14 CMakeFiles/Classis_Board.elf.dir/Src/freertos.c.obj
                0x08007d68                start_task
 .text.vApplicationGetIdleTaskMemory
                0x08007d7c       0x18 CMakeFiles/Classis_Board.elf.dir/Src/freertos.c.obj
                0x08007d7c                vApplicationGetIdleTaskMemory
 .text.vApplicationGetTimerTaskMemory
                0x08007d94       0x18 CMakeFiles/Classis_Board.elf.dir/Src/freertos.c.obj
                0x08007d94                vApplicationGetTimerTaskMemory
 .text.MX_FREERTOS_Init
                0x08007dac       0x30 CMakeFiles/Classis_Board.elf.dir/Src/freertos.c.obj
                0x08007dac                MX_FREERTOS_Init
 .text.MX_GPIO_Init
                0x08007ddc      0x200 CMakeFiles/Classis_Board.elf.dir/Src/gpio.c.obj
                0x08007ddc                MX_GPIO_Init
 .text.MX_I2C1_Init
                0x08007fdc       0x3c CMakeFiles/Classis_Board.elf.dir/Src/i2c.c.obj
                0x08007fdc                MX_I2C1_Init
 .text.MX_I2C2_Init
                0x08008018       0x3c CMakeFiles/Classis_Board.elf.dir/Src/i2c.c.obj
                0x08008018                MX_I2C2_Init
 .text.MX_I2C3_Init
                0x08008054       0x3c CMakeFiles/Classis_Board.elf.dir/Src/i2c.c.obj
                0x08008054                MX_I2C3_Init
 .text.HAL_I2C_MspInit
                0x08008090      0x1a4 CMakeFiles/Classis_Board.elf.dir/Src/i2c.c.obj
                0x08008090                HAL_I2C_MspInit
 .text.SystemClock_Config
                0x08008234       0xb0 CMakeFiles/Classis_Board.elf.dir/Src/main.c.obj
                0x08008234                SystemClock_Config
 .text.main     0x080082e4       0x78 CMakeFiles/Classis_Board.elf.dir/Src/main.c.obj
                0x080082e4                main
 .text.Error_Handler
                0x0800835c        0x2 CMakeFiles/Classis_Board.elf.dir/Src/main.c.obj
                0x0800835c                Error_Handler
 *fill*         0x0800835e        0x2 
 .text.MX_RNG_Init
                0x08008360       0x20 CMakeFiles/Classis_Board.elf.dir/Src/rng.c.obj
                0x08008360                MX_RNG_Init
 .text.HAL_RNG_MspInit
                0x08008380       0x30 CMakeFiles/Classis_Board.elf.dir/Src/rng.c.obj
                0x08008380                HAL_RNG_MspInit
 .text.MX_RTC_Init
                0x080083b0       0x34 CMakeFiles/Classis_Board.elf.dir/Src/rtc.c.obj
                0x080083b0                MX_RTC_Init
 .text.HAL_RTC_MspInit
                0x080083e4       0x1c CMakeFiles/Classis_Board.elf.dir/Src/rtc.c.obj
                0x080083e4                HAL_RTC_MspInit
 .text.MX_SPI1_Init
                0x08008400       0x48 CMakeFiles/Classis_Board.elf.dir/Src/spi.c.obj
                0x08008400                MX_SPI1_Init
 .text.MX_SPI2_Init
                0x08008448       0x48 CMakeFiles/Classis_Board.elf.dir/Src/spi.c.obj
                0x08008448                MX_SPI2_Init
 .text.HAL_SPI_MspInit
                0x08008490      0x188 CMakeFiles/Classis_Board.elf.dir/Src/spi.c.obj
                0x08008490                HAL_SPI_MspInit
 .text.HAL_MspInit
                0x08008618       0x44 CMakeFiles/Classis_Board.elf.dir/Src/stm32f4xx_hal_msp.c.obj
                0x08008618                HAL_MspInit
 .text.NMI_Handler
                0x0800865c        0x2 CMakeFiles/Classis_Board.elf.dir/Src/stm32f4xx_it.c.obj
                0x0800865c                NMI_Handler
 .text.HardFault_Handler
                0x0800865e        0x2 CMakeFiles/Classis_Board.elf.dir/Src/stm32f4xx_it.c.obj
                0x0800865e                HardFault_Handler
 .text.MemManage_Handler
                0x08008660        0x2 CMakeFiles/Classis_Board.elf.dir/Src/stm32f4xx_it.c.obj
                0x08008660                MemManage_Handler
 .text.BusFault_Handler
                0x08008662        0x2 CMakeFiles/Classis_Board.elf.dir/Src/stm32f4xx_it.c.obj
                0x08008662                BusFault_Handler
 .text.UsageFault_Handler
                0x08008664        0x2 CMakeFiles/Classis_Board.elf.dir/Src/stm32f4xx_it.c.obj
                0x08008664                UsageFault_Handler
 .text.DebugMon_Handler
                0x08008666        0x2 CMakeFiles/Classis_Board.elf.dir/Src/stm32f4xx_it.c.obj
                0x08008666                DebugMon_Handler
 .text.SysTick_Handler
                0x08008668       0x16 CMakeFiles/Classis_Board.elf.dir/Src/stm32f4xx_it.c.obj
                0x08008668                SysTick_Handler
 .text.EXTI0_IRQHandler
                0x0800867e        0xa CMakeFiles/Classis_Board.elf.dir/Src/stm32f4xx_it.c.obj
                0x0800867e                EXTI0_IRQHandler
 .text.EXTI3_IRQHandler
                0x08008688        0xa CMakeFiles/Classis_Board.elf.dir/Src/stm32f4xx_it.c.obj
                0x08008688                EXTI3_IRQHandler
 .text.EXTI4_IRQHandler
                0x08008692        0xa CMakeFiles/Classis_Board.elf.dir/Src/stm32f4xx_it.c.obj
                0x08008692                EXTI4_IRQHandler
 .text.CAN1_RX0_IRQHandler
                0x0800869c       0x10 CMakeFiles/Classis_Board.elf.dir/Src/stm32f4xx_it.c.obj
                0x0800869c                CAN1_RX0_IRQHandler
 .text.EXTI9_5_IRQHandler
                0x080086ac        0xa CMakeFiles/Classis_Board.elf.dir/Src/stm32f4xx_it.c.obj
                0x080086ac                EXTI9_5_IRQHandler
 *fill*         0x080086b6        0x2 
 .text.DMA2_Stream1_IRQHandler
                0x080086b8       0x10 CMakeFiles/Classis_Board.elf.dir/Src/stm32f4xx_it.c.obj
                0x080086b8                DMA2_Stream1_IRQHandler
 .text.CAN2_RX0_IRQHandler
                0x080086c8       0x10 CMakeFiles/Classis_Board.elf.dir/Src/stm32f4xx_it.c.obj
                0x080086c8                CAN2_RX0_IRQHandler
 .text.OTG_FS_IRQHandler
                0x080086d8       0x10 CMakeFiles/Classis_Board.elf.dir/Src/stm32f4xx_it.c.obj
                0x080086d8                OTG_FS_IRQHandler
 .text.DMA2_Stream6_IRQHandler
                0x080086e8       0x10 CMakeFiles/Classis_Board.elf.dir/Src/stm32f4xx_it.c.obj
                0x080086e8                DMA2_Stream6_IRQHandler
 .text.DMA2_Stream7_IRQHandler
                0x080086f8       0x10 CMakeFiles/Classis_Board.elf.dir/Src/stm32f4xx_it.c.obj
                0x080086f8                DMA2_Stream7_IRQHandler
 .text._getpid  0x08008708        0x4 CMakeFiles/Classis_Board.elf.dir/Src/syscalls.c.obj
                0x08008708                _getpid
 .text._kill    0x0800870c       0x10 CMakeFiles/Classis_Board.elf.dir/Src/syscalls.c.obj
                0x0800870c                _kill
 .text._exit    0x0800871c        0xc CMakeFiles/Classis_Board.elf.dir/Src/syscalls.c.obj
                0x0800871c                _exit
 .text.SystemInit
                0x08008728       0x4c CMakeFiles/Classis_Board.elf.dir/Src/system_stm32f4xx.c.obj
                0x08008728                SystemInit
 .text.HAL_TIM_Base_MspInit
                0x08008774       0xe4 CMakeFiles/Classis_Board.elf.dir/Src/tim.c.obj
                0x08008774                HAL_TIM_Base_MspInit
 .text.HAL_TIM_MspPostInit
                0x08008858      0x1d0 CMakeFiles/Classis_Board.elf.dir/Src/tim.c.obj
                0x08008858                HAL_TIM_MspPostInit
 .text.MX_TIM1_Init
                0x08008a28      0x124 CMakeFiles/Classis_Board.elf.dir/Src/tim.c.obj
                0x08008a28                MX_TIM1_Init
 .text.MX_TIM3_Init
                0x08008b4c       0xac CMakeFiles/Classis_Board.elf.dir/Src/tim.c.obj
                0x08008b4c                MX_TIM3_Init
 .text.MX_TIM4_Init
                0x08008bf8       0xb0 CMakeFiles/Classis_Board.elf.dir/Src/tim.c.obj
                0x08008bf8                MX_TIM4_Init
 .text.MX_TIM5_Init
                0x08008ca8       0xd4 CMakeFiles/Classis_Board.elf.dir/Src/tim.c.obj
                0x08008ca8                MX_TIM5_Init
 .text.MX_TIM8_Init
                0x08008d7c      0x100 CMakeFiles/Classis_Board.elf.dir/Src/tim.c.obj
                0x08008d7c                MX_TIM8_Init
 .text.MX_TIM10_Init
                0x08008e7c       0x74 CMakeFiles/Classis_Board.elf.dir/Src/tim.c.obj
                0x08008e7c                MX_TIM10_Init
 .text.MX_USART1_UART_Init
                0x08008ef0       0x34 CMakeFiles/Classis_Board.elf.dir/Src/usart.c.obj
                0x08008ef0                MX_USART1_UART_Init
 .text.MX_USART3_UART_Init
                0x08008f24       0x3c CMakeFiles/Classis_Board.elf.dir/Src/usart.c.obj
                0x08008f24                MX_USART3_UART_Init
 .text.MX_USART6_UART_Init
                0x08008f60       0x34 CMakeFiles/Classis_Board.elf.dir/Src/usart.c.obj
                0x08008f60                MX_USART6_UART_Init
 .text.HAL_UART_MspInit
                0x08008f94      0x288 CMakeFiles/Classis_Board.elf.dir/Src/usart.c.obj
                0x08008f94                HAL_UART_MspInit
 .text.HAL_PCD_SetupStageCallback
                0x0800921c       0x10 CMakeFiles/Classis_Board.elf.dir/Src/usbd_conf.c.obj
                0x0800921c                HAL_PCD_SetupStageCallback
 .text.HAL_PCD_DataOutStageCallback
                0x0800922c       0x18 CMakeFiles/Classis_Board.elf.dir/Src/usbd_conf.c.obj
                0x0800922c                HAL_PCD_DataOutStageCallback
 .text.HAL_PCD_DataInStageCallback
                0x08009244       0x16 CMakeFiles/Classis_Board.elf.dir/Src/usbd_conf.c.obj
                0x08009244                HAL_PCD_DataInStageCallback
 .text.HAL_PCD_SOFCallback
                0x0800925a        0xc CMakeFiles/Classis_Board.elf.dir/Src/usbd_conf.c.obj
                0x0800925a                HAL_PCD_SOFCallback
 .text.HAL_PCD_ResetCallback
                0x08009266       0x2c CMakeFiles/Classis_Board.elf.dir/Src/usbd_conf.c.obj
                0x08009266                HAL_PCD_ResetCallback
 *fill*         0x08009292        0x2 
 .text.HAL_PCD_SuspendCallback
                0x08009294       0x30 CMakeFiles/Classis_Board.elf.dir/Src/usbd_conf.c.obj
                0x08009294                HAL_PCD_SuspendCallback
 .text.HAL_PCD_ResumeCallback
                0x080092c4        0xc CMakeFiles/Classis_Board.elf.dir/Src/usbd_conf.c.obj
                0x080092c4                HAL_PCD_ResumeCallback
 .text.HAL_PCD_ISOOUTIncompleteCallback
                0x080092d0        0xc CMakeFiles/Classis_Board.elf.dir/Src/usbd_conf.c.obj
                0x080092d0                HAL_PCD_ISOOUTIncompleteCallback
 .text.HAL_PCD_ISOINIncompleteCallback
                0x080092dc        0xc CMakeFiles/Classis_Board.elf.dir/Src/usbd_conf.c.obj
                0x080092dc                HAL_PCD_ISOINIncompleteCallback
 .text.HAL_PCD_ConnectCallback
                0x080092e8        0xc CMakeFiles/Classis_Board.elf.dir/Src/usbd_conf.c.obj
                0x080092e8                HAL_PCD_ConnectCallback
 .text.HAL_PCD_DisconnectCallback
                0x080092f4        0xc CMakeFiles/Classis_Board.elf.dir/Src/usbd_conf.c.obj
                0x080092f4                HAL_PCD_DisconnectCallback
 .text.USBD_LL_IsStallEP
                0x08009300       0x2e CMakeFiles/Classis_Board.elf.dir/Src/usbd_conf.c.obj
                0x08009300                USBD_LL_IsStallEP
 .text.USBD_Get_USB_Status
                0x0800932e       0x14 CMakeFiles/Classis_Board.elf.dir/Src/usbd_conf.c.obj
                0x0800932e                USBD_Get_USB_Status
 .text.USBD_LL_OpenEP
                0x08009342       0x16 CMakeFiles/Classis_Board.elf.dir/Src/usbd_conf.c.obj
                0x08009342                USBD_LL_OpenEP
 .text.USBD_LL_StallEP
                0x08009358       0x10 CMakeFiles/Classis_Board.elf.dir/Src/usbd_conf.c.obj
                0x08009358                USBD_LL_StallEP
 .text.USBD_LL_ClearStallEP
                0x08009368       0x10 CMakeFiles/Classis_Board.elf.dir/Src/usbd_conf.c.obj
                0x08009368                USBD_LL_ClearStallEP
 .text.USBD_LL_SetUSBAddress
                0x08009378       0x10 CMakeFiles/Classis_Board.elf.dir/Src/usbd_conf.c.obj
                0x08009378                USBD_LL_SetUSBAddress
 .text.USBD_LL_Transmit
                0x08009388       0x10 CMakeFiles/Classis_Board.elf.dir/Src/usbd_conf.c.obj
                0x08009388                USBD_LL_Transmit
 .text.USBD_LL_PrepareReceive
                0x08009398       0x10 CMakeFiles/Classis_Board.elf.dir/Src/usbd_conf.c.obj
                0x08009398                USBD_LL_PrepareReceive
 .text.can_filter_init
                0x080093a8       0x5c CMakeFiles/Classis_Board.elf.dir/hardware/bsp_can.c.obj
                0x080093a8                can_filter_init
 .text._ZN9M_Chassis15feedback_updateEv
                0x08009404       0xb4 CMakeFiles/Classis_Board.elf.dir/module/M_Chassis.cpp.obj
                0x08009404                M_Chassis::feedback_update()
 .text._ZN9M_Chassis4initEv
                0x080094b8       0xd4 CMakeFiles/Classis_Board.elf.dir/module/M_Chassis.cpp.obj
                0x080094b8                M_Chassis::init()
 .text._ZN9M_Chassis8set_modeEv
                0x0800958c       0x54 CMakeFiles/Classis_Board.elf.dir/module/M_Chassis.cpp.obj
                0x0800958c                M_Chassis::set_mode()
 .text._ZN9M_Chassis16mode_change_saveEv
                0x080095e0       0x3c CMakeFiles/Classis_Board.elf.dir/module/M_Chassis.cpp.obj
                0x080095e0                M_Chassis::mode_change_save()
 .text._ZN9M_Chassis26chassis_zero_force_controlEPfS0_S0_
                0x0800961c       0x10 CMakeFiles/Classis_Board.elf.dir/module/M_Chassis.cpp.obj
                0x0800961c                M_Chassis::chassis_zero_force_control(float*, float*, float*)
 .text._ZN9M_Chassis23chassis_no_move_controlEPfS0_S0_
                0x0800962c       0x10 CMakeFiles/Classis_Board.elf.dir/module/M_Chassis.cpp.obj
                0x0800962c                M_Chassis::chassis_no_move_control(float*, float*, float*)
 .text._ZN9M_Chassis28chassis_rc_to_control_vectorEPfS0_
                0x0800963c      0x114 CMakeFiles/Classis_Board.elf.dir/module/M_Chassis.cpp.obj
                0x0800963c                M_Chassis::chassis_rc_to_control_vector(float*, float*)
 .text._ZN9M_Chassis43chassis_engineer_follow_chassis_yaw_controlEPfS0_S0_
                0x08009750       0x50 CMakeFiles/Classis_Board.elf.dir/module/M_Chassis.cpp.obj
                0x08009750                M_Chassis::chassis_engineer_follow_chassis_yaw_control(float*, float*, float*)
 .text._ZN9M_Chassis29chassis_no_follow_yaw_controlEPfS0_S0_
                0x080097a0       0x34 CMakeFiles/Classis_Board.elf.dir/module/M_Chassis.cpp.obj
                0x080097a0                M_Chassis::chassis_no_follow_yaw_control(float*, float*, float*)
 .text._ZN9M_Chassis24chassis_open_set_controlEPfS0_S0_
                0x080097d4       0x52 CMakeFiles/Classis_Board.elf.dir/module/M_Chassis.cpp.obj
                0x080097d4                M_Chassis::chassis_open_set_control(float*, float*, float*)
 .text._ZN9M_Chassis29chassis_behaviour_control_setEPfS0_S0_
                0x08009826       0x54 CMakeFiles/Classis_Board.elf.dir/module/M_Chassis.cpp.obj
                0x08009826                M_Chassis::chassis_behaviour_control_set(float*, float*, float*)
 *fill*         0x0800987a        0x2 
 .text._ZN9M_Chassis11set_contorlEv
                0x0800987c      0x1bc CMakeFiles/Classis_Board.elf.dir/module/M_Chassis.cpp.obj
                0x0800987c                M_Chassis::set_contorl()
 .text._ZN9M_Chassis5solveEv
                0x08009a38      0x108 CMakeFiles/Classis_Board.elf.dir/module/M_Chassis.cpp.obj
                0x08009a38                M_Chassis::solve()
 .text._ZN9M_Chassis8pid_calcEv
                0x08009b40       0x30 CMakeFiles/Classis_Board.elf.dir/module/M_Chassis.cpp.obj
                0x08009b40                M_Chassis::pid_calc()
 .text._ZN9M_Chassis10power_ctrlEv
                0x08009b70        0x2 CMakeFiles/Classis_Board.elf.dir/module/M_Chassis.cpp.obj
                0x08009b70                M_Chassis::power_ctrl()
 .text._ZN9M_Chassis2goEv
                0x08009b72       0x4c CMakeFiles/Classis_Board.elf.dir/module/M_Chassis.cpp.obj
                0x08009b72                M_Chassis::go()
 .text._ZN18first_order_filter23first_order_filter_initEfPKf
                0x08009bbe       0x10 CMakeFiles/Classis_Board.elf.dir/module/first_order_filter.cpp.obj
                0x08009bbe                first_order_filter::first_order_filter_init(float, float const*)
 .text._ZN18first_order_filter23first_order_filter_caliEf
                0x08009bce       0x2e CMakeFiles/Classis_Board.elf.dir/module/first_order_filter.cpp.obj
                0x08009bce                first_order_filter::first_order_filter_cali(float)
 .text._ZN13motor_measure17get_motor_measureEPKh
                0x08009bfc       0x28 CMakeFiles/Classis_Board.elf.dir/module/motor_measure.cpp.obj
                0x08009bfc                motor_measure::get_motor_measure(unsigned char const*)
 .text._ZN3pid8PID_initEhPKfff
                0x08009c24       0x2e CMakeFiles/Classis_Board.elf.dir/module/pid.cpp.obj
                0x08009c24                pid::PID_init(unsigned char, float const*, float, float)
 .text._ZN3pid8PID_calcEff
                0x08009c52      0x146 CMakeFiles/Classis_Board.elf.dir/module/pid.cpp.obj
                0x08009c52                pid::PID_calc(float, float)
 .text.RC_Init  0x08009d98       0x68 CMakeFiles/Classis_Board.elf.dir/module/remote_data.c.obj
                0x08009d98                RC_Init
 .text.remote_control_init
                0x08009e00       0x14 CMakeFiles/Classis_Board.elf.dir/module/remote_data.c.obj
                0x08009e00                remote_control_init
 .text.sbus_to_rc
                0x08009e14       0xc6 CMakeFiles/Classis_Board.elf.dir/module/remote_data.c.obj
                0x08009e14                sbus_to_rc
 *fill*         0x08009eda        0x2 
 .text.USART3_IRQHandler
                0x08009edc       0xe4 CMakeFiles/Classis_Board.elf.dir/module/remote_data.c.obj
                0x08009edc                USART3_IRQHandler
 .text._Z19loop_fp32_constrainfff
                0x08009fc0       0x48 CMakeFiles/Classis_Board.elf.dir/module/user_lib.cpp.obj
                0x08009fc0                loop_fp32_constrain(float, float, float)
 .text._Z14fp32_constrainfff
                0x0800a008       0x20 CMakeFiles/Classis_Board.elf.dir/module/user_lib.cpp.obj
                0x0800a008                fp32_constrain(float, float, float)
 .text.Reset_Handler
                0x0800a028       0x50 CMakeFiles/Classis_Board.elf.dir/startup/startup_stm32f407xx.s.obj
                0x0800a028                Reset_Handler
 .text.Default_Handler
                0x0800a078        0x2 CMakeFiles/Classis_Board.elf.dir/startup/startup_stm32f407xx.s.obj
                0x0800a078                RTC_Alarm_IRQHandler
                0x0800a078                HASH_RNG_IRQHandler
                0x0800a078                EXTI2_IRQHandler
                0x0800a078                TIM8_CC_IRQHandler
                0x0800a078                TIM1_CC_IRQHandler
                0x0800a078                DMA2_Stream5_IRQHandler
                0x0800a078                DMA1_Stream5_IRQHandler
                0x0800a078                PVD_IRQHandler
                0x0800a078                SDIO_IRQHandler
                0x0800a078                TAMP_STAMP_IRQHandler
                0x0800a078                CAN2_RX1_IRQHandler
                0x0800a078                TIM8_TRG_COM_TIM14_IRQHandler
                0x0800a078                TIM1_UP_TIM10_IRQHandler
                0x0800a078                TIM8_UP_TIM13_IRQHandler
                0x0800a078                I2C3_ER_IRQHandler
                0x0800a078                I2C2_EV_IRQHandler
                0x0800a078                DMA1_Stream2_IRQHandler
                0x0800a078                FPU_IRQHandler
                0x0800a078                OTG_HS_WKUP_IRQHandler
                0x0800a078                CAN2_SCE_IRQHandler
                0x0800a078                DMA2_Stream2_IRQHandler
                0x0800a078                SPI1_IRQHandler
                0x0800a078                TIM6_DAC_IRQHandler
                0x0800a078                TIM1_BRK_TIM9_IRQHandler
                0x0800a078                DCMI_IRQHandler
                0x0800a078                DMA2_Stream3_IRQHandler
                0x0800a078                USART6_IRQHandler
                0x0800a078                CAN1_RX1_IRQHandler
                0x0800a078                UART5_IRQHandler
                0x0800a078                DMA2_Stream0_IRQHandler
                0x0800a078                TIM4_IRQHandler
                0x0800a078                I2C1_EV_IRQHandler
                0x0800a078                DMA1_Stream6_IRQHandler
                0x0800a078                DMA1_Stream1_IRQHandler
                0x0800a078                UART4_IRQHandler
                0x0800a078                TIM3_IRQHandler
                0x0800a078                RCC_IRQHandler
                0x0800a078                TIM8_BRK_TIM12_IRQHandler
                0x0800a078                Default_Handler
                0x0800a078                EXTI15_10_IRQHandler
                0x0800a078                ADC_IRQHandler
                0x0800a078                DMA1_Stream7_IRQHandler
                0x0800a078                TIM7_IRQHandler
                0x0800a078                CAN2_TX_IRQHandler
                0x0800a078                TIM5_IRQHandler
                0x0800a078                I2C3_EV_IRQHandler
                0x0800a078                RTC_WKUP_IRQHandler
                0x0800a078                ETH_WKUP_IRQHandler
                0x0800a078                SPI2_IRQHandler
                0x0800a078                OTG_HS_EP1_IN_IRQHandler
                0x0800a078                DMA1_Stream0_IRQHandler
                0x0800a078                CAN1_TX_IRQHandler
                0x0800a078                FSMC_IRQHandler
                0x0800a078                ETH_IRQHandler
                0x0800a078                OTG_HS_EP1_OUT_IRQHandler
                0x0800a078                WWDG_IRQHandler
                0x0800a078                TIM2_IRQHandler
                0x0800a078                OTG_FS_WKUP_IRQHandler
                0x0800a078                TIM1_TRG_COM_TIM11_IRQHandler
                0x0800a078                OTG_HS_IRQHandler
                0x0800a078                EXTI1_IRQHandler
                0x0800a078                USART2_IRQHandler
                0x0800a078                I2C2_ER_IRQHandler
                0x0800a078                CAN1_SCE_IRQHandler
                0x0800a078                FLASH_IRQHandler
                0x0800a078                DMA2_Stream4_IRQHandler
                0x0800a078                USART1_IRQHandler
                0x0800a078                SPI3_IRQHandler
                0x0800a078                DMA1_Stream4_IRQHandler
                0x0800a078                I2C1_ER_IRQHandler
                0x0800a078                DMA1_Stream3_IRQHandler
 *fill*         0x0800a07a        0x6 
 .text.cos      0x0800a080       0x90 d:/gcc-arm-none-eabi-10.3-2021.10/bin/../lib/gcc/arm-none-eabi/10.3.1/../../../../arm-none-eabi/lib/thumb/v7e-m+fp/hard\libm.a(lib_a-s_cos.o)
                0x0800a080                cos
 .text.sin      0x0800a110       0x90 d:/gcc-arm-none-eabi-10.3-2021.10/bin/../lib/gcc/arm-none-eabi/10.3.1/../../../../arm-none-eabi/lib/thumb/v7e-m+fp/hard\libm.a(lib_a-s_sin.o)
                0x0800a110                sin
 .text.__ieee754_rem_pio2
                0x0800a1a0      0x44c d:/gcc-arm-none-eabi-10.3-2021.10/bin/../lib/gcc/arm-none-eabi/10.3.1/../../../../arm-none-eabi/lib/thumb/v7e-m+fp/hard\libm.a(lib_a-e_rem_pio2.o)
                0x0800a1a0                __ieee754_rem_pio2
 *fill*         0x0800a5ec        0x4 
 .text.__kernel_cos
                0x0800a5f0      0x27c d:/gcc-arm-none-eabi-10.3-2021.10/bin/../lib/gcc/arm-none-eabi/10.3.1/../../../../arm-none-eabi/lib/thumb/v7e-m+fp/hard\libm.a(lib_a-k_cos.o)
                0x0800a5f0                __kernel_cos
 *fill*         0x0800a86c        0x4 
 .text.__kernel_rem_pio2
                0x0800a870      0x850 d:/gcc-arm-none-eabi-10.3-2021.10/bin/../lib/gcc/arm-none-eabi/10.3.1/../../../../arm-none-eabi/lib/thumb/v7e-m+fp/hard\libm.a(lib_a-k_rem_pio2.o)
                0x0800a870                __kernel_rem_pio2
 .text.__kernel_sin
                0x0800b0c0      0x17c d:/gcc-arm-none-eabi-10.3-2021.10/bin/../lib/gcc/arm-none-eabi/10.3.1/../../../../arm-none-eabi/lib/thumb/v7e-m+fp/hard\libm.a(lib_a-k_sin.o)
                0x0800b0c0                __kernel_sin
 .text.fabs     0x0800b23c       0x14 d:/gcc-arm-none-eabi-10.3-2021.10/bin/../lib/gcc/arm-none-eabi/10.3.1/../../../../arm-none-eabi/lib/thumb/v7e-m+fp/hard\libm.a(lib_a-s_fabs.o)
                0x0800b23c                fabs
 .text.floor    0x0800b250      0x108 d:/gcc-arm-none-eabi-10.3-2021.10/bin/../lib/gcc/arm-none-eabi/10.3.1/../../../../arm-none-eabi/lib/thumb/v7e-m+fp/hard\libm.a(lib_a-s_floor.o)
                0x0800b250                floor
 .text.scalbn   0x0800b358      0x124 d:/gcc-arm-none-eabi-10.3-2021.10/bin/../lib/gcc/arm-none-eabi/10.3.1/../../../../arm-none-eabi/lib/thumb/v7e-m+fp/hard\libm.a(lib_a-s_scalbn.o)
                0x0800b358                scalbn
 .text.abort    0x0800b47c       0x10 d:/gcc-arm-none-eabi-10.3-2021.10/bin/../lib/gcc/arm-none-eabi/10.3.1/../../../../arm-none-eabi/lib/thumb/v7e-m+fp/hard\libg.a(lib_a-abort.o)
                0x0800b47c                abort
 .text.__errno  0x0800b48c        0xc d:/gcc-arm-none-eabi-10.3-2021.10/bin/../lib/gcc/arm-none-eabi/10.3.1/../../../../arm-none-eabi/lib/thumb/v7e-m+fp/hard\libg.a(lib_a-errno.o)
                0x0800b48c                __errno
 .text.__libc_init_array
                0x0800b498       0x48 d:/gcc-arm-none-eabi-10.3-2021.10/bin/../lib/gcc/arm-none-eabi/10.3.1/../../../../arm-none-eabi/lib/thumb/v7e-m+fp/hard\libg.a(lib_a-init.o)
                0x0800b498                __libc_init_array
 .text.memset   0x0800b4e0       0xa4 d:/gcc-arm-none-eabi-10.3-2021.10/bin/../lib/gcc/arm-none-eabi/10.3.1/../../../../arm-none-eabi/lib/thumb/v7e-m+fp/hard\libg.a(lib_a-memset.o)
                0x0800b4e0                memset
 .text.raise    0x0800b584       0x5c d:/gcc-arm-none-eabi-10.3-2021.10/bin/../lib/gcc/arm-none-eabi/10.3.1/../../../../arm-none-eabi/lib/thumb/v7e-m+fp/hard\libg.a(lib_a-signal.o)
                0x0800b584                raise
 .text._kill_r  0x0800b5e0       0x2c d:/gcc-arm-none-eabi-10.3-2021.10/bin/../lib/gcc/arm-none-eabi/10.3.1/../../../../arm-none-eabi/lib/thumb/v7e-m+fp/hard\libg.a(lib_a-signalr.o)
                0x0800b5e0                _kill_r
 .text._getpid_r
                0x0800b60c        0x4 d:/gcc-arm-none-eabi-10.3-2021.10/bin/../lib/gcc/arm-none-eabi/10.3.1/../../../../arm-none-eabi/lib/thumb/v7e-m+fp/hard\libg.a(lib_a-signalr.o)
                0x0800b60c                _getpid_r
 .text.startup.register_fini
                0x0800b610       0x14 d:/gcc-arm-none-eabi-10.3-2021.10/bin/../lib/gcc/arm-none-eabi/10.3.1/../../../../arm-none-eabi/lib/thumb/v7e-m+fp/hard\libg.a(lib_a-__call_atexit.o)
 .text.atexit   0x0800b624        0xc d:/gcc-arm-none-eabi-10.3-2021.10/bin/../lib/gcc/arm-none-eabi/10.3.1/../../../../arm-none-eabi/lib/thumb/v7e-m+fp/hard\libg.a(lib_a-atexit.o)
                0x0800b624                atexit
 .text.__libc_fini_array
                0x0800b630       0x2c d:/gcc-arm-none-eabi-10.3-2021.10/bin/../lib/gcc/arm-none-eabi/10.3.1/../../../../arm-none-eabi/lib/thumb/v7e-m+fp/hard\libg.a(lib_a-fini.o)
                0x0800b630                __libc_fini_array
 .text.__retarget_lock_acquire_recursive
                0x0800b65c        0x4 d:/gcc-arm-none-eabi-10.3-2021.10/bin/../lib/gcc/arm-none-eabi/10.3.1/../../../../arm-none-eabi/lib/thumb/v7e-m+fp/hard\libg.a(lib_a-lock.o)
                0x0800b65c                __retarget_lock_acquire_recursive
 .text.__retarget_lock_release_recursive
                0x0800b660        0x4 d:/gcc-arm-none-eabi-10.3-2021.10/bin/../lib/gcc/arm-none-eabi/10.3.1/../../../../arm-none-eabi/lib/thumb/v7e-m+fp/hard\libg.a(lib_a-lock.o)
                0x0800b660                __retarget_lock_release_recursive
 .text.__register_exitproc
                0x0800b664       0x8c d:/gcc-arm-none-eabi-10.3-2021.10/bin/../lib/gcc/arm-none-eabi/10.3.1/../../../../arm-none-eabi/lib/thumb/v7e-m+fp/hard\libg.a(lib_a-__atexit.o)
                0x0800b664                __register_exitproc
 *(.glue_7)
 .glue_7        0x0800b6f0        0x0 linker stubs
 *(.glue_7t)
 .glue_7t       0x0800b6f0        0x0 linker stubs
 *(.eh_frame)
 .eh_frame      0x0800b6f0        0x0 d:/gcc-arm-none-eabi-10.3-2021.10/bin/../lib/gcc/arm-none-eabi/10.3.1/thumb/v7e-m+fp/hard/crtbegin.o
 *(.init)
 .init          0x0800b6f0        0x4 d:/gcc-arm-none-eabi-10.3-2021.10/bin/../lib/gcc/arm-none-eabi/10.3.1/thumb/v7e-m+fp/hard/crti.o
                0x0800b6f0                _init
 .init          0x0800b6f4        0x8 d:/gcc-arm-none-eabi-10.3-2021.10/bin/../lib/gcc/arm-none-eabi/10.3.1/thumb/v7e-m+fp/hard/crtn.o
 *(.fini)
 .fini          0x0800b6fc        0x4 d:/gcc-arm-none-eabi-10.3-2021.10/bin/../lib/gcc/arm-none-eabi/10.3.1/thumb/v7e-m+fp/hard/crti.o
                0x0800b6fc                _fini
 .fini          0x0800b700        0x8 d:/gcc-arm-none-eabi-10.3-2021.10/bin/../lib/gcc/arm-none-eabi/10.3.1/thumb/v7e-m+fp/hard/crtn.o
                0x0800b708                . = ALIGN (0x4)
                0x0800b708                _etext = .

.vfp11_veneer   0x0800b708        0x0
 .vfp11_veneer  0x0800b708        0x0 linker stubs

.v4_bx          0x0800b708        0x0
 .v4_bx         0x0800b708        0x0 linker stubs

.iplt           0x0800b708        0x0
 .iplt          0x0800b708        0x0 d:/gcc-arm-none-eabi-10.3-2021.10/bin/../lib/gcc/arm-none-eabi/10.3.1/thumb/v7e-m+fp/hard/crtbegin.o

.rodata         0x0800b708      0x26c
                0x0800b708                . = ALIGN (0x4)
 *(.rodata)
 .rodata        0x0800b708       0x1c CMakeFiles/Classis_Board.elf.dir/Src/freertos.c.obj
 *(.rodata*)
 .rodata.Task_start.str1.4
                0x0800b724        0xd CMakeFiles/Classis_Board.elf.dir/APP/System_Config.cpp.obj
 *fill*         0x0800b731        0x3 
 .rodata.flagBitshiftOffset.0
                0x0800b734        0x8 CMakeFiles/Classis_Board.elf.dir/Drivers/STM32F4xx_HAL_Driver/Src/stm32f4xx_hal_dma.c.obj
 .rodata.vTaskStartScheduler.str1.4
                0x0800b73c        0x5 CMakeFiles/Classis_Board.elf.dir/Middlewares/Third_Party/FreeRTOS/Source/tasks.c.obj
 *fill*         0x0800b741        0x3 
 .rodata.prvCheckForValidListAndQueue.str1.4
                0x0800b744        0x5 CMakeFiles/Classis_Board.elf.dir/Middlewares/Third_Party/FreeRTOS/Source/timers.c.obj
 *fill*         0x0800b749        0x3 
 .rodata.xTimerCreateTimerTask.str1.4
                0x0800b74c        0x8 CMakeFiles/Classis_Board.elf.dir/Middlewares/Third_Party/FreeRTOS/Source/timers.c.obj
 .rodata.str1.4
                0x0800b754        0x6 CMakeFiles/Classis_Board.elf.dir/Src/freertos.c.obj
 *fill*         0x0800b75a        0x2 
 .rodata.AHBPrescTable
                0x0800b75c       0x10 CMakeFiles/Classis_Board.elf.dir/Src/system_stm32f4xx.c.obj
                0x0800b75c                AHBPrescTable
 .rodata.APBPrescTable
                0x0800b76c        0x8 CMakeFiles/Classis_Board.elf.dir/Src/system_stm32f4xx.c.obj
                0x0800b76c                APBPrescTable
 .rodata._ZZN9M_Chassis4initEvE15chassis_yaw_pid
                0x0800b774        0xc CMakeFiles/Classis_Board.elf.dir/module/M_Chassis.cpp.obj
 .rodata._ZZN9M_Chassis4initEvE15motor_speed_pid
                0x0800b780        0xc CMakeFiles/Classis_Board.elf.dir/module/M_Chassis.cpp.obj
 .rodata._ZZN9M_Chassis4initEvE22chassis_x_order_filter
                0x0800b78c        0x4 CMakeFiles/Classis_Board.elf.dir/module/M_Chassis.cpp.obj
 .rodata._ZZN9M_Chassis4initEvE22chassis_y_order_filter
                0x0800b790        0x4 CMakeFiles/Classis_Board.elf.dir/module/M_Chassis.cpp.obj
 .rodata.npio2_hw
                0x0800b794       0x80 d:/gcc-arm-none-eabi-10.3-2021.10/bin/../lib/gcc/arm-none-eabi/10.3.1/../../../../arm-none-eabi/lib/thumb/v7e-m+fp/hard\libm.a(lib_a-e_rem_pio2.o)
 .rodata.two_over_pi
                0x0800b814      0x108 d:/gcc-arm-none-eabi-10.3-2021.10/bin/../lib/gcc/arm-none-eabi/10.3.1/../../../../arm-none-eabi/lib/thumb/v7e-m+fp/hard\libm.a(lib_a-e_rem_pio2.o)
 *fill*         0x0800b91c        0x4 
 .rodata.PIo2   0x0800b920       0x40 d:/gcc-arm-none-eabi-10.3-2021.10/bin/../lib/gcc/arm-none-eabi/10.3.1/../../../../arm-none-eabi/lib/thumb/v7e-m+fp/hard\libm.a(lib_a-k_rem_pio2.o)
 .rodata.init_jk
                0x0800b960       0x10 d:/gcc-arm-none-eabi-10.3-2021.10/bin/../lib/gcc/arm-none-eabi/10.3.1/../../../../arm-none-eabi/lib/thumb/v7e-m+fp/hard\libm.a(lib_a-k_rem_pio2.o)
 .rodata._global_impure_ptr
                0x0800b970        0x4 d:/gcc-arm-none-eabi-10.3-2021.10/bin/../lib/gcc/arm-none-eabi/10.3.1/../../../../arm-none-eabi/lib/thumb/v7e-m+fp/hard\libg.a(lib_a-impure.o)
                0x0800b970                _global_impure_ptr
                0x0800b974                . = ALIGN (0x4)

.ARM.extab      0x0800b974       0x48
 *(.ARM.extab* .gnu.linkonce.armextab.*)
 .ARM.extab.text._Z12chassis_taskPv
                0x0800b974        0xc CMakeFiles/Classis_Board.elf.dir/APP/chassis_task.cpp.obj
 .ARM.extab.text._ZN9M_Chassis4initEv
                0x0800b980        0xc CMakeFiles/Classis_Board.elf.dir/module/M_Chassis.cpp.obj
 .ARM.extab.text._ZN9M_Chassis28chassis_rc_to_control_vectorEPfS0_
                0x0800b98c        0xc CMakeFiles/Classis_Board.elf.dir/module/M_Chassis.cpp.obj
 .ARM.extab.text._ZN9M_Chassis11set_contorlEv
                0x0800b998        0xc CMakeFiles/Classis_Board.elf.dir/module/M_Chassis.cpp.obj
 .ARM.extab     0x0800b9a4       0x18 d:/gcc-arm-none-eabi-10.3-2021.10/bin/../lib/gcc/arm-none-eabi/10.3.1/thumb/v7e-m+fp/hard\libgcc.a(pr-support.o)

.ARM            0x0800b9bc      0x140