Archive member included to satisfy reference by file (symbol)

d:/gcc-arm-none-eabi-10.3-2021.10/bin/../lib/gcc/arm-none-eabi/10.3.1/../../../../arm-none-eabi/lib/thumb/v7e-m+fp/hard\libm.a(lib_a-s_cos.o)
                              CMakeFiles/Classis_Board.elf.dir/module/M_Chassis.cpp.obj (cos)
d:/gcc-arm-none-eabi-10.3-2021.10/bin/../lib/gcc/arm-none-eabi/10.3.1/../../../../arm-none-eabi/lib/thumb/v7e-m+fp/hard\libm.a(lib_a-s_sin.o)
                              CMakeFiles/Classis_Board.elf.dir/module/M_Chassis.cpp.obj (sin)
d:/gcc-arm-none-eabi-10.3-2021.10/bin/../lib/gcc/arm-none-eabi/10.3.1/../../../../arm-none-eabi/lib/thumb/v7e-m+fp/hard\libm.a(lib_a-e_rem_pio2.o)
                              d:/gcc-arm-none-eabi-10.3-2021.10/bin/../lib/gcc/arm-none-eabi/10.3.1/../../../../arm-none-eabi/lib/thumb/v7e-m+fp/hard\libm.a(lib_a-s_cos.o) (__ieee754_rem_pio2)
d:/gcc-arm-none-eabi-10.3-2021.10/bin/../lib/gcc/arm-none-eabi/10.3.1/../../../../arm-none-eabi/lib/thumb/v7e-m+fp/hard\libm.a(lib_a-k_cos.o)
                              d:/gcc-arm-none-eabi-10.3-2021.10/bin/../lib/gcc/arm-none-eabi/10.3.1/../../../../arm-none-eabi/lib/thumb/v7e-m+fp/hard\libm.a(lib_a-s_cos.o) (__kernel_cos)
d:/gcc-arm-none-eabi-10.3-2021.10/bin/../lib/gcc/arm-none-eabi/10.3.1/../../../../arm-none-eabi/lib/thumb/v7e-m+fp/hard\libm.a(lib_a-k_rem_pio2.o)
                              d:/gcc-arm-none-eabi-10.3-2021.10/bin/../lib/gcc/arm-none-eabi/10.3.1/../../../../arm-none-eabi/lib/thumb/v7e-m+fp/hard\libm.a(lib_a-e_rem_pio2.o) (__kernel_rem_pio2)
d:/gcc-arm-none-eabi-10.3-2021.10/bin/../lib/gcc/arm-none-eabi/10.3.1/../../../../arm-none-eabi/lib/thumb/v7e-m+fp/hard\libm.a(lib_a-k_sin.o)
                              d:/gcc-arm-none-eabi-10.3-2021.10/bin/../lib/gcc/arm-none-eabi/10.3.1/../../../../arm-none-eabi/lib/thumb/v7e-m+fp/hard\libm.a(lib_a-s_cos.o) (__kernel_sin)
d:/gcc-arm-none-eabi-10.3-2021.10/bin/../lib/gcc/arm-none-eabi/10.3.1/../../../../arm-none-eabi/lib/thumb/v7e-m+fp/hard\libm.a(lib_a-s_fabs.o)
                              d:/gcc-arm-none-eabi-10.3-2021.10/bin/../lib/gcc/arm-none-eabi/10.3.1/../../../../arm-none-eabi/lib/thumb/v7e-m+fp/hard\libm.a(lib_a-e_rem_pio2.o) (fabs)
d:/gcc-arm-none-eabi-10.3-2021.10/bin/../lib/gcc/arm-none-eabi/10.3.1/../../../../arm-none-eabi/lib/thumb/v7e-m+fp/hard\libm.a(lib_a-s_floor.o)
                              d:/gcc-arm-none-eabi-10.3-2021.10/bin/../lib/gcc/arm-none-eabi/10.3.1/../../../../arm-none-eabi/lib/thumb/v7e-m+fp/hard\libm.a(lib_a-k_rem_pio2.o) (floor)
d:/gcc-arm-none-eabi-10.3-2021.10/bin/../lib/gcc/arm-none-eabi/10.3.1/../../../../arm-none-eabi/lib/thumb/v7e-m+fp/hard\libm.a(lib_a-s_scalbn.o)
                              d:/gcc-arm-none-eabi-10.3-2021.10/bin/../lib/gcc/arm-none-eabi/10.3.1/../../../../arm-none-eabi/lib/thumb/v7e-m+fp/hard\libm.a(lib_a-k_rem_pio2.o) (scalbn)
d:/gcc-arm-none-eabi-10.3-2021.10/bin/../lib/gcc/arm-none-eabi/10.3.1/thumb/v7e-m+fp/hard\libgcc.a(_arm_muldf3.o)
                              d:/gcc-arm-none-eabi-10.3-2021.10/bin/../lib/gcc/arm-none-eabi/10.3.1/../../../../arm-none-eabi/lib/thumb/v7e-m+fp/hard\libm.a(lib_a-e_rem_pio2.o) (__aeabi_dmul)
d:/gcc-arm-none-eabi-10.3-2021.10/bin/../lib/gcc/arm-none-eabi/10.3.1/thumb/v7e-m+fp/hard\libgcc.a(_arm_addsubdf3.o)
                              d:/gcc-arm-none-eabi-10.3-2021.10/bin/../lib/gcc/arm-none-eabi/10.3.1/../../../../arm-none-eabi/lib/thumb/v7e-m+fp/hard\libm.a(lib_a-s_cos.o) (__aeabi_dsub)
d:/gcc-arm-none-eabi-10.3-2021.10/bin/../lib/gcc/arm-none-eabi/10.3.1/thumb/v7e-m+fp/hard\libgcc.a(_arm_cmpdf2.o)
                              d:/gcc-arm-none-eabi-10.3-2021.10/bin/../lib/gcc/arm-none-eabi/10.3.1/../../../../arm-none-eabi/lib/thumb/v7e-m+fp/hard\libm.a(lib_a-e_rem_pio2.o) (__aeabi_dcmpeq)
d:/gcc-arm-none-eabi-10.3-2021.10/bin/../lib/gcc/arm-none-eabi/10.3.1/thumb/v7e-m+fp/hard\libgcc.a(_arm_fixdfsi.o)
                              d:/gcc-arm-none-eabi-10.3-2021.10/bin/../lib/gcc/arm-none-eabi/10.3.1/../../../../arm-none-eabi/lib/thumb/v7e-m+fp/hard\libm.a(lib_a-e_rem_pio2.o) (__aeabi_d2iz)
d:/gcc-arm-none-eabi-10.3-2021.10/bin/../lib/gcc/arm-none-eabi/10.3.1/thumb/v7e-m+fp/hard\libgcc.a(_arm_truncdfsf2.o)
                              CMakeFiles/Classis_Board.elf.dir/module/M_Chassis.cpp.obj (__aeabi_d2f)
d:/gcc-arm-none-eabi-10.3-2021.10/bin/../lib/gcc/arm-none-eabi/10.3.1/thumb/v7e-m+fp/hard\libgcc.a(_aeabi_uldivmod.o)
                              CMakeFiles/Classis_Board.elf.dir/Drivers/STM32F4xx_HAL_Driver/Src/stm32f4xx_hal_rcc.c.obj (__aeabi_uldivmod)
d:/gcc-arm-none-eabi-10.3-2021.10/bin/../lib/gcc/arm-none-eabi/10.3.1/thumb/v7e-m+fp/hard\libgcc.a(_udivmoddi4.o)
                              d:/gcc-arm-none-eabi-10.3-2021.10/bin/../lib/gcc/arm-none-eabi/10.3.1/thumb/v7e-m+fp/hard\libgcc.a(_aeabi_uldivmod.o) (__udivmoddi4)
d:/gcc-arm-none-eabi-10.3-2021.10/bin/../lib/gcc/arm-none-eabi/10.3.1/thumb/v7e-m+fp/hard\libgcc.a(unwind-arm.o)
[...]
Memory Configuration

Name             Origin             Length             Attributes
RAM              0x20000000         0x00020000         xrw
CCMRAM           0x10000000         0x00010000         xrw
FLASH            0x08000000         0x00100000         xr
*default*        0x00000000         0xffffffff

Linker script and memory map

LOAD d:/gcc-arm-none-eabi-10.3-2021.10/bin/../lib/gcc/arm-none-eabi/10.3.1/thumb/v7e-m+fp/hard/crti.o
LOAD d:/gcc-arm-none-eabi-10.3-2021.10/bin/../lib/gcc/arm-none-eabi/10.3.1/thumb/v7e-m+fp/hard/crtbegin.o
LOAD d:/gcc-arm-none-eabi-10.3-2021.10/bin/../lib/gcc/arm-none-eabi/10.3.1/../../../../arm-none-eabi/lib/thumb/v7e-m+fp/hard/crt0.o
LOAD CMakeFiles/Classis_Board.elf.dir/APP/CAN_receive.cpp.obj
LOAD CMakeFiles/Classis_Board.elf.dir/APP/System_Config.cpp.obj
LOAD CMakeFiles/Classis_Board.elf.dir/APP/chassis_task.cpp.obj
LOAD CMakeFiles/Classis_Board.elf.dir/APP/referee_task.c.obj
LOAD CMakeFiles/Classis_Board.elf.dir/Drivers/STM32F4xx_HAL_Driver/Src/stm32f4xx_hal.c.obj
LOAD CMakeFiles/Classis_Board.elf.dir/Drivers/STM32F4xx_HAL_Driver/Src/stm32f4xx_hal_adc.c.obj
LOAD CMakeFiles/Classis_Board.elf.dir/Drivers/STM32F4xx_HAL_Driver/Src/stm32f4xx_hal_adc_ex.c.obj
LOAD CMakeFiles/Classis_Board.elf.dir/Drivers/STM32F4xx_HAL_Driver/Src/stm32f4xx_hal_can.c.obj
LOAD CMakeFiles/Classis_Board.elf.dir/Drivers/STM32F4xx_HAL_Driver/Src/stm32f4xx_hal_cortex.c.obj
LOAD CMakeFiles/Classis_Board.elf.dir/Drivers/STM32F4xx_HAL_Driver/Src/stm32f4xx_hal_crc.c.obj
LOAD CMakeFiles/Classis_Board.elf.dir/Drivers/STM32F4xx_HAL_Driver/Src/stm32f4xx_hal_dma.c.obj
LOAD CMakeFiles/Classis_Board.elf.dir/Drivers/STM32F4xx_HAL_Driver/Src/stm32f4xx_hal_dma_ex.c.obj
LOAD CMakeFiles/Classis_Board.elf.dir/Drivers/STM32F4xx_HAL_Driver/Src/stm32f4xx_hal_exti.c.obj
LOAD CMakeFiles/Classis_Board.elf.dir/Drivers/STM32F4xx_HAL_Driver/Src/stm32f4xx_hal_flash.c.obj
LOAD CMakeFiles/Classis_Board.elf.dir/Drivers/STM32F4xx_HAL_Driver/Src/stm32f4xx_hal_flash_ex.c.obj
LOAD CMakeFiles/Classis_Board.elf.dir/Drivers/STM32F4xx_HAL_Driver/Src/stm32f4xx_hal_flash_ramfunc.c.obj
LOAD CMakeFiles/Classis_Board.elf.dir/Drivers/STM32F4xx_HAL_Driver/Src/stm32f4xx_hal_gpio.c.obj
LOAD CMakeFiles/Classis_Board.elf.dir/Drivers/STM32F4xx_HAL_Driver/Src/stm32f4xx_hal_i2c.c.obj
LOAD CMakeFiles/Classis_Board.elf.dir/Drivers/STM32F4xx_HAL_Driver/Src/stm32f4xx_hal_i2c_ex.c.obj
LOAD CMakeFiles/Classis_Board.elf.dir/Drivers/STM32F4xx_HAL_Driver/Src/stm32f4xx_hal_pcd.c.obj
LOAD CMakeFiles/Classis_Board.elf.dir/Drivers/STM32F4xx_HAL_Driver/Src/stm32f4xx_hal_pcd_ex.c.obj
LOAD CMakeFiles/Classis_Board.elf.dir/Drivers/STM32F4xx_HAL_Driver/Src/stm32f4xx_hal_pwr.c.obj
LOAD CMakeFiles/Classis_Board.elf.dir/Drivers/STM32F4xx_HAL_Driver/Src/stm32f4xx_hal_pwr_ex.c.obj
LOAD CMakeFiles/Classis_Board.elf.dir/Drivers/STM32F4xx_HAL_Driver/Src/stm32f4xx_hal_rcc.c.obj
LOAD CMakeFiles/Classis_Board.elf.dir/Drivers/STM32F4xx_HAL_Driver/Src/stm32f4xx_hal_rcc_ex.c.obj
LOAD CMakeFiles/Classis_Board.elf.dir/Drivers/STM32F4xx_HAL_Driver/Src/stm32f4xx_hal_rng.c.obj
LOAD CMakeFiles/Classis_Board.elf.dir/Drivers/STM32F4xx_HAL_Driver/Src/stm32f4xx_hal_rtc.c.obj
LOAD CMakeFiles/Classis_Board.elf.dir/Drivers/STM32F4xx_HAL_Driver/Src/stm32f4xx_hal_rtc_ex.c.obj
LOAD CMakeFiles/Classis_Board.elf.dir/Drivers/STM32F4xx_HAL_Driver/Src/stm32f4xx_hal_spi.c.obj
LOAD CMakeFiles/Classis_Board.elf.dir/Drivers/STM32F4xx_HAL_Driver/Src/stm32f4xx_hal_tim.c.obj
LOAD CMakeFiles/Classis_Board.elf.dir/Drivers/STM32F4xx_HAL_Driver/Src/stm32f4xx_hal_tim_ex.c.obj
LOAD CMakeFiles/Classis_Board.elf.dir/Drivers/STM32F4xx_HAL_Driver/Src/stm32f4xx_hal_uart.c.obj
LOAD CMakeFiles/Classis_Board.elf.dir/Drivers/STM32F4xx_HAL_Driver/Src/stm32f4xx_ll_usb.c.obj
LOAD CMakeFiles/Classis_Board.elf.dir/Middlewares/ST/STM32_USB_Device_Library/Class/CDC/Src/usbd_cdc.c.obj
LOAD CMakeFiles/Classis_Board.elf.dir/Middlewares/ST/STM32_USB_Device_Library/Core/Src/usbd_core.c.obj
LOAD CMakeFiles/Classis_Board.elf.dir/Middlewares/ST/STM32_USB_Device_Library/Core/Src/usbd_ctlreq.c.obj
LOAD CMakeFiles/Classis_Board.elf.dir/Middlewares/ST/STM32_USB_Device_Library/Core/Src/usbd_ioreq.c.obj
LOAD CMakeFiles/Classis_Board.elf.dir/Middlewares/Third_Party/FreeRTOS/Source/CMSIS_RTOS/cmsis_os.c.obj
LOAD CMakeFiles/Classis_Board.elf.dir/Middlewares/Third_Party/FreeRTOS/Source/croutine.c.obj
LOAD CMakeFiles/Classis_Board.elf.dir/Middlewares/Third_Party/FreeRTOS/Source/event_groups.c.obj
LOAD CMakeFiles/Classis_Board.elf.dir/Middlewares/Third_Party/FreeRTOS/Source/list.c.obj
LOAD CMakeFiles/Classis_Board.elf.dir/Middlewares/Third_Party/FreeRTOS/Source/portable/GCC/ARM_CM4F/port.c.obj
LOAD CMakeFiles/Classis_Board.elf.dir/Middlewares/Third_Party/FreeRTOS/Source/portable/MemMang/heap_4.c.obj
LOAD CMakeFiles/Classis_Board.elf.dir/Middlewares/Third_Party/FreeRTOS/Source/queue.c.obj
LOAD CMakeFiles/Classis_Board.elf.dir/Middlewares/Third_Party/FreeRTOS/Source/stream_buffer.c.obj
LOAD CMakeFiles/Classis_Board.elf.dir/Middlewares/Third_Party/FreeRTOS/Source/tasks.c.obj
LOAD CMakeFiles/Classis_Board.elf.dir/Middlewares/Third_Party/FreeRTOS/Source/timers.c.obj
LOAD CMakeFiles/Classis_Board.elf.dir/Src/adc.c.obj
LOAD CMakeFiles/Classis_Board.elf.dir/Src/can.c.obj
LOAD CMakeFiles/Classis_Board.elf.dir/Src/crc.c.obj
LOAD CMakeFiles/Classis_Board.elf.dir/Src/dma.c.obj
LOAD CMakeFiles/Classis_Board.elf.dir/Src/freertos.c.obj
LOAD CMakeFiles/Classis_Board.elf.dir/Src/gpio.c.obj
LOAD CMakeFiles/Classis_Board.elf.dir/Src/i2c.c.obj
LOAD CMakeFiles/Classis_Board.elf.dir/Src/main.c.obj
LOAD CMakeFiles/Classis_Board.elf.dir/Src/rng.c.obj
LOAD CMakeFiles/Classis_Board.elf.dir/Src/rtc.c.obj
LOAD CMakeFiles/Classis_Board.elf.dir/Src/spi.c.obj
LOAD CMakeFiles/Classis_Board.elf.dir/Src/stm32f4xx_hal_msp.c.obj
LOAD CMakeFiles/Classis_Board.elf.dir/Src/stm32f4xx_it.c.obj
LOAD CMakeFiles/Classis_Board.elf.dir/Src/syscalls.c.obj
LOAD CMakeFiles/Classis_Board.elf.dir/Src/system_stm32f4xx.c.obj
LOAD CMakeFiles/Classis_Board.elf.dir/Src/tim.c.obj
LOAD CMakeFiles/Classis_Board.elf.dir/Src/usart.c.obj
LOAD CMakeFiles/Classis_Board.elf.dir/Src/usb_device.c.obj
LOAD CMakeFiles/Classis_Board.elf.dir/Src/usbd_cdc_if.c.obj
LOAD CMakeFiles/Classis_Board.elf.dir/Src/usbd_conf.c.obj
LOAD CMakeFiles/Classis_Board.elf.dir/Src/usbd_desc.c.obj
LOAD CMakeFiles/Classis_Board.elf.dir/hardware/bsp_can.c.obj
LOAD CMakeFiles/Classis_Board.elf.dir/hardware/bsp_usart.c.obj
LOAD CMakeFiles/Classis_Board.elf.dir/hardware/buzzer.c.obj
LOAD CMakeFiles/Classis_Board.elf.dir/hardware/led.c.obj
LOAD CMakeFiles/Classis_Board.elf.dir/module/M_Chassis.cpp.obj
LOAD CMakeFiles/Classis_Board.elf.dir/module/first_order_filter.cpp.obj
LOAD CMakeFiles/Classis_Board.elf.dir/module/motor_3508.cpp.obj
LOAD CMakeFiles/Classis_Board.elf.dir/module/motor_6020.cpp.obj
LOAD CMakeFiles/Classis_Board.elf.dir/module/motor_measure.cpp.obj
LOAD CMakeFiles/Classis_Board.elf.dir/module/pid.cpp.obj
LOAD CMakeFiles/Classis_Board.elf.dir/module/referee.cpp.obj
LOAD CMakeFiles/Classis_Board.elf.dir/module/referee_data.c.obj
LOAD CMakeFiles/Classis_Board.elf.dir/module/remote_control.cpp.obj
LOAD CMakeFiles/Classis_Board.elf.dir/module/remote_data.c.obj
LOAD CMakeFiles/Classis_Board.elf.dir/module/user_lib.cpp.obj
LOAD CMakeFiles/Classis_Board.elf.dir/module/vision.cpp.obj
LOAD CMakeFiles/Classis_Board.elf.dir/module/vision_data.cpp.obj
LOAD CMakeFiles/Classis_Board.elf.dir/startup/startup_stm32f407xx.s.obj
LOAD CMakeFiles/Classis_Board.elf.dir/support/CRC8_CRC16.c.obj
LOAD CMakeFiles/Classis_Board.elf.dir/support/fifo.c.obj
LOAD CMakeFiles/Classis_Board.elf.dir/support/mem_mang4.c.obj
LOAD d:/gcc-arm-none-eabi-10.3-2021.10/bin/../lib/gcc/arm-none-eabi/10.3.1/../../../../arm-none-eabi/lib/thumb/v7e-m+fp/hard\libstdc++.a
LOAD d:/gcc-arm-none-eabi-10.3-2021.10/bin/../lib/gcc/arm-none-eabi/10.3.1/../../../../arm-none-eabi/lib/thumb/v7e-m+fp/hard\libm.a
START GROUP
LOAD d:/gcc-arm-none-eabi-10.3-2021.10/bin/../lib/gcc/arm-none-eabi/10.3.1/thumb/v7e-m+fp/hard\libgcc.a
LOAD d:/gcc-arm-none-eabi-10.3-2021.10/bin/../lib/gcc/arm-none-eabi/10.3.1/../../../../arm-none-eabi/lib/thumb/v7e-m+fp/hard\libg.a
LOAD d:/gcc-arm-none-eabi-10.3-2021.10/bin/../lib/gcc/arm-none-eabi/10.3.1/../../../../arm-none-eabi/lib/thumb/v7e-m+fp/hard\libc.a
END GROUP
LOAD d:/gcc-arm-none-eabi-10.3-2021.10/bin/../lib/gcc/arm-none-eabi/10.3.1/thumb/v7e-m+fp/hard/crtend.o
LOAD d:/gcc-arm-none-eabi-10.3-2021.10/bin/../lib/gcc/arm-none-eabi/10.3.1/thumb/v7e-m+fp/hard/crtn.o
                0x20020000                _estack = 0x20020000
                0x00002000                _Min_Heap_Size = 0x2000
                0x00002000                _Min_Stack_Size = 0x2000

.isr_vector     0x08000000      0x188
                0x08000000                . = ALIGN (0x4)
 *(.isr_vector)
 .isr_vector    0x08000000      0x188 CMakeFiles/Classis_Board.elf.dir/startup/startup_stm32f407xx.s.obj
                0x08000000                g_pfnVectors
                0x08000188                . = ALIGN (0x4)

.text           0x08000190     0xbdf8
                0x08000190                . = ALIGN (0x4)
 *(.text)
 .text          0x08000190       0x40 d:/gcc-arm-none-eabi-10.3-2021.10/bin/../lib/gcc/arm-none-eabi/10.3.1/thumb/v7e-m+fp/hard/crtbegin.o
 .text          0x080001d0      0x254 d:/gcc-arm-none-eabi-10.3-2021.10/bin/../lib/gcc/arm-none-eabi/10.3.1/thumb/v7e-m+fp/hard\libgcc.a(_arm_muldf3.o)
                0x080001d0                __muldf3
                0x080001d0                __aeabi_dmul
 .text          0x08000424      0x378 d:/gcc-arm-none-eabi-10.3-2021.10/bin/../lib/gcc/arm-none-eabi/10.3.1/thumb/v7e-m+fp/hard\libgcc.a(_arm_addsubdf3.o)
                0x08000424                __aeabi_drsub
                0x0800042c                __aeabi_dsub
                0x0800042c                __subdf3
                0x08000430                __aeabi_dadd
                0x08000430                __adddf3
                0x080006a8                __floatunsidf
                0x080006a8                __aeabi_ui2d
                0x080006c8                __floatsidf
                0x080006c8                __aeabi_i2d
                0x080006ec                __aeabi_f2d
                0x080006ec                __extendsfdf2
                0x08000730                __floatundidf
                0x08000730                __aeabi_ul2d
                0x08000740                __floatdidf
                0x08000740                __aeabi_l2d
 .text          0x0800079c      0x110 d:/gcc-arm-none-eabi-10.3-2021.10/bin/../lib/gcc/arm-none-eabi/10.3.1/thumb/v7e-m+fp/hard\libgcc.a(_arm_cmpdf2.o)
                0x0800079c                __gtdf2
                0x0800079c                __gedf2
                0x080007a4                __ltdf2
                0x080007a4                __ledf2
                0x080007ac                __nedf2
                0x080007ac                __eqdf2
                0x080007ac                __cmpdf2
                0x08000828                __aeabi_cdrcmple
                0x08000838                __aeabi_cdcmpeq
                0x08000838                __aeabi_cdcmple
                0x08000848                __aeabi_dcmpeq
                0x0800085c                __aeabi_dcmplt
                0x08000870                __aeabi_dcmple
                0x08000884                __aeabi_dcmpge
                0x08000898                __aeabi_dcmpgt
 .text          0x080008ac       0x50 d:/gcc-arm-none-eabi-10.3-2021.10/bin/../lib/gcc/arm-none-eabi/10.3.1/thumb/v7e-m+fp/hard\libgcc.a(_arm_fixdfsi.o)
                0x080008ac                __aeabi_d2iz
                0x080008ac                __fixdfsi
 .text          0x080008fc       0xa0 d:/gcc-arm-none-eabi-10.3-2021.10/bin/../lib/gcc/arm-none-eabi/10.3.1/thumb/v7e-m+fp/hard\libgcc.a(_arm_truncdfsf2.o)
                0x080008fc                __truncdfsf2
                0x080008fc                __aeabi_d2f
 .text          0x0800099c       0x30 d:/gcc-arm-none-eabi-10.3-2021.10/bin/../lib/gcc/arm-none-eabi/10.3.1/thumb/v7e-m+fp/hard\libgcc.a(_aeabi_uldivmod.o)
                0x0800099c                __aeabi_uldivmod
 .text          0x080009cc      0x2d0 d:/gcc-arm-none-eabi-10.3-2021.10/bin/../lib/gcc/arm-none-eabi/10.3.1/thumb/v7e-m+fp/hard\libgcc.a(_udivmoddi4.o)
                0x080009cc                __udivmoddi4
 .text          0x08000c9c      0x9d8 d:/gcc-arm-none-eabi-10.3-2021.10/bin/../lib/gcc/arm-none-eabi/10.3.1/thumb/v7e-m+fp/hard\libgcc.a(unwind-arm.o)
                0x08000f44                _Unwind_GetCFA
                0x08000f48                __gnu_Unwind_RaiseException
                0x08000fb0                __gnu_Unwind_ForcedUnwind
                0x08000fc0                __gnu_Unwind_Resume
                0x08001004                __gnu_Unwind_Resume_or_Rethrow
                0x08001014                _Unwind_Complete
                0x08001018                _Unwind_DeleteException
                0x08001024                _Unwind_VRS_Get
                0x08001070                _Unwind_VRS_Set
                0x080010b8                __gnu_Unwind_Backtrace
                0x080013e4                __aeabi_unwind_cpp_pr0
                0x080013e8                __aeabi_unwind_cpp_pr1
                0x080013ec                __aeabi_unwind_cpp_pr2
                0x080013f0                _Unwind_VRS_Pop
 .text          0x08001674      0x1ac d:/gcc-arm-none-eabi-10.3-2021.10/bin/../lib/gcc/arm-none-eabi/10.3.1/thumb/v7e-m+fp/hard\libgcc.a(libunwind.o)
                0x08001674                __restore_core_regs
                0x08001674                restore_core_regs
                0x0800168c                __gnu_Unwind_Restore_VFP
                0x08001694                __gnu_Unwind_Save_VFP
                0x0800169c                __gnu_Unwind_Restore_VFP_D
                0x080016a4                __gnu_Unwind_Save_VFP_D
                0x080016ac                __gnu_Unwind_Restore_VFP_D_16_to_31
                0x080016b4                __gnu_Unwind_Save_VFP_D_16_to_31
                0x080016bc                __gnu_Unwind_Restore_WMMXD
                0x08001700                __gnu_Unwind_Save_WMMXD
                0x08001744                __gnu_Unwind_Restore_WMMXC
                0x08001758                __gnu_Unwind_Save_WMMXC
                0x0800176c                ___Unwind_RaiseException
                0x0800176c                _Unwind_RaiseException
                0x08001790                _Unwind_Resume
                0x08001790                ___Unwind_Resume
                0x080017b4                _Unwind_Resume_or_Rethrow
                0x080017b4                ___Unwind_Resume_or_Rethrow
                0x080017d8                _Unwind_ForcedUnwind
                0x080017d8                ___Unwind_ForcedUnwind
                0x080017fc                ___Unwind_Backtrace
                0x080017fc                _Unwind_Backtrace
 .text          0x08001820      0x350 d:/gcc-arm-none-eabi-10.3-2021.10/bin/../lib/gcc/arm-none-eabi/10.3.1/thumb/v7e-m+fp/hard\libgcc.a(pr-support.o)
                0x08001878                __gnu_unwind_execute
                0x08001b24                __gnu_unwind_frame
                0x08001b50                _Unwind_GetRegionStart
                0x08001b5c                _Unwind_GetLanguageSpecificData
 .text          0x08001b70        0x4 d:/gcc-arm-none-eabi-10.3-2021.10/bin/../lib/gcc/arm-none-eabi/10.3.1/thumb/v7e-m+fp/hard\libgcc.a(_dvmd_tls.o)
                0x08001b70                __aeabi_idiv0
                0x08001b70                __aeabi_ldiv0
 .text          0x08001b74      0x134 d:/gcc-arm-none-eabi-10.3-2021.10/bin/../lib/gcc/arm-none-eabi/10.3.1/../../../../arm-none-eabi/lib/thumb/v7e-m+fp/hard\libg.a(lib_a-memcpy.o)
                0x08001b74                memcpy
 *(.text*)
 .text._ZN11CAN_receive31get_chassis_motor_measure_pointEh
                0x08001ca8       0x10 CMakeFiles/Classis_Board.elf.dir/APP/CAN_receive.cpp.obj
                0x08001ca8                CAN_receive::get_chassis_motor_measure_point(unsigned char)
 .text._ZN11CAN_receive15CAN_cmd_chassisEssss
                0x08001cb8       0x4c CMakeFiles/Classis_Board.elf.dir/APP/CAN_receive.cpp.obj
                0x08001cb8                CAN_receive::CAN_cmd_chassis(short, short, short, short)
 .text.HAL_CAN_RxFifo0MsgPendingCallback
                0x08001d04       0x44 CMakeFiles/Classis_Board.elf.dir/APP/CAN_receive.cpp.obj
                0x08001d04                HAL_CAN_RxFifo0MsgPendingCallback
 .text.Task_start
                0x08001d48       0x2c CMakeFiles/Classis_Board.elf.dir/APP/System_Config.cpp.obj
                0x08001d48                Task_start
 .text._Z12chassis_taskPv
                0x08001d74       0x64 CMakeFiles/Classis_Board.elf.dir/APP/chassis_task.cpp.obj
                0x08001d74                chassis_task(void*)
 .text.referee_task
                0x08001dd8       0x38 CMakeFiles/Classis_Board.elf.dir/APP/referee_task.c.obj
                0x08001dd8                referee_task
 .text.HAL_InitTick
                0x08001e10       0x4c CMakeFiles/Classis_Board.elf.dir/Drivers/STM32F4xx_HAL_Driver/Src/stm32f4xx_hal.c.obj
                0x08001e10                HAL_InitTick
 .text.HAL_Init
                0x08001e5c       0x34 CMakeFiles/Classis_Board.elf.dir/Drivers/STM32F4xx_HAL_Driver/Src/stm32f4xx_hal.c.obj
                0x08001e5c                HAL_Init
 .text.HAL_IncTick
                0x08001e90       0x18 CMakeFiles/Classis_Board.elf.dir/Drivers/STM32F4xx_HAL_Driver/Src/stm32f4xx_hal.c.obj
                0x08001e90                HAL_IncTick
 .text.HAL_GetTick
                0x08001ea8        0xc CMakeFiles/Classis_Board.elf.dir/Drivers/STM32F4xx_HAL_Driver/Src/stm32f4xx_hal.c.obj
                0x08001ea8                HAL_GetTick
 .text.ADC_Init
                0x08001eb4      0x134 CMakeFiles/Classis_Board.elf.dir/Drivers/STM32F4xx_HAL_Driver/Src/stm32f4xx_hal_adc.c.obj
 .text.HAL_ADC_Init
                0x08001fe8       0x56 CMakeFiles/Classis_Board.elf.dir/Drivers/STM32F4xx_HAL_Driver/Src/stm32f4xx_hal_adc.c.obj
                0x08001fe8                HAL_ADC_Init
 *fill*         0x0800203e        0x2 
 .text.HAL_ADC_ConfigChannel
                0x08002040      0x198 CMakeFiles/Classis_Board.elf.dir/Drivers/STM32F4xx_HAL_Driver/Src/stm32f4xx_hal_adc.c.obj
                0x08002040                HAL_ADC_ConfigChannel
 .text.HAL_CAN_Init
                0x080021d8      0x14c CMakeFiles/Classis_Board.elf.dir/Drivers/STM32F4xx_HAL_Driver/Src/stm32f4xx_hal_can.c.obj
                0x080021d8                HAL_CAN_Init
 .text.HAL_CAN_ConfigFilter
                0x08002324      0x138 CMakeFiles/Classis_Board.elf.dir/Drivers/STM32F4xx_HAL_Driver/Src/stm32f4xx_hal_can.c.obj
                0x08002324                HAL_CAN_ConfigFilter
 .text.HAL_CAN_Start
                0x0800245c       0x5c CMakeFiles/Classis_Board.elf.dir/Drivers/STM32F4xx_HAL_Driver/Src/stm32f4xx_hal_can.c.obj
                0x0800245c                HAL_CAN_Start
 .text.HAL_CAN_AddTxMessage
                0x080024b8       0xfc CMakeFiles/Classis_Board.elf.dir/Drivers/STM32F4xx_HAL_Driver/Src/stm32f4xx_hal_can.c.obj
                0x080024b8                HAL_CAN_AddTxMessage
 .text.HAL_CAN_GetRxMessage
                0x080025b4      0x14a CMakeFiles/Classis_Board.elf.dir/Drivers/STM32F4xx_HAL_Driver/Src/stm32f4xx_hal_can.c.obj
                0x080025b4                HAL_CAN_GetRxMessage
 .text.HAL_CAN_ActivateNotification
                0x080026fe       0x24 CMakeFiles/Classis_Board.elf.dir/Drivers/STM32F4xx_HAL_Driver/Src/stm32f4xx_hal_can.c.obj
                0x080026fe                HAL_CAN_ActivateNotification
 .text.HAL_CAN_TxMailbox0CompleteCallback
                0x08002722        0x2 CMakeFiles/Classis_Board.elf.dir/Drivers/STM32F4xx_HAL_Driver/Src/stm32f4xx_hal_can.c.obj
                0x08002722                HAL_CAN_TxMailbox0CompleteCallback
 .text.HAL_CAN_TxMailbox1CompleteCallback
                0x08002724        0x2 CMakeFiles/Classis_Board.elf.dir/Drivers/STM32F4xx_HAL_Driver/Src/stm32f4xx_hal_can.c.obj
                0x08002724                HAL_CAN_TxMailbox1CompleteCallback
 .text.HAL_CAN_TxMailbox2CompleteCallback
                0x08002726        0x2 CMakeFiles/Classis_Board.elf.dir/Drivers/STM32F4xx_HAL_Driver/Src/stm32f4xx_hal_can.c.obj
                0x08002726                HAL_CAN_TxMailbox2CompleteCallback
 .text.HAL_CAN_TxMailbox0AbortCallback
                0x08002728        0x2 CMakeFiles/Classis_Board.elf.dir/Drivers/STM32F4xx_HAL_Driver/Src/stm32f4xx_hal_can.c.obj
                0x08002728                HAL_CAN_TxMailbox0AbortCallback
 .text.HAL_CAN_TxMailbox1AbortCallback
                0x0800272a        0x2 CMakeFiles/Classis_Board.elf.dir/Drivers/STM32F4xx_HAL_Driver/Src/stm32f4xx_hal_can.c.obj
                0x0800272a                HAL_CAN_TxMailbox1AbortCallback
 .text.HAL_CAN_TxMailbox2AbortCallback
                0x0800272c        0x2 CMakeFiles/Classis_Board.elf.dir/Drivers/STM32F4xx_HAL_Driver/Src/stm32f4xx_hal_can.c.obj
                0x0800272c                HAL_CAN_TxMailbox2AbortCallback
 .text.HAL_CAN_RxFifo0FullCallback
                0x0800272e        0x2 CMakeFiles/Classis_Board.elf.dir/Drivers/STM32F4xx_HAL_Driver/Src/stm32f4xx_hal_can.c.obj
                0x0800272e                HAL_CAN_RxFifo0FullCallback
 .text.HAL_CAN_RxFifo1MsgPendingCallback
                0x08002730        0x2 CMakeFiles/Classis_Board.elf.dir/Drivers/STM32F4xx_HAL_Driver/Src/stm32f4xx_hal_can.c.obj
                0x08002730                HAL_CAN_RxFifo1MsgPendingCallback
 .text.HAL_CAN_RxFifo1FullCallback
                0x08002732        0x2 CMakeFiles/Classis_Board.elf.dir/Drivers/STM32F4xx_HAL_Driver/Src/stm32f4xx_hal_can.c.obj
                0x08002732                HAL_CAN_RxFifo1FullCallback
 .text.HAL_CAN_SleepCallback
                0x08002734        0x2 CMakeFiles/Classis_Board.elf.dir/Drivers/STM32F4xx_HAL_Driver/Src/stm32f4xx_hal_can.c.obj
                0x08002734                HAL_CAN_SleepCallback
 .text.HAL_CAN_WakeUpFromRxMsgCallback
                0x08002736        0x2 CMakeFiles/Classis_Board.elf.dir/Drivers/STM32F4xx_HAL_Driver/Src/stm32f4xx_hal_can.c.obj
                0x08002736                HAL_CAN_WakeUpFromRxMsgCallback
 .text.HAL_CAN_ErrorCallback
                0x08002738        0x2 CMakeFiles/Classis_Board.elf.dir/Drivers/STM32F4xx_HAL_Driver/Src/stm32f4xx_hal_can.c.obj
                0x08002738                HAL_CAN_ErrorCallback
 .text.HAL_CAN_IRQHandler
                0x0800273a      0x24a CMakeFiles/Classis_Board.elf.dir/Drivers/STM32F4xx_HAL_Driver/Src/stm32f4xx_hal_can.c.obj
                0x0800273a                HAL_CAN_IRQHandler
 .text.HAL_NVIC_SetPriorityGrouping
                0x08002984       0x24 CMakeFiles/Classis_Board.elf.dir/Drivers/STM32F4xx_HAL_Driver/Src/stm32f4xx_hal_cortex.c.obj
                0x08002984                HAL_NVIC_SetPriorityGrouping
 .text.HAL_NVIC_SetPriority
                0x080029a8       0x70 CMakeFiles/Classis_Board.elf.dir/Drivers/STM32F4xx_HAL_Driver/Src/stm32f4xx_hal_cortex.c.obj
                0x080029a8                HAL_NVIC_SetPriority
 .text.HAL_NVIC_EnableIRQ
                0x08002a18       0x1c CMakeFiles/Classis_Board.elf.dir/Drivers/STM32F4xx_HAL_Driver/Src/stm32f4xx_hal_cortex.c.obj
                0x08002a18                HAL_NVIC_EnableIRQ
 .text.HAL_SYSTICK_Config
                0x08002a34       0x28 CMakeFiles/Classis_Board.elf.dir/Drivers/STM32F4xx_HAL_Driver/Src/stm32f4xx_hal_cortex.c.obj
                0x08002a34                HAL_SYSTICK_Config
 .text.HAL_CRC_Init
                0x08002a5c       0x22 CMakeFiles/Classis_Board.elf.dir/Drivers/STM32F4xx_HAL_Driver/Src/stm32f4xx_hal_crc.c.obj
                0x08002a5c                HAL_CRC_Init
 *fill*         0x08002a7e        0x2 
 .text.DMA_CalcBaseAndBitshift
                0x08002a80       0x44 CMakeFiles/Classis_Board.elf.dir/Drivers/STM32F4xx_HAL_Driver/Src/stm32f4xx_hal_dma.c.obj
 .text.DMA_CheckFifoParam
                0x08002ac4       0x8e CMakeFiles/Classis_Board.elf.dir/Drivers/STM32F4xx_HAL_Driver/Src/stm32f4xx_hal_dma.c.obj
 *fill*         0x08002b52        0x2 
 .text.HAL_DMA_Init
                0x08002b54       0xcc CMakeFiles/Classis_Board.elf.dir/Drivers/STM32F4xx_HAL_Driver/Src/stm32f4xx_hal_dma.c.obj
                0x08002b54                HAL_DMA_Init
 .text.HAL_DMA_IRQHandler
                0x08002c20      0x1dc CMakeFiles/Classis_Board.elf.dir/Drivers/STM32F4xx_HAL_Driver/Src/stm32f4xx_hal_dma.c.obj
                0x08002c20                HAL_DMA_IRQHandler
 .text.HAL_GPIO_Init
                0x08002dfc      0x1cc CMakeFiles/Classis_Board.elf.dir/Drivers/STM32F4xx_HAL_Driver/Src/stm32f4xx_hal_gpio.c.obj
                0x08002dfc                HAL_GPIO_Init
 .text.HAL_GPIO_WritePin
                0x08002fc8        0xc CMakeFiles/Classis_Board.elf.dir/Drivers/STM32F4xx_HAL_Driver/Src/stm32f4xx_hal_gpio.c.obj
                0x08002fc8                HAL_GPIO_WritePin
 .text.HAL_GPIO_EXTI_Callback
                0x08002fd4        0x2 CMakeFiles/Classis_Board.elf.dir/Drivers/STM32F4xx_HAL_Driver/Src/stm32f4xx_hal_gpio.c.obj
                0x08002fd4                HAL_GPIO_EXTI_Callback
 *fill*         0x08002fd6        0x2 
 .text.HAL_GPIO_EXTI_IRQHandler
                0x08002fd8       0x1c CMakeFiles/Classis_Board.elf.dir/Drivers/STM32F4xx_HAL_Driver/Src/stm32f4xx_hal_gpio.c.obj
                0x08002fd8                HAL_GPIO_EXTI_IRQHandler
 .text.HAL_I2C_Init
                0x08002ff4      0x1a8 CMakeFiles/Classis_Board.elf.dir/Drivers/STM32F4xx_HAL_Driver/Src/stm32f4xx_hal_i2c.c.obj
                0x08002ff4                HAL_I2C_Init
 .text.PCD_WriteEmptyTxFifo
                0x0800319c       0xd0 CMakeFiles/Classis_Board.elf.dir/Drivers/STM32F4xx_HAL_Driver/Src/stm32f4xx_hal_pcd.c.obj
 .text.PCD_EP_OutXfrComplete_int
                0x0800326c       0xf4 CMakeFiles/Classis_Board.elf.dir/Drivers/STM32F4xx_HAL_Driver/Src/stm32f4xx_hal_pcd.c.obj
 .text.PCD_EP_OutSetupPacket_int
                0x08003360       0x6c CMakeFiles/Classis_Board.elf.dir/Drivers/STM32F4xx_HAL_Driver/Src/stm32f4xx_hal_pcd.c.obj
 .text.HAL_PCD_IRQHandler
                0x080033cc      0x47a CMakeFiles/Classis_Board.elf.dir/Drivers/STM32F4xx_HAL_Driver/Src/stm32f4xx_hal_pcd.c.obj
                0x080033cc                HAL_PCD_IRQHandler
 .text.HAL_PCD_SetAddress
                0x08003846       0x28 CMakeFiles/Classis_Board.elf.dir/Drivers/STM32F4xx_HAL_Driver/Src/stm32f4xx_hal_pcd.c.obj
                0x08003846                HAL_PCD_SetAddress
 .text.HAL_PCD_EP_Open
                0x0800386e       0x8a CMakeFiles/Classis_Board.elf.dir/Drivers/STM32F4xx_HAL_Driver/Src/stm32f4xx_hal_pcd.c.obj
                0x0800386e                HAL_PCD_EP_Open
 .text.HAL_PCD_EP_Receive
                0x080038f8       0x5e CMakeFiles/Classis_Board.elf.dir/Drivers/STM32F4xx_HAL_Driver/Src/stm32f4xx_hal_pcd.c.obj
                0x080038f8                HAL_PCD_EP_Receive
 .text.HAL_PCD_EP_Transmit
                0x08003956       0x5e CMakeFiles/Classis_Board.elf.dir/Drivers/STM32F4xx_HAL_Driver/Src/stm32f4xx_hal_pcd.c.obj
                0x08003956                HAL_PCD_EP_Transmit
 .text.HAL_PCD_EP_SetStall
                0x080039b4       0x88 CMakeFiles/Classis_Board.elf.dir/Drivers/STM32F4xx_HAL_Driver/Src/stm32f4xx_hal_pcd.c.obj
                0x080039b4                HAL_PCD_EP_SetStall
 .text.HAL_PCD_EP_ClrStall
                0x08003a3c       0x76 CMakeFiles/Classis_Board.elf.dir/Drivers/STM32F4xx_HAL_Driver/Src/stm32f4xx_hal_pcd.c.obj
                0x08003a3c                HAL_PCD_EP_ClrStall
 .text.HAL_PCDEx_LPM_Callback
                0x08003ab2        0x2 CMakeFiles/Classis_Board.elf.dir/Drivers/STM32F4xx_HAL_Driver/Src/stm32f4xx_hal_pcd_ex.c.obj
                0x08003ab2                HAL_PCDEx_LPM_Callback
 .text.HAL_RCC_OscConfig
                0x08003ab4      0x398 CMakeFiles/Classis_Board.elf.dir/Drivers/STM32F4xx_HAL_Driver/Src/stm32f4xx_hal_rcc.c.obj
                0x08003ab4                HAL_RCC_OscConfig
 .text.HAL_RCC_GetSysClockFreq
                0x08003e4c       0xa4 CMakeFiles/Classis_Board.elf.dir/Drivers/STM32F4xx_HAL_Driver/Src/stm32f4xx_hal_rcc.c.obj
                0x08003e4c                HAL_RCC_GetSysClockFreq
 .text.HAL_RCC_ClockConfig
                0x08003ef0      0x15c CMakeFiles/Classis_Board.elf.dir/Drivers/STM32F4xx_HAL_Driver/Src/stm32f4xx_hal_rcc.c.obj
                0x08003ef0                HAL_RCC_ClockConfig
 .text.HAL_RCC_GetHCLKFreq
                0x0800404c        0xc CMakeFiles/Classis_Board.elf.dir/Drivers/STM32F4xx_HAL_Driver/Src/stm32f4xx_hal_rcc.c.obj
                0x0800404c                HAL_RCC_GetHCLKFreq
 .text.HAL_RCC_GetPCLK1Freq
                0x08004058       0x20 CMakeFiles/Classis_Board.elf.dir/Drivers/STM32F4xx_HAL_Driver/Src/stm32f4xx_hal_rcc.c.obj
                0x08004058                HAL_RCC_GetPCLK1Freq
 .text.HAL_RCC_GetPCLK2Freq
                0x08004078       0x20 CMakeFiles/Classis_Board.elf.dir/Drivers/STM32F4xx_HAL_Driver/Src/stm32f4xx_hal_rcc.c.obj
                0x08004078                HAL_RCC_GetPCLK2Freq
 .text.HAL_RCCEx_PeriphCLKConfig
                0x08004098      0x154 CMakeFiles/Classis_Board.elf.dir/Drivers/STM32F4xx_HAL_Driver/Src/stm32f4xx_hal_rcc_ex.c.obj
                0x08004098                HAL_RCCEx_PeriphCLKConfig
 .text.HAL_RNG_Init
                0x080041ec       0x2e CMakeFiles/Classis_Board.elf.dir/Drivers/STM32F4xx_HAL_Driver/Src/stm32f4xx_hal_rng.c.obj
                0x080041ec                HAL_RNG_Init
 .text.HAL_RTC_WaitForSynchro
                0x0800421a       0x32 CMakeFiles/Classis_Board.elf.dir/Drivers/STM32F4xx_HAL_Driver/Src/stm32f4xx_hal_rtc.c.obj
                0x0800421a                HAL_RTC_WaitForSynchro
 .text.RTC_EnterInitMode
                0x0800424c       0x3c CMakeFiles/Classis_Board.elf.dir/Drivers/STM32F4xx_HAL_Driver/Src/stm32f4xx_hal_rtc.c.obj
                0x0800424c                RTC_EnterInitMode
 .text.HAL_RTC_Init
                0x08004288       0xc4 CMakeFiles/Classis_Board.elf.dir/Drivers/STM32F4xx_HAL_Driver/Src/stm32f4xx_hal_rtc.c.obj
                0x08004288                HAL_RTC_Init
 .text.HAL_SPI_Init
                0x0800434c       0x80 CMakeFiles/Classis_Board.elf.dir/Drivers/STM32F4xx_HAL_Driver/Src/stm32f4xx_hal_spi.c.obj
                0x0800434c                HAL_SPI_Init
 .text.TIM_OC1_SetConfig
                0x080043cc       0x68 CMakeFiles/Classis_Board.elf.dir/Drivers/STM32F4xx_HAL_Driver/Src/stm32f4xx_hal_tim.c.obj
 .text.TIM_OC3_SetConfig
                0x08004434       0x70 CMakeFiles/Classis_Board.elf.dir/Drivers/STM32F4xx_HAL_Driver/Src/stm32f4xx_hal_tim.c.obj
 .text.TIM_OC4_SetConfig
                0x080044a4       0x50 CMakeFiles/Classis_Board.elf.dir/Drivers/STM32F4xx_HAL_Driver/Src/stm32f4xx_hal_tim.c.obj
 .text.TIM_TI1_ConfigInputStage
                0x080044f4       0x26 CMakeFiles/Classis_Board.elf.dir/Drivers/STM32F4xx_HAL_Driver/Src/stm32f4xx_hal_tim.c.obj
 .text.TIM_TI2_ConfigInputStage
                0x0800451a       0x28 CMakeFiles/Classis_Board.elf.dir/Drivers/STM32F4xx_HAL_Driver/Src/stm32f4xx_hal_tim.c.obj
 .text.TIM_ITRx_SetConfig
                0x08004542       0x10 CMakeFiles/Classis_Board.elf.dir/Drivers/STM32F4xx_HAL_Driver/Src/stm32f4xx_hal_tim.c.obj
 .text.HAL_TIM_PWM_MspInit
                0x08004552        0x2 CMakeFiles/Classis_Board.elf.dir/Drivers/STM32F4xx_HAL_Driver/Src/stm32f4xx_hal_tim.c.obj
                0x08004552                HAL_TIM_PWM_MspInit
 .text.TIM_Base_SetConfig
                0x08004554       0xc8 CMakeFiles/Classis_Board.elf.dir/Drivers/STM32F4xx_HAL_Driver/Src/stm32f4xx_hal_tim.c.obj
                0x08004554                TIM_Base_SetConfig
 .text.HAL_TIM_Base_Init
                0x0800461c       0x34 CMakeFiles/Classis_Board.elf.dir/Drivers/STM32F4xx_HAL_Driver/Src/stm32f4xx_hal_tim.c.obj
                0x0800461c                HAL_TIM_Base_Init
 .text.HAL_TIM_PWM_Init
                0x08004650       0x34 CMakeFiles/Classis_Board.elf.dir/Drivers/STM32F4xx_HAL_Driver/Src/stm32f4xx_hal_tim.c.obj
                0x08004650                HAL_TIM_PWM_Init
 .text.TIM_OC2_SetConfig
                0x08004684       0x70 CMakeFiles/Classis_Board.elf.dir/Drivers/STM32F4xx_HAL_Driver/Src/stm32f4xx_hal_tim.c.obj
                0x08004684                TIM_OC2_SetConfig
 .text.HAL_TIM_PWM_ConfigChannel
                0x080046f4       0xdc CMakeFiles/Classis_Board.elf.dir/Drivers/STM32F4xx_HAL_Driver/Src/stm32f4xx_hal_tim.c.obj
                0x080046f4                HAL_TIM_PWM_ConfigChannel
 .text.TIM_ETR_SetConfig
                0x080047d0       0x1a CMakeFiles/Classis_Board.elf.dir/Drivers/STM32F4xx_HAL_Driver/Src/stm32f4xx_hal_tim.c.obj
                0x080047d0                TIM_ETR_SetConfig
 .text.HAL_TIM_ConfigClockSource
                0x080047ea       0xda CMakeFiles/Classis_Board.elf.dir/Drivers/STM32F4xx_HAL_Driver/Src/stm32f4xx_hal_tim.c.obj
                0x080047ea                HAL_TIM_ConfigClockSource
 .text.HAL_TIMEx_MasterConfigSynchronization
                0x080048c4       0x48 CMakeFiles/Classis_Board.elf.dir/Drivers/STM32F4xx_HAL_Driver/Src/stm32f4xx_hal_tim_ex.c.obj
                0x080048c4                HAL_TIMEx_MasterConfigSynchronization
 .text.HAL_TIMEx_ConfigBreakDeadTime
                0x0800490c       0x52 CMakeFiles/Classis_Board.elf.dir/Drivers/STM32F4xx_HAL_Driver/Src/stm32f4xx_hal_tim_ex.c.obj
                0x0800490c                HAL_TIMEx_ConfigBreakDeadTime
 *fill*         0x0800495e        0x2 
 .text.UART_SetConfig
                0x08004960      0x328 CMakeFiles/Classis_Board.elf.dir/Drivers/STM32F4xx_HAL_Driver/Src/stm32f4xx_hal_uart.c.obj
 .text.HAL_UART_Init
                0x08004c88       0x5e CMakeFiles/Classis_Board.elf.dir/Drivers/STM32F4xx_HAL_Driver/Src/stm32f4xx_hal_uart.c.obj
                0x08004c88                HAL_UART_Init
 *fill*         0x08004ce6        0x2 
 .text.USB_SetTurnaroundTime
                0x08004ce8       0xe4 CMakeFiles/Classis_Board.elf.dir/Drivers/STM32F4xx_HAL_Driver/Src/stm32f4xx_ll_usb.c.obj
                0x08004ce8                USB_SetTurnaroundTime
 .text.USB_FlushTxFifo
                0x08004dcc       0x28 CMakeFiles/Classis_Board.elf.dir/Drivers/STM32F4xx_HAL_Driver/Src/stm32f4xx_ll_usb.c.obj
                0x08004dcc                USB_FlushTxFifo
 .text.USB_GetDevSpeed
                0x08004df4       0x22 CMakeFiles/Classis_Board.elf.dir/Drivers/STM32F4xx_HAL_Driver/Src/stm32f4xx_ll_usb.c.obj
                0x08004df4                USB_GetDevSpeed
 .text.USB_ActivateEndpoint
                0x08004e16       0x9c CMakeFiles/Classis_Board.elf.dir/Drivers/STM32F4xx_HAL_Driver/Src/stm32f4xx_ll_usb.c.obj
                0x08004e16                USB_ActivateEndpoint
 .text.USB_EP0StartXfer
                0x08004eb2      0x120 CMakeFiles/Classis_Board.elf.dir/Drivers/STM32F4xx_HAL_Driver/Src/stm32f4xx_ll_usb.c.obj
                0x08004eb2                USB_EP0StartXfer
 .text.USB_WritePacket
                0x08004fd2       0x2e CMakeFiles/Classis_Board.elf.dir/Drivers/STM32F4xx_HAL_Driver/Src/stm32f4xx_ll_usb.c.obj
                0x08004fd2                USB_WritePacket
 .text.USB_EPStartXfer
                0x08005000      0x238 CMakeFiles/Classis_Board.elf.dir/Drivers/STM32F4xx_HAL_Driver/Src/stm32f4xx_ll_usb.c.obj
                0x08005000                USB_EPStartXfer
 .text.USB_ReadPacket
                0x08005238       0x1e CMakeFiles/Classis_Board.elf.dir/Drivers/STM32F4xx_HAL_Driver/Src/stm32f4xx_ll_usb.c.obj
                0x08005238                USB_ReadPacket
 .text.USB_EPSetStall
                0x08005256       0x5a CMakeFiles/Classis_Board.elf.dir/Drivers/STM32F4xx_HAL_Driver/Src/stm32f4xx_ll_usb.c.obj
                0x08005256                USB_EPSetStall
 .text.USB_EPClearStall
                0x080052b0       0x5c CMakeFiles/Classis_Board.elf.dir/Drivers/STM32F4xx_HAL_Driver/Src/stm32f4xx_ll_usb.c.obj
                0x080052b0                USB_EPClearStall
 .text.USB_SetDevAddress
                0x0800530c       0x20 CMakeFiles/Classis_Board.elf.dir/Drivers/STM32F4xx_HAL_Driver/Src/stm32f4xx_ll_usb.c.obj
                0x0800530c                USB_SetDevAddress
 .text.USB_ReadInterrupts
                0x0800532c        0x8 CMakeFiles/Classis_Board.elf.dir/Drivers/STM32F4xx_HAL_Driver/Src/stm32f4xx_ll_usb.c.obj
                0x0800532c                USB_ReadInterrupts
 .text.USB_ReadDevAllOutEpInterrupt
                0x08005334       0x10 CMakeFiles/Classis_Board.elf.dir/Drivers/STM32F4xx_HAL_Driver/Src/stm32f4xx_ll_usb.c.obj
                0x08005334                USB_ReadDevAllOutEpInterrupt
 .text.USB_ReadDevAllInEpInterrupt
                0x08005344       0x10 CMakeFiles/Classis_Board.elf.dir/Drivers/STM32F4xx_HAL_Driver/Src/stm32f4xx_ll_usb.c.obj
                0x08005344                USB_ReadDevAllInEpInterrupt
 .text.USB_ReadDevOutEPInterrupt
                0x08005354       0x12 CMakeFiles/Classis_Board.elf.dir/Drivers/STM32F4xx_HAL_Driver/Src/stm32f4xx_ll_usb.c.obj
                0x08005354                USB_ReadDevOutEPInterrupt
 .text.USB_ReadDevInEPInterrupt
                0x08005366       0x28 CMakeFiles/Classis_Board.elf.dir/Drivers/STM32F4xx_HAL_Driver/Src/stm32f4xx_ll_usb.c.obj
                0x08005366                USB_ReadDevInEPInterrupt
 .text.USB_GetMode
                0x0800538e        0x8 CMakeFiles/Classis_Board.elf.dir/Drivers/STM32F4xx_HAL_Driver/Src/stm32f4xx_ll_usb.c.obj
                0x0800538e                USB_GetMode
 .text.USB_ActivateSetup
                0x08005396       0x38 CMakeFiles/Classis_Board.elf.dir/Drivers/STM32F4xx_HAL_Driver/Src/stm32f4xx_ll_usb.c.obj
                0x08005396                USB_ActivateSetup
 *fill*         0x080053ce        0x2 
 .text.USB_EP0_OutStart
                0x080053d0       0x60 CMakeFiles/Classis_Board.elf.dir/Drivers/STM32F4xx_HAL_Driver/Src/stm32f4xx_ll_usb.c.obj
                0x080053d0                USB_EP0_OutStart
 .text.USBD_SetClassConfig
                0x08005430       0x18 CMakeFiles/Classis_Board.elf.dir/Middlewares/ST/STM32_USB_Device_Library/Core/Src/usbd_core.c.obj
                0x08005430                USBD_SetClassConfig
 .text.USBD_ClrClassConfig
                0x08005448        0xe CMakeFiles/Classis_Board.elf.dir/Middlewares/ST/STM32_USB_Device_Library/Core/Src/usbd_core.c.obj
                0x08005448                USBD_ClrClassConfig
 .text.USBD_LL_SetupStage
                0x08005456       0x5a CMakeFiles/Classis_Board.elf.dir/Middlewares/ST/STM32_USB_Device_Library/Core/Src/usbd_core.c.obj
                0x08005456                USBD_LL_SetupStage
 .text.USBD_LL_DataOutStage
                0x080054b0       0x8c CMakeFiles/Classis_Board.elf.dir/Middlewares/ST/STM32_USB_Device_Library/Core/Src/usbd_core.c.obj
                0x080054b0                USBD_LL_DataOutStage
 .text.USBD_LL_DataInStage
                0x0800553c       0xd0 CMakeFiles/Classis_Board.elf.dir/Middlewares/ST/STM32_USB_Device_Library/Core/Src/usbd_core.c.obj
                0x0800553c                USBD_LL_DataInStage
 .text.USBD_LL_Reset
                0x0800560c       0x50 CMakeFiles/Classis_Board.elf.dir/Middlewares/ST/STM32_USB_Device_Library/Core/Src/usbd_core.c.obj
                0x0800560c                USBD_LL_Reset
 .text.USBD_LL_SetSpeed
                0x0800565c        0x6 CMakeFiles/Classis_Board.elf.dir/Middlewares/ST/STM32_USB_Device_Library/Core/Src/usbd_core.c.obj
                0x0800565c                USBD_LL_SetSpeed
 .text.USBD_LL_Suspend
                0x08005662       0x12 CMakeFiles/Classis_Board.elf.dir/Middlewares/ST/STM32_USB_Device_Library/Core/Src/usbd_core.c.obj
                0x08005662                USBD_LL_Suspend
 .text.USBD_LL_Resume
                0x08005674        0xc CMakeFiles/Classis_Board.elf.dir/Middlewares/ST/STM32_USB_Device_Library/Core/Src/usbd_core.c.obj
                0x08005674                USBD_LL_Resume
 .text.USBD_LL_SOF
                0x08005680       0x1c CMakeFiles/Classis_Board.elf.dir/Middlewares/ST/STM32_USB_Device_Library/Core/Src/usbd_core.c.obj
                0x08005680                USBD_LL_SOF
 .text.USBD_LL_IsoINIncomplete
                0x0800569c        0x4 CMakeFiles/Classis_Board.elf.dir/Middlewares/ST/STM32_USB_Device_Library/Core/Src/usbd_core.c.obj
                0x0800569c                USBD_LL_IsoINIncomplete
 .text.USBD_LL_IsoOUTIncomplete
                0x080056a0        0x4 CMakeFiles/Classis_Board.elf.dir/Middlewares/ST/STM32_USB_Device_Library/Core/Src/usbd_core.c.obj
                0x080056a0                USBD_LL_IsoOUTIncomplete
 .text.USBD_LL_DevConnected
                0x080056a4        0x4 CMakeFiles/Classis_Board.elf.dir/Middlewares/ST/STM32_USB_Device_Library/Core/Src/usbd_core.c.obj
                0x080056a4                USBD_LL_DevConnected
 .text.USBD_LL_DevDisconnected
                0x080056a8       0x16 CMakeFiles/Classis_Board.elf.dir/Middlewares/ST/STM32_USB_Device_Library/Core/Src/usbd_core.c.obj
                0x080056a8                USBD_LL_DevDisconnected
 .text.USBD_SetFeature
                0x080056be       0x14 CMakeFiles/Classis_Board.elf.dir/Middlewares/ST/STM32_USB_Device_Library/Core/Src/usbd_ctlreq.c.obj
 .text.USBD_ParseSetupRequest
                0x080056d2       0x28 CMakeFiles/Classis_Board.elf.dir/Middlewares/ST/STM32_USB_Device_Library/Core/Src/usbd_ctlreq.c.obj
                0x080056d2                USBD_ParseSetupRequest
 .text.USBD_CtlError
                0x080056fa       0x14 CMakeFiles/Classis_Board.elf.dir/Middlewares/ST/STM32_USB_Device_Library/Core/Src/usbd_ctlreq.c.obj
                0x080056fa                USBD_CtlError
 .text.USBD_GetDescriptor
                0x0800570e      0x140 CMakeFiles/Classis_Board.elf.dir/Middlewares/ST/STM32_USB_Device_Library/Core/Src/usbd_ctlreq.c.obj
 .text.USBD_SetAddress
                0x0800584e       0x4e CMakeFiles/Classis_Board.elf.dir/Middlewares/ST/STM32_USB_Device_Library/Core/Src/usbd_ctlreq.c.obj
 .text.USBD_SetConfig
                0x0800589c       0xb0 CMakeFiles/Classis_Board.elf.dir/Middlewares/ST/STM32_USB_Device_Library/Core/Src/usbd_ctlreq.c.obj
 .text.USBD_GetConfig
                0x0800594c       0x3e CMakeFiles/Classis_Board.elf.dir/Middlewares/ST/STM32_USB_Device_Library/Core/Src/usbd_ctlreq.c.obj
 .text.USBD_GetStatus
                0x0800598a       0x38 CMakeFiles/Classis_Board.elf.dir/Middlewares/ST/STM32_USB_Device_Library/Core/Src/usbd_ctlreq.c.obj
 .text.USBD_ClrFeature
                0x080059c2       0x26 CMakeFiles/Classis_Board.elf.dir/Middlewares/ST/STM32_USB_Device_Library/Core/Src/usbd_ctlreq.c.obj
 .text.USBD_StdDevReq
                0x080059e8       0x68 CMakeFiles/Classis_Board.elf.dir/Middlewares/ST/STM32_USB_Device_Library/Core/Src/usbd_ctlreq.c.obj
                0x080059e8                USBD_StdDevReq
 .text.USBD_StdItfReq
                0x08005a50       0x60 CMakeFiles/Classis_Board.elf.dir/Middlewares/ST/STM32_USB_Device_Library/Core/Src/usbd_ctlreq.c.obj
                0x08005a50                USBD_StdItfReq
 .text.USBD_StdEPReq
                0x08005ab0      0x1de CMakeFiles/Classis_Board.elf.dir/Middlewares/ST/STM32_USB_Device_Library/Core/Src/usbd_ctlreq.c.obj
                0x08005ab0                USBD_StdEPReq
 .text.USBD_CtlSendData
                0x08005c8e       0x1a CMakeFiles/Classis_Board.elf.dir/Middlewares/ST/STM32_USB_Device_Library/Core/Src/usbd_ioreq.c.obj
                0x08005c8e                USBD_CtlSendData
 .text.USBD_CtlContinueSendData
                0x08005ca8       0x10 CMakeFiles/Classis_Board.elf.dir/Middlewares/ST/STM32_USB_Device_Library/Core/Src/usbd_ioreq.c.obj
                0x08005ca8                USBD_CtlContinueSendData
 .text.USBD_CtlContinueRx
                0x08005cb8       0x10 CMakeFiles/Classis_Board.elf.dir/Middlewares/ST/STM32_USB_Device_Library/Core/Src/usbd_ioreq.c.obj
                0x08005cb8                USBD_CtlContinueRx
 .text.USBD_CtlSendStatus
                0x08005cc8       0x16 CMakeFiles/Classis_Board.elf.dir/Middlewares/ST/STM32_USB_Device_Library/Core/Src/usbd_ioreq.c.obj
                0x08005cc8                USBD_CtlSendStatus
 .text.USBD_CtlReceiveStatus
                0x08005cde       0x16 CMakeFiles/Classis_Board.elf.dir/Middlewares/ST/STM32_USB_Device_Library/Core/Src/usbd_ioreq.c.obj
                0x08005cde                USBD_CtlReceiveStatus
 .text.makeFreeRtosPriority
                0x08005cf4        0xc CMakeFiles/Classis_Board.elf.dir/Middlewares/Third_Party/FreeRTOS/Source/CMSIS_RTOS/cmsis_os.c.obj
 .text.osKernelStart
                0x08005d00        0xa CMakeFiles/Classis_Board.elf.dir/Middlewares/Third_Party/FreeRTOS/Source/CMSIS_RTOS/cmsis_os.c.obj
                0x08005d00                osKernelStart
 .text.osThreadCreate
                0x08005d0a       0x6a CMakeFiles/Classis_Board.elf.dir/Middlewares/Third_Party/FreeRTOS/Source/CMSIS_RTOS/cmsis_os.c.obj
                0x08005d0a                osThreadCreate
 .text.osThreadTerminate
                0x08005d74        0xa CMakeFiles/Classis_Board.elf.dir/Middlewares/Third_Party/FreeRTOS/Source/CMSIS_RTOS/cmsis_os.c.obj
                0x08005d74                osThreadTerminate
 .text.osDelay  0x08005d7e        0xe CMakeFiles/Classis_Board.elf.dir/Middlewares/Third_Party/FreeRTOS/Source/CMSIS_RTOS/cmsis_os.c.obj
                0x08005d7e                osDelay
 .text.vListInitialise
                0x08005d8c       0x16 CMakeFiles/Classis_Board.elf.dir/Middlewares/Third_Party/FreeRTOS/Source/list.c.obj
                0x08005d8c                vListInitialise
 .text.vListInitialiseItem
                0x08005da2        0x6 CMakeFiles/Classis_Board.elf.dir/Middlewares/Third_Party/FreeRTOS/Source/list.c.obj
                0x08005da2                vListInitialiseItem
 .text.vListInsertEnd
                0x08005da8       0x16 CMakeFiles/Classis_Board.elf.dir/Middlewares/Third_Party/FreeRTOS/Source/list.c.obj
                0x08005da8                vListInsertEnd
 .text.vListInsert
                0x08005dbe       0x32 CMakeFiles/Classis_Board.elf.dir/Middlewares/Third_Party/FreeRTOS/Source/list.c.obj
                0x08005dbe                vListInsert
 .text.uxListRemove
                0x08005df0       0x26 CMakeFiles/Classis_Board.elf.dir/Middlewares/Third_Party/FreeRTOS/Source/list.c.obj
                0x08005df0                uxListRemove
 *fill*         0x08005e16        0x2 
 .text.prvTaskExitError
                0x08005e18       0x40 CMakeFiles/Classis_Board.elf.dir/Middlewares/Third_Party/FreeRTOS/Source/portable/GCC/ARM_CM4F/port.c.obj
 .text.prvPortStartFirstTask
                0x08005e58       0x28 CMakeFiles/Classis_Board.elf.dir/Middlewares/Third_Party/FreeRTOS/Source/portable/GCC/ARM_CM4F/port.c.obj
 .text.vPortEnableVFP
                0x08005e80       0x14 CMakeFiles/Classis_Board.elf.dir/Middlewares/Third_Party/FreeRTOS/Source/portable/GCC/ARM_CM4F/port.c.obj
 .text.pxPortInitialiseStack
                0x08005e94       0x2c CMakeFiles/Classis_Board.elf.dir/Middlewares/Third_Party/FreeRTOS/Source/portable/GCC/ARM_CM4F/port.c.obj
                0x08005e94                pxPortInitialiseStack
 .text.SVC_Handler
                0x08005ec0       0x24 CMakeFiles/Classis_Board.elf.dir/Middlewares/Third_Party/FreeRTOS/Source/portable/GCC/ARM_CM4F/port.c.obj
                0x08005ec0                SVC_Handler
 .text.vPortEnterCritical
                0x08005ee4       0x44 CMakeFiles/Classis_Board.elf.dir/Middlewares/Third_Party/FreeRTOS/Source/portable/GCC/ARM_CM4F/port.c.obj
                0x08005ee4                vPortEnterCritical
 .text.vPortExitCritical
                0x08005f28       0x2c CMakeFiles/Classis_Board.elf.dir/Middlewares/Third_Party/FreeRTOS/Source/portable/GCC/ARM_CM4F/port.c.obj
                0x08005f28                vPortExitCritical
 *fill*         0x08005f54        0xc 
 .text.PendSV_Handler
                0x08005f60       0x64 CMakeFiles/Classis_Board.elf.dir/Middlewares/Third_Party/FreeRTOS/Source/portable/GCC/ARM_CM4F/port.c.obj
                0x08005f60                PendSV_Handler
 .text.xPortSysTickHandler
                0x08005fc4       0x2c CMakeFiles/Classis_Board.elf.dir/Middlewares/Third_Party/FreeRTOS/Source/portable/GCC/ARM_CM4F/port.c.obj
                0x08005fc4                xPortSysTickHandler
 .text.vPortSetupTimerInterrupt
                0x08005ff0       0x28 CMakeFiles/Classis_Board.elf.dir/Middlewares/Third_Party/FreeRTOS/Source/portable/GCC/ARM_CM4F/port.c.obj
                0x08005ff0                vPortSetupTimerInterrupt
 .text.xPortStartScheduler
                0x08006018      0x118 CMakeFiles/Classis_Board.elf.dir/Middlewares/Third_Party/FreeRTOS/Source/portable/GCC/ARM_CM4F/port.c.obj
                0x08006018                xPortStartScheduler
 .text.vPortValidateInterruptPriority
                0x08006130       0x5c CMakeFiles/Classis_Board.elf.dir/Middlewares/Third_Party/FreeRTOS/Source/portable/GCC/ARM_CM4F/port.c.obj
                0x08006130                vPortValidateInterruptPriority
 .text.prvHeapInit
                0x0800618c       0x64 CMakeFiles/Classis_Board.elf.dir/Middlewares/Third_Party/FreeRTOS/Source/portable/MemMang/heap_4.c.obj
 .text.prvInsertBlockIntoFreeList
                0x080061f0       0x64 CMakeFiles/Classis_Board.elf.dir/Middlewares/Third_Party/FreeRTOS/Source/portable/MemMang/heap_4.c.obj
 .text.pvPortMalloc
                0x08006254       0xf0 CMakeFiles/Classis_Board.elf.dir/Middlewares/Third_Party/FreeRTOS/Source/portable/MemMang/heap_4.c.obj
                0x08006254                pvPortMalloc
 .text.vPortFree
                0x08006344       0x70 CMakeFiles/Classis_Board.elf.dir/Middlewares/Third_Party/FreeRTOS/Source/portable/MemMang/heap_4.c.obj
                0x08006344                vPortFree
 .text.prvIsQueueFull
                0x080063b4       0x1e CMakeFiles/Classis_Board.elf.dir/Middlewares/Third_Party/FreeRTOS/Source/queue.c.obj
 .text.prvIsQueueEmpty
                0x080063d2       0x1a CMakeFiles/Classis_Board.elf.dir/Middlewares/Third_Party/FreeRTOS/Source/queue.c.obj
 .text.prvCopyDataToQueue
                0x080063ec       0x76 CMakeFiles/Classis_Board.elf.dir/Middlewares/Third_Party/FreeRTOS/Source/queue.c.obj
 .text.prvCopyDataFromQueue
                0x08006462       0x24 CMakeFiles/Classis_Board.elf.dir/Middlewares/Third_Party/FreeRTOS/Source/queue.c.obj
 .text.prvUnlockQueue
                0x08006486       0x6e CMakeFiles/Classis_Board.elf.dir/Middlewares/Third_Party/FreeRTOS/Source/queue.c.obj
 .text.xQueueGenericReset
                0x080064f4       0x84 CMakeFiles/Classis_Board.elf.dir/Middlewares/Third_Party/FreeRTOS/Source/queue.c.obj
                0x080064f4                xQueueGenericReset
 .text.prvInitialiseNewQueue
                0x08006578       0x1c CMakeFiles/Classis_Board.elf.dir/Middlewares/Third_Party/FreeRTOS/Source/queue.c.obj
 .text.xQueueGenericCreateStatic
                0x08006594       0x92 CMakeFiles/Classis_Board.elf.dir/Middlewares/Third_Party/FreeRTOS/Source/queue.c.obj
                0x08006594                xQueueGenericCreateStatic
 .text.xQueueGenericSend
                0x08006626      0x188 CMakeFiles/Classis_Board.elf.dir/Middlewares/Third_Party/FreeRTOS/Source/queue.c.obj
                0x08006626                xQueueGenericSend
 .text.xQueueGenericSendFromISR
                0x080067ae       0xcc CMakeFiles/Classis_Board.elf.dir/Middlewares/Third_Party/FreeRTOS/Source/queue.c.obj
                0x080067ae                xQueueGenericSendFromISR
 .text.xQueueReceive
                0x0800687a      0x15e CMakeFiles/Classis_Board.elf.dir/Middlewares/Third_Party/FreeRTOS/Source/queue.c.obj
                0x0800687a                xQueueReceive
 .text.vQueueAddToRegistry
                0x080069d8       0x28 CMakeFiles/Classis_Board.elf.dir/Middlewares/Third_Party/FreeRTOS/Source/queue.c.obj
                0x080069d8                vQueueAddToRegistry
 .text.vQueueWaitForMessageRestricted
                0x08006a00       0x52 CMakeFiles/Classis_Board.elf.dir/Middlewares/Third_Party/FreeRTOS/Source/queue.c.obj
                0x08006a00                vQueueWaitForMessageRestricted
 *fill*         0x08006a52        0x2 
 .text.prvResetNextTaskUnblockTime
                0x08006a54       0x2c CMakeFiles/Classis_Board.elf.dir/Middlewares/Third_Party/FreeRTOS/Source/tasks.c.obj
 .text.prvInitialiseNewTask
                0x08006a80       0xa0 CMakeFiles/Classis_Board.elf.dir/Middlewares/Third_Party/FreeRTOS/Source/tasks.c.obj
 .text.prvInitialiseTaskLists
                0x08006b20       0x68 CMakeFiles/Classis_Board.elf.dir/Middlewares/Third_Party/FreeRTOS/Source/tasks.c.obj
 .text.prvAddNewTaskToReadyList
                0x08006b88       0xa8 CMakeFiles/Classis_Board.elf.dir/Middlewares/Third_Party/FreeRTOS/Source/tasks.c.obj
 .text.prvDeleteTCB
                0x08006c30       0x38 CMakeFiles/Classis_Board.elf.dir/Middlewares/Third_Party/FreeRTOS/Source/tasks.c.obj
 .text.prvCheckTasksWaitingTermination
                0x08006c68       0x4c CMakeFiles/Classis_Board.elf.dir/Middlewares/Third_Party/FreeRTOS/Source/tasks.c.obj
 .text.prvIdleTask
                0x08006cb4       0x28 CMakeFiles/Classis_Board.elf.dir/Middlewares/Third_Party/FreeRTOS/Source/tasks.c.obj
 .text.prvAddCurrentTaskToDelayedList
                0x08006cdc       0xa0 CMakeFiles/Classis_Board.elf.dir/Middlewares/Third_Party/FreeRTOS/Source/tasks.c.obj
 .text.xTaskCreateStatic
                0x08006d7c       0x74 CMakeFiles/Classis_Board.elf.dir/Middlewares/Third_Party/FreeRTOS/Source/tasks.c.obj
                0x08006d7c                xTaskCreateStatic
 .text.xTaskCreate
                0x08006df0       0x68 CMakeFiles/Classis_Board.elf.dir/Middlewares/Third_Party/FreeRTOS/Source/tasks.c.obj
                0x08006df0                xTaskCreate
 .text.vTaskDelete
                0x08006e58       0xe0 CMakeFiles/Classis_Board.elf.dir/Middlewares/Third_Party/FreeRTOS/Source/tasks.c.obj
                0x08006e58                vTaskDelete
 .text.vTaskStartScheduler
                0x08006f38       0x9c CMakeFiles/Classis_Board.elf.dir/Middlewares/Third_Party/FreeRTOS/Source/tasks.c.obj
                0x08006f38                vTaskStartScheduler
 .text.vTaskSuspendAll
                0x08006fd4       0x10 CMakeFiles/Classis_Board.elf.dir/Middlewares/Third_Party/FreeRTOS/Source/tasks.c.obj
                0x08006fd4                vTaskSuspendAll
 .text.xTaskGetTickCount
                0x08006fe4        0xc CMakeFiles/Classis_Board.elf.dir/Middlewares/Third_Party/FreeRTOS/Source/tasks.c.obj
                0x08006fe4                xTaskGetTickCount
 .text.xTaskIncrementTick
                0x08006ff0      0x118 CMakeFiles/Classis_Board.elf.dir/Middlewares/Third_Party/FreeRTOS/Source/tasks.c.obj
                0x08006ff0                xTaskIncrementTick
 .text.xTaskResumeAll
                0x08007108       0xf8 CMakeFiles/Classis_Board.elf.dir/Middlewares/Third_Party/FreeRTOS/Source/tasks.c.obj
                0x08007108                xTaskResumeAll
 .text.vTaskDelay
                0x08007200       0x4c CMakeFiles/Classis_Board.elf.dir/Middlewares/Third_Party/FreeRTOS/Source/tasks.c.obj
                0x08007200                vTaskDelay
 .text.vTaskSwitchContext
                0x0800724c       0x98 CMakeFiles/Classis_Board.elf.dir/Middlewares/Third_Party/FreeRTOS/Source/tasks.c.obj
                0x0800724c                vTaskSwitchContext
 .text.vTaskPlaceOnEventList
                0x080072e4       0x30 CMakeFiles/Classis_Board.elf.dir/Middlewares/Third_Party/FreeRTOS/Source/tasks.c.obj
                0x080072e4                vTaskPlaceOnEventList
 .text.vTaskPlaceOnEventListRestricted
                0x08007314       0x38 CMakeFiles/Classis_Board.elf.dir/Middlewares/Third_Party/FreeRTOS/Source/tasks.c.obj
                0x08007314                vTaskPlaceOnEventListRestricted
 .text.xTaskRemoveFromEventList
                0x0800734c       0x8c CMakeFiles/Classis_Board.elf.dir/Middlewares/Third_Party/FreeRTOS/Source/tasks.c.obj
                0x0800734c                xTaskRemoveFromEventList
 .text.vTaskInternalSetTimeOutState
                0x080073d8       0x18 CMakeFiles/Classis_Board.elf.dir/Middlewares/Third_Party/FreeRTOS/Source/tasks.c.obj
                0x080073d8                vTaskInternalSetTimeOutState
 .text.xTaskCheckForTimeOut
                0x080073f0       0xa0 CMakeFiles/Classis_Board.elf.dir/Middlewares/Third_Party/FreeRTOS/Source/tasks.c.obj
                0x080073f0                xTaskCheckForTimeOut
 .text.vTaskMissedYield
                0x08007490        0xc CMakeFiles/Classis_Board.elf.dir/Middlewares/Third_Party/FreeRTOS/Source/tasks.c.obj
                0x08007490                vTaskMissedYield
 .text.xTaskGetSchedulerState
                0x0800749c       0x20 CMakeFiles/Classis_Board.elf.dir/Middlewares/Third_Party/FreeRTOS/Source/tasks.c.obj
                0x0800749c                xTaskGetSchedulerState
 .text.xTaskPriorityDisinherit
                0x080074bc       0xb4 CMakeFiles/Classis_Board.elf.dir/Middlewares/Third_Party/FreeRTOS/Source/tasks.c.obj
                0x080074bc                xTaskPriorityDisinherit
 .text.prvGetNextExpireTime
                0x08007570       0x20 CMakeFiles/Classis_Board.elf.dir/Middlewares/Third_Party/FreeRTOS/Source/timers.c.obj
 .text.prvInsertTimerInActiveList
                0x08007590       0x48 CMakeFiles/Classis_Board.elf.dir/Middlewares/Third_Party/FreeRTOS/Source/timers.c.obj
 .text.prvCheckForValidListAndQueue
                0x080075d8       0x70 CMakeFiles/Classis_Board.elf.dir/Middlewares/Third_Party/FreeRTOS/Source/timers.c.obj
 .text.xTimerCreateTimerTask
                0x08007648       0x64 CMakeFiles/Classis_Board.elf.dir/Middlewares/Third_Party/FreeRTOS/Source/timers.c.obj
                0x08007648                xTimerCreateTimerTask
 .text.xTimerGenericCommand
                0x080076ac       0x6c CMakeFiles/Classis_Board.elf.dir/Middlewares/Third_Party/FreeRTOS/Source/timers.c.obj
                0x080076ac                xTimerGenericCommand
 .text.prvSwitchTimerLists
                0x08007718       0x78 CMakeFiles/Classis_Board.elf.dir/Middlewares/Third_Party/FreeRTOS/Source/timers.c.obj
 .text.prvSampleTimeNow
                0x08007790       0x2c CMakeFiles/Classis_Board.elf.dir/Middlewares/Third_Party/FreeRTOS/Source/timers.c.obj
 .text.prvProcessExpiredTimer
                0x080077bc       0x60 CMakeFiles/Classis_Board.elf.dir/Middlewares/Third_Party/FreeRTOS/Source/timers.c.obj
 .text.prvProcessTimerOrBlockTask
                0x0800781c       0x74 CMakeFiles/Classis_Board.elf.dir/Middlewares/Third_Party/FreeRTOS/Source/timers.c.obj
 .text.prvProcessReceivedCommands
                0x08007890       0xf8 CMakeFiles/Classis_Board.elf.dir/Middlewares/Third_Party/FreeRTOS/Source/timers.c.obj
 .text.prvTimerTask
                0x08007988       0x16 CMakeFiles/Classis_Board.elf.dir/Middlewares/Third_Party/FreeRTOS/Source/timers.c.obj
 *fill*         0x0800799e        0x2 
 .text.MX_ADC1_Init
                0x080079a0       0x70 CMakeFiles/Classis_Board.elf.dir/Src/adc.c.obj
                0x080079a0                MX_ADC1_Init
 .text.MX_ADC3_Init
                0x08007a10       0x70 CMakeFiles/Classis_Board.elf.dir/Src/adc.c.obj
                0x08007a10                MX_ADC3_Init
 .text.HAL_ADC_MspInit
                0x08007a80       0x90 CMakeFiles/Classis_Board.elf.dir/Src/adc.c.obj
                0x08007a80                HAL_ADC_MspInit
 .text.MX_CAN1_Init
                0x08007b10       0x40 CMakeFiles/Classis_Board.elf.dir/Src/can.c.obj
                0x08007b10                MX_CAN1_Init
 .text.MX_CAN2_Init
                0x08007b50       0x40 CMakeFiles/Classis_Board.elf.dir/Src/can.c.obj
                0x08007b50                MX_CAN2_Init
 .text.HAL_CAN_MspInit
                0x08007b90      0x120 CMakeFiles/Classis_Board.elf.dir/Src/can.c.obj
                0x08007b90                HAL_CAN_MspInit
 .text.MX_CRC_Init
                0x08007cb0       0x20 CMakeFiles/Classis_Board.elf.dir/Src/crc.c.obj
                0x08007cb0                MX_CRC_Init
 .text.HAL_CRC_MspInit
                0x08007cd0       0x30 CMakeFiles/Classis_Board.elf.dir/Src/crc.c.obj
                0x08007cd0                HAL_CRC_MspInit
 .text.MX_DMA_Init
                0x08007d00       0xa8 CMakeFiles/Classis_Board.elf.dir/Src/dma.c.obj
                0x08007d00                MX_DMA_Init
 .text.vApplicationGetIdleTaskMemory
                0x08007da8       0x18 CMakeFiles/Classis_Board.elf.dir/Src/freertos.c.obj
                0x08007da8                vApplicationGetIdleTaskMemory
 .text.vApplicationGetTimerTaskMemory
                0x08007dc0       0x18 CMakeFiles/Classis_Board.elf.dir/Src/freertos.c.obj
                0x08007dc0                vApplicationGetTimerTaskMemory
 .text.MX_FREERTOS_Init
                0x08007dd8       0x30 CMakeFiles/Classis_Board.elf.dir/Src/freertos.c.obj
                0x08007dd8                MX_FREERTOS_Init
 .text.Referee_start
                0x08007e08       0x2c CMakeFiles/Classis_Board.elf.dir/Src/freertos.c.obj
                0x08007e08                Referee_start
 .text.start_task
                0x08007e34       0x1c CMakeFiles/Classis_Board.elf.dir/Src/freertos.c.obj
                0x08007e34                start_task
 .text.MX_GPIO_Init
                0x08007e50      0x200 CMakeFiles/Classis_Board.elf.dir/Src/gpio.c.obj
                0x08007e50                MX_GPIO_Init
 .text.MX_I2C1_Init
                0x08008050       0x3c CMakeFiles/Classis_Board.elf.dir/Src/i2c.c.obj
                0x08008050                MX_I2C1_Init
 .text.MX_I2C2_Init
                0x0800808c       0x3c CMakeFiles/Classis_Board.elf.dir/Src/i2c.c.obj
                0x0800808c                MX_I2C2_Init
 .text.MX_I2C3_Init
                0x080080c8       0x3c CMakeFiles/Classis_Board.elf.dir/Src/i2c.c.obj
                0x080080c8                MX_I2C3_Init
 .text.HAL_I2C_MspInit
                0x08008104      0x1a4 CMakeFiles/Classis_Board.elf.dir/Src/i2c.c.obj
                0x08008104                HAL_I2C_MspInit
 .text.SystemClock_Config
                0x080082a8       0xb0 CMakeFiles/Classis_Board.elf.dir/Src/main.c.obj
                0x080082a8                SystemClock_Config
 .text.main     0x08008358       0x70 CMakeFiles/Classis_Board.elf.dir/Src/main.c.obj
                0x08008358                main
 .text.Task_init
                0x080083c8       0x10 CMakeFiles/Classis_Board.elf.dir/Src/main.c.obj
                0x080083c8                Task_init
 .text.Error_Handler
                0x080083d8        0x2 CMakeFiles/Classis_Board.elf.dir/Src/main.c.obj
                0x080083d8                Error_Handler
 *fill*         0x080083da        0x2 
 .text.MX_RNG_Init
                0x080083dc       0x20 CMakeFiles/Classis_Board.elf.dir/Src/rng.c.obj
                0x080083dc                MX_RNG_Init
 .text.HAL_RNG_MspInit
                0x080083fc       0x30 CMakeFiles/Classis_Board.elf.dir/Src/rng.c.obj
                0x080083fc                HAL_RNG_MspInit
 .text.MX_RTC_Init
                0x0800842c       0x34 CMakeFiles/Classis_Board.elf.dir/Src/rtc.c.obj
                0x0800842c                MX_RTC_Init
 .text.HAL_RTC_MspInit
                0x08008460       0x1c CMakeFiles/Classis_Board.elf.dir/Src/rtc.c.obj
                0x08008460                HAL_RTC_MspInit
 .text.MX_SPI1_Init
                0x0800847c       0x48 CMakeFiles/Classis_Board.elf.dir/Src/spi.c.obj
                0x0800847c                MX_SPI1_Init
 .text.MX_SPI2_Init
                0x080084c4       0x48 CMakeFiles/Classis_Board.elf.dir/Src/spi.c.obj
                0x080084c4                MX_SPI2_Init
 .text.HAL_SPI_MspInit
                0x0800850c      0x188 CMakeFiles/Classis_Board.elf.dir/Src/spi.c.obj
                0x0800850c                HAL_SPI_MspInit
 .text.HAL_MspInit
                0x08008694       0x44 CMakeFiles/Classis_Board.elf.dir/Src/stm32f4xx_hal_msp.c.obj
                0x08008694                HAL_MspInit
 .text.NMI_Handler
                0x080086d8        0x2 CMakeFiles/Classis_Board.elf.dir/Src/stm32f4xx_it.c.obj
                0x080086d8                NMI_Handler
 .text.HardFault_Handler
                0x080086da        0x2 CMakeFiles/Classis_Board.elf.dir/Src/stm32f4xx_it.c.obj
                0x080086da                HardFault_Handler
 .text.MemManage_Handler
                0x080086dc        0x2 CMakeFiles/Classis_Board.elf.dir/Src/stm32f4xx_it.c.obj
                0x080086dc                MemManage_Handler
 .text.BusFault_Handler
                0x080086de        0x2 CMakeFiles/Classis_Board.elf.dir/Src/stm32f4xx_it.c.obj
                0x080086de                BusFault_Handler
 .text.UsageFault_Handler
                0x080086e0        0x2 CMakeFiles/Classis_Board.elf.dir/Src/stm32f4xx_it.c.obj
                0x080086e0                UsageFault_Handler
 .text.DebugMon_Handler
                0x080086e2        0x2 CMakeFiles/Classis_Board.elf.dir/Src/stm32f4xx_it.c.obj
                0x080086e2                DebugMon_Handler
 .text.SysTick_Handler
                0x080086e4       0x16 CMakeFiles/Classis_Board.elf.dir/Src/stm32f4xx_it.c.obj
                0x080086e4                SysTick_Handler
 .text.EXTI0_IRQHandler
                0x080086fa        0xa CMakeFiles/Classis_Board.elf.dir/Src/stm32f4xx_it.c.obj
                0x080086fa                EXTI0_IRQHandler
 .text.EXTI3_IRQHandler
                0x08008704        0xa CMakeFiles/Classis_Board.elf.dir/Src/stm32f4xx_it.c.obj
                0x08008704                EXTI3_IRQHandler
 .text.EXTI4_IRQHandler
                0x0800870e        0xa CMakeFiles/Classis_Board.elf.dir/Src/stm32f4xx_it.c.obj
                0x0800870e                EXTI4_IRQHandler
 .text.CAN1_RX0_IRQHandler
                0x08008718       0x10 CMakeFiles/Classis_Board.elf.dir/Src/stm32f4xx_it.c.obj
                0x08008718                CAN1_RX0_IRQHandler
 .text.EXTI9_5_IRQHandler
                0x08008728        0xa CMakeFiles/Classis_Board.elf.dir/Src/stm32f4xx_it.c.obj
                0x08008728                EXTI9_5_IRQHandler
 *fill*         0x08008732        0x2 
 .text.DMA2_Stream1_IRQHandler
                0x08008734       0x10 CMakeFiles/Classis_Board.elf.dir/Src/stm32f4xx_it.c.obj
                0x08008734                DMA2_Stream1_IRQHandler
 .text.CAN2_RX0_IRQHandler
                0x08008744       0x10 CMakeFiles/Classis_Board.elf.dir/Src/stm32f4xx_it.c.obj
                0x08008744                CAN2_RX0_IRQHandler
 .text.OTG_FS_IRQHandler
                0x08008754       0x10 CMakeFiles/Classis_Board.elf.dir/Src/stm32f4xx_it.c.obj
                0x08008754                OTG_FS_IRQHandler
 .text.DMA2_Stream6_IRQHandler
                0x08008764       0x10 CMakeFiles/Classis_Board.elf.dir/Src/stm32f4xx_it.c.obj
                0x08008764                DMA2_Stream6_IRQHandler
 .text.DMA2_Stream7_IRQHandler
                0x08008774       0x10 CMakeFiles/Classis_Board.elf.dir/Src/stm32f4xx_it.c.obj
                0x08008774                DMA2_Stream7_IRQHandler
 .text._getpid  0x08008784        0x4 CMakeFiles/Classis_Board.elf.dir/Src/syscalls.c.obj
                0x08008784                _getpid
 .text._kill    0x08008788       0x10 CMakeFiles/Classis_Board.elf.dir/Src/syscalls.c.obj
                0x08008788                _kill
 .text._exit    0x08008798        0xc CMakeFiles/Classis_Board.elf.dir/Src/syscalls.c.obj
                0x08008798                _exit
 .text.SystemInit
                0x080087a4       0x4c CMakeFiles/Classis_Board.elf.dir/Src/system_stm32f4xx.c.obj
                0x080087a4                SystemInit
 .text.HAL_TIM_Base_MspInit
                0x080087f0       0xe4 CMakeFiles/Classis_Board.elf.dir/Src/tim.c.obj
                0x080087f0                HAL_TIM_Base_MspInit
 .text.HAL_TIM_MspPostInit
                0x080088d4      0x1d0 CMakeFiles/Classis_Board.elf.dir/Src/tim.c.obj
                0x080088d4                HAL_TIM_MspPostInit
 .text.MX_TIM1_Init
                0x08008aa4      0x124 CMakeFiles/Classis_Board.elf.dir/Src/tim.c.obj
                0x08008aa4                MX_TIM1_Init
 .text.MX_TIM3_Init
                0x08008bc8       0xac CMakeFiles/Classis_Board.elf.dir/Src/tim.c.obj
                0x08008bc8                MX_TIM3_Init
 .text.MX_TIM4_Init
                0x08008c74       0xb0 CMakeFiles/Classis_Board.elf.dir/Src/tim.c.obj
                0x08008c74                MX_TIM4_Init
 .text.MX_TIM5_Init
                0x08008d24       0xd4 CMakeFiles/Classis_Board.elf.dir/Src/tim.c.obj
                0x08008d24                MX_TIM5_Init
 .text.MX_TIM8_Init
                0x08008df8      0x100 CMakeFiles/Classis_Board.elf.dir/Src/tim.c.obj
                0x08008df8                MX_TIM8_Init
 .text.MX_TIM10_Init
                0x08008ef8       0x74 CMakeFiles/Classis_Board.elf.dir/Src/tim.c.obj
                0x08008ef8                MX_TIM10_Init
 .text.MX_USART1_UART_Init
                0x08008f6c       0x34 CMakeFiles/Classis_Board.elf.dir/Src/usart.c.obj
                0x08008f6c                MX_USART1_UART_Init
 .text.MX_USART3_UART_Init
                0x08008fa0       0x3c CMakeFiles/Classis_Board.elf.dir/Src/usart.c.obj
                0x08008fa0                MX_USART3_UART_Init
 .text.MX_USART6_UART_Init
                0x08008fdc       0x34 CMakeFiles/Classis_Board.elf.dir/Src/usart.c.obj
                0x08008fdc                MX_USART6_UART_Init
 .text.HAL_UART_MspInit
                0x08009010      0x288 CMakeFiles/Classis_Board.elf.dir/Src/usart.c.obj
                0x08009010                HAL_UART_MspInit
 .text.HAL_PCD_SetupStageCallback
                0x08009298       0x10 CMakeFiles/Classis_Board.elf.dir/Src/usbd_conf.c.obj
                0x08009298                HAL_PCD_SetupStageCallback
 .text.HAL_PCD_DataOutStageCallback
                0x080092a8       0x18 CMakeFiles/Classis_Board.elf.dir/Src/usbd_conf.c.obj
                0x080092a8                HAL_PCD_DataOutStageCallback
 .text.HAL_PCD_DataInStageCallback
                0x080092c0       0x16 CMakeFiles/Classis_Board.elf.dir/Src/usbd_conf.c.obj
                0x080092c0                HAL_PCD_DataInStageCallback
 .text.HAL_PCD_SOFCallback
                0x080092d6        0xc CMakeFiles/Classis_Board.elf.dir/Src/usbd_conf.c.obj
                0x080092d6                HAL_PCD_SOFCallback
 .text.HAL_PCD_ResetCallback
                0x080092e2       0x2c CMakeFiles/Classis_Board.elf.dir/Src/usbd_conf.c.obj
                0x080092e2                HAL_PCD_ResetCallback
 *fill*         0x0800930e        0x2 
 .text.HAL_PCD_SuspendCallback
                0x08009310       0x30 CMakeFiles/Classis_Board.elf.dir/Src/usbd_conf.c.obj
                0x08009310                HAL_PCD_SuspendCallback
 .text.HAL_PCD_ResumeCallback
                0x08009340        0xc CMakeFiles/Classis_Board.elf.dir/Src/usbd_conf.c.obj
                0x08009340                HAL_PCD_ResumeCallback
 .text.HAL_PCD_ISOOUTIncompleteCallback
                0x0800934c        0xc CMakeFiles/Classis_Board.elf.dir/Src/usbd_conf.c.obj
                0x0800934c                HAL_PCD_ISOOUTIncompleteCallback
 .text.HAL_PCD_ISOINIncompleteCallback
                0x08009358        0xc CMakeFiles/Classis_Board.elf.dir/Src/usbd_conf.c.obj
                0x08009358                HAL_PCD_ISOINIncompleteCallback
 .text.HAL_PCD_ConnectCallback
                0x08009364        0xc CMakeFiles/Classis_Board.elf.dir/Src/usbd_conf.c.obj
                0x08009364                HAL_PCD_ConnectCallback
 .text.HAL_PCD_DisconnectCallback
                0x08009370        0xc CMakeFiles/Classis_Board.elf.dir/Src/usbd_conf.c.obj
                0x08009370                HAL_PCD_DisconnectCallback
 .text.USBD_LL_IsStallEP
                0x0800937c       0x2e CMakeFiles/Classis_Board.elf.dir/Src/usbd_conf.c.obj
                0x0800937c                USBD_LL_IsStallEP
 .text.USBD_Get_USB_Status
                0x080093aa       0x14 CMakeFiles/Classis_Board.elf.dir/Src/usbd_conf.c.obj
                0x080093aa                USBD_Get_USB_Status
 .text.USBD_LL_OpenEP
                0x080093be       0x16 CMakeFiles/Classis_Board.elf.dir/Src/usbd_conf.c.obj
                0x080093be                USBD_LL_OpenEP
 .text.USBD_LL_StallEP
                0x080093d4       0x10 CMakeFiles/Classis_Board.elf.dir/Src/usbd_conf.c.obj
                0x080093d4                USBD_LL_StallEP
 .text.USBD_LL_ClearStallEP
                0x080093e4       0x10 CMakeFiles/Classis_Board.elf.dir/Src/usbd_conf.c.obj
                0x080093e4                USBD_LL_ClearStallEP
 .text.USBD_LL_SetUSBAddress
                0x080093f4       0x10 CMakeFiles/Classis_Board.elf.dir/Src/usbd_conf.c.obj
                0x080093f4                USBD_LL_SetUSBAddress
 .text.USBD_LL_Transmit
                0x08009404       0x10 CMakeFiles/Classis_Board.elf.dir/Src/usbd_conf.c.obj
                0x08009404                USBD_LL_Transmit
 .text.USBD_LL_PrepareReceive
                0x08009414       0x10 CMakeFiles/Classis_Board.elf.dir/Src/usbd_conf.c.obj
                0x08009414                USBD_LL_PrepareReceive
 .text.can_filter_init
                0x08009424       0x5c CMakeFiles/Classis_Board.elf.dir/hardware/bsp_can.c.obj
                0x08009424                can_filter_init
 .text.usart1_tx_dma_init
                0x08009480       0x50 CMakeFiles/Classis_Board.elf.dir/hardware/bsp_usart.c.obj
                0x08009480                usart1_tx_dma_init
 .text.usart6_init
                0x080094d0       0xe4 CMakeFiles/Classis_Board.elf.dir/hardware/bsp_usart.c.obj
                0x080094d0                usart6_init
 .text._ZN9M_Chassis15feedback_updateEv
                0x080095b4       0xb4 CMakeFiles/Classis_Board.elf.dir/module/M_Chassis.cpp.obj
                0x080095b4                M_Chassis::feedback_update()
 .text._ZN9M_Chassis4initEv
                0x08009668       0xd4 CMakeFiles/Classis_Board.elf.dir/module/M_Chassis.cpp.obj
                0x08009668                M_Chassis::init()
 .text._ZN9M_Chassis8set_modeEv
                0x0800973c       0x54 CMakeFiles/Classis_Board.elf.dir/module/M_Chassis.cpp.obj
                0x0800973c                M_Chassis::set_mode()
 .text._ZN9M_Chassis16mode_change_saveEv
                0x08009790       0x3c CMakeFiles/Classis_Board.elf.dir/module/M_Chassis.cpp.obj
                0x08009790                M_Chassis::mode_change_save()
 .text._ZN9M_Chassis26chassis_zero_force_controlEPfS0_S0_
                0x080097cc       0x10 CMakeFiles/Classis_Board.elf.dir/module/M_Chassis.cpp.obj
                0x080097cc                M_Chassis::chassis_zero_force_control(float*, float*, float*)
 .text._ZN9M_Chassis23chassis_no_move_controlEPfS0_S0_
                0x080097dc       0x10 CMakeFiles/Classis_Board.elf.dir/module/M_Chassis.cpp.obj
                0x080097dc                M_Chassis::chassis_no_move_control(float*, float*, float*)
 .text._ZN9M_Chassis28chassis_rc_to_control_vectorEPfS0_
                0x080097ec      0x114 CMakeFiles/Classis_Board.elf.dir/module/M_Chassis.cpp.obj
                0x080097ec                M_Chassis::chassis_rc_to_control_vector(float*, float*)
 .text._ZN9M_Chassis43chassis_engineer_follow_chassis_yaw_controlEPfS0_S0_
                0x08009900       0x50 CMakeFiles/Classis_Board.elf.dir/module/M_Chassis.cpp.obj
                0x08009900                M_Chassis::chassis_engineer_follow_chassis_yaw_control(float*, float*, float*)
 .text._ZN9M_Chassis29chassis_no_follow_yaw_controlEPfS0_S0_
                0x08009950       0x34 CMakeFiles/Classis_Board.elf.dir/module/M_Chassis.cpp.obj
                0x08009950                M_Chassis::chassis_no_follow_yaw_control(float*, float*, float*)
 .text._ZN9M_Chassis24chassis_open_set_controlEPfS0_S0_
                0x08009984       0x52 CMakeFiles/Classis_Board.elf.dir/module/M_Chassis.cpp.obj
                0x08009984                M_Chassis::chassis_open_set_control(float*, float*, float*)
 .text._ZN9M_Chassis29chassis_behaviour_control_setEPfS0_S0_
                0x080099d6       0x54 CMakeFiles/Classis_Board.elf.dir/module/M_Chassis.cpp.obj
                0x080099d6                M_Chassis::chassis_behaviour_control_set(float*, float*, float*)
 *fill*         0x08009a2a        0x2 
 .text._ZN9M_Chassis11set_contorlEv
                0x08009a2c      0x1bc CMakeFiles/Classis_Board.elf.dir/module/M_Chassis.cpp.obj
                0x08009a2c                M_Chassis::set_contorl()
 .text._ZN9M_Chassis5solveEv
                0x08009be8      0x108 CMakeFiles/Classis_Board.elf.dir/module/M_Chassis.cpp.obj
                0x08009be8                M_Chassis::solve()
 .text._ZN9M_Chassis8pid_calcEv
                0x08009cf0       0x30 CMakeFiles/Classis_Board.elf.dir/module/M_Chassis.cpp.obj
                0x08009cf0                M_Chassis::pid_calc()
 .text._ZN9M_Chassis10power_ctrlEv
                0x08009d20        0x2 CMakeFiles/Classis_Board.elf.dir/module/M_Chassis.cpp.obj
                0x08009d20                M_Chassis::power_ctrl()
 .text._ZN9M_Chassis2goEv
                0x08009d22       0x4c CMakeFiles/Classis_Board.elf.dir/module/M_Chassis.cpp.obj
                0x08009d22                M_Chassis::go()
 .text._ZN18first_order_filter23first_order_filter_initEfPKf
                0x08009d6e       0x10 CMakeFiles/Classis_Board.elf.dir/module/first_order_filter.cpp.obj
                0x08009d6e                first_order_filter::first_order_filter_init(float, float const*)
 .text._ZN18first_order_filter23first_order_filter_caliEf
                0x08009d7e       0x2e CMakeFiles/Classis_Board.elf.dir/module/first_order_filter.cpp.obj
                0x08009d7e                first_order_filter::first_order_filter_cali(float)
 .text._ZN13motor_measure17get_motor_measureEPKh
                0x08009dac       0x28 CMakeFiles/Classis_Board.elf.dir/module/motor_measure.cpp.obj
                0x08009dac                motor_measure::get_motor_measure(unsigned char const*)
 .text._ZN3pid8PID_initEhPKfff
                0x08009dd4       0x2e CMakeFiles/Classis_Board.elf.dir/module/pid.cpp.obj
                0x08009dd4                pid::PID_init(unsigned char, float const*, float, float)
 .text._ZN3pid8PID_calcEff
                0x08009e02      0x146 CMakeFiles/Classis_Board.elf.dir/module/pid.cpp.obj
                0x08009e02                pid::PID_calc(float, float)
 .text.init_referee_struct_data
                0x08009f48       0xec CMakeFiles/Classis_Board.elf.dir/module/referee_data.c.obj
                0x08009f48                init_referee_struct_data
 .text.referee_data_solve
                0x0800a034      0x20c CMakeFiles/Classis_Board.elf.dir/module/referee_data.c.obj
                0x0800a034                referee_data_solve
 .text.referee_unpack_fifo_data
                0x0800a240      0x17c CMakeFiles/Classis_Board.elf.dir/module/referee_data.c.obj
                0x0800a240                referee_unpack_fifo_data
 .text.USART6_IRQHandler
                0x0800a3bc       0xd0 CMakeFiles/Classis_Board.elf.dir/module/referee_data.c.obj
                0x0800a3bc                USART6_IRQHandler
 .text.RC_Init  0x0800a48c       0x68 CMakeFiles/Classis_Board.elf.dir/module/remote_data.c.obj
                0x0800a48c                RC_Init
 .text.remote_control_init
                0x0800a4f4       0x14 CMakeFiles/Classis_Board.elf.dir/module/remote_data.c.obj
                0x0800a4f4                remote_control_init
 .text.sbus_to_rc
                0x0800a508       0xc6 CMakeFiles/Classis_Board.elf.dir/module/remote_data.c.obj
                0x0800a508                sbus_to_rc
 *fill*         0x0800a5ce        0x2 
 .text.USART3_IRQHandler
                0x0800a5d0       0xe4 CMakeFiles/Classis_Board.elf.dir/module/remote_data.c.obj
                0x0800a5d0                USART3_IRQHandler
 .text._Z19loop_fp32_constrainfff
                0x0800a6b4       0x48 CMakeFiles/Classis_Board.elf.dir/module/user_lib.cpp.obj
                0x0800a6b4                loop_fp32_constrain(float, float, float)
 .text._Z14fp32_constrainfff
                0x0800a6fc       0x20 CMakeFiles/Classis_Board.elf.dir/module/user_lib.cpp.obj
                0x0800a6fc                fp32_constrain(float, float, float)
 .text.Reset_Handler
                0x0800a71c       0x50 CMakeFiles/Classis_Board.elf.dir/startup/startup_stm32f407xx.s.obj
                0x0800a71c                Reset_Handler
 .text.Default_Handler
                0x0800a76c        0x2 CMakeFiles/Classis_Board.elf.dir/startup/startup_stm32f407xx.s.obj
                0x0800a76c                RTC_Alarm_IRQHandler
                0x0800a76c                HASH_RNG_IRQHandler
                0x0800a76c                EXTI2_IRQHandler
                0x0800a76c                TIM8_CC_IRQHandler
                0x0800a76c                TIM1_CC_IRQHandler
                0x0800a76c                DMA2_Stream5_IRQHandler
                0x0800a76c                DMA1_Stream5_IRQHandler
                0x0800a76c                PVD_IRQHandler
                0x0800a76c                SDIO_IRQHandler
                0x0800a76c                TAMP_STAMP_IRQHandler
                0x0800a76c                CAN2_RX1_IRQHandler
                0x0800a76c                TIM8_TRG_COM_TIM14_IRQHandler
                0x0800a76c                TIM1_UP_TIM10_IRQHandler
                0x0800a76c                TIM8_UP_TIM13_IRQHandler
                0x0800a76c                I2C3_ER_IRQHandler
                0x0800a76c                I2C2_EV_IRQHandler
                0x0800a76c                DMA1_Stream2_IRQHandler
                0x0800a76c                FPU_IRQHandler
                0x0800a76c                OTG_HS_WKUP_IRQHandler
                0x0800a76c                CAN2_SCE_IRQHandler
                0x0800a76c                DMA2_Stream2_IRQHandler
                0x0800a76c                SPI1_IRQHandler
                0x0800a76c                TIM6_DAC_IRQHandler
                0x0800a76c                TIM1_BRK_TIM9_IRQHandler
                0x0800a76c                DCMI_IRQHandler
                0x0800a76c                DMA2_Stream3_IRQHandler
                0x0800a76c                CAN1_RX1_IRQHandler
                0x0800a76c                UART5_IRQHandler
                0x0800a76c                DMA2_Stream0_IRQHandler
                0x0800a76c                TIM4_IRQHandler
                0x0800a76c                I2C1_EV_IRQHandler
                0x0800a76c                DMA1_Stream6_IRQHandler
                0x0800a76c                DMA1_Stream1_IRQHandler
                0x0800a76c                UART4_IRQHandler
                0x0800a76c                TIM3_IRQHandler
                0x0800a76c                RCC_IRQHandler
                0x0800a76c                TIM8_BRK_TIM12_IRQHandler
                0x0800a76c                Default_Handler
                0x0800a76c                EXTI15_10_IRQHandler
                0x0800a76c                ADC_IRQHandler
                0x0800a76c                DMA1_Stream7_IRQHandler
                0x0800a76c                TIM7_IRQHandler
                0x0800a76c                CAN2_TX_IRQHandler
                0x0800a76c                TIM5_IRQHandler
                0x0800a76c                I2C3_EV_IRQHandler
                0x0800a76c                RTC_WKUP_IRQHandler
                0x0800a76c                ETH_WKUP_IRQHandler
                0x0800a76c                SPI2_IRQHandler
                0x0800a76c                OTG_HS_EP1_IN_IRQHandler
                0x0800a76c                DMA1_Stream0_IRQHandler
                0x0800a76c                CAN1_TX_IRQHandler
                0x0800a76c                FSMC_IRQHandler
                0x0800a76c                ETH_IRQHandler
                0x0800a76c                OTG_HS_EP1_OUT_IRQHandler
                0x0800a76c                WWDG_IRQHandler
                0x0800a76c                TIM2_IRQHandler
                0x0800a76c                OTG_FS_WKUP_IRQHandler
                0x0800a76c                TIM1_TRG_COM_TIM11_IRQHandler
                0x0800a76c                OTG_HS_IRQHandler
                0x0800a76c                EXTI1_IRQHandler
                0x0800a76c                USART2_IRQHandler
                0x0800a76c                I2C2_ER_IRQHandler
                0x0800a76c                CAN1_SCE_IRQHandler
                0x0800a76c                FLASH_IRQHandler
                0x0800a76c                DMA2_Stream4_IRQHandler
                0x0800a76c                USART1_IRQHandler
                0x0800a76c                SPI3_IRQHandler
                0x0800a76c                DMA1_Stream4_IRQHandler
                0x0800a76c                I2C1_ER_IRQHandler
                0x0800a76c                DMA1_Stream3_IRQHandler
 *fill*         0x0800a76e        0x2 
 .text.get_CRC8_check_sum
                0x0800a770       0x20 CMakeFiles/Classis_Board.elf.dir/support/CRC8_CRC16.c.obj
                0x0800a770                get_CRC8_check_sum
 .text.verify_CRC8_check_sum
                0x0800a790       0x28 CMakeFiles/Classis_Board.elf.dir/support/CRC8_CRC16.c.obj
                0x0800a790                verify_CRC8_check_sum
 .text.get_CRC16_check_sum
                0x0800a7b8       0x38 CMakeFiles/Classis_Board.elf.dir/support/CRC8_CRC16.c.obj
                0x0800a7b8                get_CRC16_check_sum
 .text.verify_CRC16_check_sum
                0x0800a7f0       0x48 CMakeFiles/Classis_Board.elf.dir/support/CRC8_CRC16.c.obj
                0x0800a7f0                verify_CRC16_check_sum
 .text.fifo_s_init
                0x0800a838       0x16 CMakeFiles/Classis_Board.elf.dir/support/fifo.c.obj
                0x0800a838                fifo_s_init
 .text.fifo_s_puts
                0x0800a84e       0x7e CMakeFiles/Classis_Board.elf.dir/support/fifo.c.obj
                0x0800a84e                fifo_s_puts
 .text.fifo_s_get
                0x0800a8cc       0x2e CMakeFiles/Classis_Board.elf.dir/support/fifo.c.obj
                0x0800a8cc                fifo_s_get
 .text.fifo_s_used
                0x0800a8fa        0x4 CMakeFiles/Classis_Board.elf.dir/support/fifo.c.obj
                0x0800a8fa                fifo_s_used
 *fill*         0x0800a8fe        0x2 
 .text.cos      0x0800a900       0x90 d:/gcc-arm-none-eabi-10.3-2021.10/bin/../lib/gcc/arm-none-eabi/10.3.1/../../../../arm-none-eabi/lib/thumb/v7e-m+fp/hard\libm.a(lib_a-s_cos.o)
                0x0800a900                cos
 .text.sin      0x0800a990       0x90 d:/gcc-arm-none-eabi-10.3-2021.10/bin/../lib/gcc/arm-none-eabi/10.3.1/../../../../arm-none-eabi/lib/thumb/v7e-m+fp/hard\libm.a(lib_a-s_sin.o)
                0x0800a990                sin
 .text.__ieee754_rem_pio2
                0x0800aa20      0x44c d:/gcc-arm-none-eabi-10.3-2021.10/bin/../lib/gcc/arm-none-eabi/10.3.1/../../../../arm-none-eabi/lib/thumb/v7e-m+fp/hard\libm.a(lib_a-e_rem_pio2.o)
                0x0800aa20                __ieee754_rem_pio2
 *fill*         0x0800ae6c        0x4 
 .text.__kernel_cos
                0x0800ae70      0x27c d:/gcc-arm-none-eabi-10.3-2021.10/bin/../lib/gcc/arm-none-eabi/10.3.1/../../../../arm-none-eabi/lib/thumb/v7e-m+fp/hard\libm.a(lib_a-k_cos.o)
                0x0800ae70                __kernel_cos
 *fill*         0x0800b0ec        0x4 
 .text.__kernel_rem_pio2
                0x0800b0f0      0x850 d:/gcc-arm-none-eabi-10.3-2021.10/bin/../lib/gcc/arm-none-eabi/10.3.1/../../../../arm-none-eabi/lib/thumb/v7e-m+fp/hard\libm.a(lib_a-k_rem_pio2.o)
                0x0800b0f0                __kernel_rem_pio2
 .text.__kernel_sin
                0x0800b940      0x17c d:/gcc-arm-none-eabi-10.3-2021.10/bin/../lib/gcc/arm-none-eabi/10.3.1/../../../../arm-none-eabi/lib/thumb/v7e-m+fp/hard\libm.a(lib_a-k_sin.o)
                0x0800b940                __kernel_sin
 .text.fabs     0x0800babc       0x14 d:/gcc-arm-none-eabi-10.3-2021.10/bin/../lib/gcc/arm-none-eabi/10.3.1/../../../../arm-none-eabi/lib/thumb/v7e-m+fp/hard\libm.a(lib_a-s_fabs.o)
                0x0800babc                fabs
 .text.floor    0x0800bad0      0x108 d:/gcc-arm-none-eabi-10.3-2021.10/bin/../lib/gcc/arm-none-eabi/10.3.1/../../../../arm-none-eabi/lib/thumb/v7e-m+fp/hard\libm.a(lib_a-s_floor.o)
                0x0800bad0                floor
 .text.scalbn   0x0800bbd8      0x124 d:/gcc-arm-none-eabi-10.3-2021.10/bin/../lib/gcc/arm-none-eabi/10.3.1/../../../../arm-none-eabi/lib/thumb/v7e-m+fp/hard\libm.a(lib_a-s_scalbn.o)
                0x0800bbd8                scalbn
 .text.abort    0x0800bcfc       0x10 d:/gcc-arm-none-eabi-10.3-2021.10/bin/../lib/gcc/arm-none-eabi/10.3.1/../../../../arm-none-eabi/lib/thumb/v7e-m+fp/hard\libg.a(lib_a-abort.o)
                0x0800bcfc                abort
 .text.__errno  0x0800bd0c        0xc d:/gcc-arm-none-eabi-10.3-2021.10/bin/../lib/gcc/arm-none-eabi/10.3.1/../../../../arm-none-eabi/lib/thumb/v7e-m+fp/hard\libg.a(lib_a-errno.o)
                0x0800bd0c                __errno
 .text.__libc_init_array
                0x0800bd18       0x48 d:/gcc-arm-none-eabi-10.3-2021.10/bin/../lib/gcc/arm-none-eabi/10.3.1/../../../../arm-none-eabi/lib/thumb/v7e-m+fp/hard\libg.a(lib_a-init.o)
                0x0800bd18                __libc_init_array
 .text.memset   0x0800bd60       0xa4 d:/gcc-arm-none-eabi-10.3-2021.10/bin/../lib/gcc/arm-none-eabi/10.3.1/../../../../arm-none-eabi/lib/thumb/v7e-m+fp/hard\libg.a(lib_a-memset.o)
                0x0800bd60                memset
 .text.raise    0x0800be04       0x5c d:/gcc-arm-none-eabi-10.3-2021.10/bin/../lib/gcc/arm-none-eabi/10.3.1/../../../../arm-none-eabi/lib/thumb/v7e-m+fp/hard\libg.a(lib_a-signal.o)
                0x0800be04                raise
 .text._kill_r  0x0800be60       0x2c d:/gcc-arm-none-eabi-10.3-2021.10/bin/../lib/gcc/arm-none-eabi/10.3.1/../../../../arm-none-eabi/lib/thumb/v7e-m+fp/hard\libg.a(lib_a-signalr.o)
                0x0800be60                _kill_r
 .text._getpid_r
                0x0800be8c        0x4 d:/gcc-arm-none-eabi-10.3-2021.10/bin/../lib/gcc/arm-none-eabi/10.3.1/../../../../arm-none-eabi/lib/thumb/v7e-m+fp/hard\libg.a(lib_a-signalr.o)
                0x0800be8c                _getpid_r
 .text.startup.register_fini
                0x0800be90       0x14 d:/gcc-arm-none-eabi-10.3-2021.10/bin/../lib/gcc/arm-none-eabi/10.3.1/../../../../arm-none-eabi/lib/thumb/v7e-m+fp/hard\libg.a(lib_a-__call_atexit.o)
 .text.atexit   0x0800bea4        0xc d:/gcc-arm-none-eabi-10.3-2021.10/bin/../lib/gcc/arm-none-eabi/10.3.1/../../../../arm-none-eabi/lib/thumb/v7e-m+fp/hard\libg.a(lib_a-atexit.o)
                0x0800bea4                atexit
 .text.__libc_fini_array
                0x0800beb0       0x2c d:/gcc-arm-none-eabi-10.3-2021.10/bin/../lib/gcc/arm-none-eabi/10.3.1/../../../../arm-none-eabi/lib/thumb/v7e-m+fp/hard\libg.a(lib_a-fini.o)
                0x0800beb0                __libc_fini_array
 .text.__retarget_lock_acquire_recursive
                0x0800bedc        0x4 d:/gcc-arm-none-eabi-10.3-2021.10/bin/../lib/gcc/arm-none-eabi/10.3.1/../../../../arm-none-eabi/lib/thumb/v7e-m+fp/hard\libg.a(lib_a-lock.o)
                0x0800bedc                __retarget_lock_acquire_recursive
 .text.__retarget_lock_release_recursive
                0x0800bee0        0x4 d:/gcc-arm-none-eabi-10.3-2021.10/bin/../lib/gcc/arm-none-eabi/10.3.1/../../../../arm-none-eabi/lib/thumb/v7e-m+fp/hard\libg.a(lib_a-lock.o)
                0x0800bee0                __retarget_lock_release_recursive
 .text.__register_exitproc
                0x0800bee4       0x8c d:/gcc-arm-none-eabi-10.3-2021.10/bin/../lib/gcc/arm-none-eabi/10.3.1/../../../../arm-none-eabi/lib/thumb/v7e-m+fp/hard\libg.a(lib_a-__atexit.o)
                0x0800bee4                __register_exitproc
 *(.glue_7)
 .glue_7        0x0800bf70        0x0 linker stubs
 *(.glue_7t)
 .glue_7t       0x0800bf70        0x0 linker stubs
 *(.eh_frame)
 .eh_frame      0x0800bf70        0x0 d:/gcc-arm-none-eabi-10.3-2021.10/bin/../lib/gcc/arm-none-eabi/10.3.1/thumb/v7e-m+fp/hard/crtbegin.o
 *(.init)
 .init          0x0800bf70        0x4 d:/gcc-arm-none-eabi-10.3-2021.10/bin/../lib/gcc/arm-none-eabi/10.3.1/thumb/v7e-m+fp/hard/crti.o
                0x0800bf70                _init
 .init          0x0800bf74        0x8 d:/gcc-arm-none-eabi-10.3-2021.10/bin/../lib/gcc/arm-none-eabi/10.3.1/thumb/v7e-m+fp/hard/crtn.o
 *(.fini)
 .fini          0x0800bf7c        0x4 d:/gcc-arm-none-eabi-10.3-2021.10/bin/../lib/gcc/arm-none-eabi/10.3.1/thumb/v7e-m+fp/hard/crti.o
                0x0800bf7c                _fini
 .fini          0x0800bf80        0x8 d:/gcc-arm-none-eabi-10.3-2021.10/bin/../lib/gcc/arm-none-eabi/10.3.1/thumb/v7e-m+fp/hard/crtn.o
                0x0800bf88                . = ALIGN (0x4)
                0x0800bf88                _etext = .

.vfp11_veneer   0x0800bf88        0x0
 .vfp11_veneer  0x0800bf88        0x0 linker stubs

.v4_bx          0x0800bf88        0x0
 .v4_bx         0x0800bf88        0x0 linker stubs

.iplt           0x0800bf88        0x0
 .iplt          0x0800bf88        0x0 d:/gcc-arm-none-eabi-10.3-2021.10/bin/../lib/gcc/arm-none-eabi/10.3.1/thumb/v7e-m+fp/hard/crtbegin.o

.rodata         0x0800bf88      0x57c
                0x0800bf88                . = ALIGN (0x4)
 *(.rodata)
 .rodata        0x0800bf88       0x1c CMakeFiles/Classis_Board.elf.dir/Src/freertos.c.obj
 *(.rodata*)
 .rodata.Task_start.str1.4
                0x0800bfa4        0xd CMakeFiles/Classis_Board.elf.dir/APP/System_Config.cpp.obj
 *fill*         0x0800bfb1        0x3 
 .rodata.flagBitshiftOffset.0
                0x0800bfb4        0x8 CMakeFiles/Classis_Board.elf.dir/Drivers/STM32F4xx_HAL_Driver/Src/stm32f4xx_hal_dma.c.obj
 .rodata.vTaskStartScheduler.str1.4